******************************************************************************
                  TI ARM Linker PC v18.12.2                    
******************************************************************************
>> Linked Tue Oct 22 16:33:16 2019

OUTPUT FILE NAME:   <ece3849_lab0_jyhuang_rskirschner.out>
ENTRY POINT SYMBOL: "_c_int00_noargs"  address: 00003559


MEMORY CONFIGURATION

         name            origin    length      used     unused   attr    fill
----------------------  --------  ---------  --------  --------  ----  --------
  FLASH                 00000000   00100000  00004232  000fbdce  R  X
  SRAM                  20000000   00040000  00008866  0003779a  RW X


SEGMENT ALLOCATION MAP

run origin  load origin   length   init length attrs members
----------  ----------- ---------- ----------- ----- -------
00000000    00000000    00004238   00004238    r-x
  00000000    00000000    00000208   00000208    r-- .intvecs
  00000208    00000208    00003796   00003796    r-x .text
  000039a0    000039a0    0000085c   0000085c    r-- .const
  00004200    00004200    00000038   00000038    r-- .cinit
20000000    20000000    0000886a   00000000    rw-
  20000000    20000000    0000803c   00000000    rw- .data
  20008040    20008040    00000800   00000000    rw- .stack
  20008840    20008840    0000002a   00000000    rw- .bss


SECTION ALLOCATION MAP

 output                                  attributes/
section   page    origin      length       input sections
--------  ----  ----------  ----------   ----------------
.intvecs   0    00000000    00000208     
                  00000000    00000208     tm4c1294ncpdt_startup_ccs.obj (.intvecs)

.text      0    00000208    00003796     
                  00000208    00000a4e     rtsv7M4_T_le_v4SPD16_eabi.lib : _printfi.c.obj (.text:__TI_printfi)
                  00000c56    00000002                                   : div0.asm.obj (.text)
                  00000c58    0000046a     buttons.obj (.text)
                  000010c2    00000006     driverlib.lib : gpio.obj (.text:GPIOPinRead)
                  000010c8    000003f0     Crystalfontz128x128_ST7735.obj (.text)
                  000014b8    00000270     rtsv7M4_T_le_v4SPD16_eabi.lib : _printfi.c.obj (.text:_pconv_a)
                  00001728    00000256     grlib.lib : string.obj (.text:GrFontGlyphRender)
                  0000197e    00000002     --HOLE-- [fill = 0]
                  00001980    00000204     driverlib.lib : sysctl.obj (.text:SysCtlClockFreqSet)
                  00001b84    000001d0     rtsv7M4_T_le_v4SPD16_eabi.lib : _printfi.c.obj (.text:_pconv_g)
                  00001d54    000001b6                                   : fd_add_t2.asm.obj (.text)
                  00001f0a    00000006     driverlib.lib : gpio.obj (.text:GPIOPinWrite)
                  00001f10    0000018e     main.obj (.text)
                  0000209e    00000002     --HOLE-- [fill = 0]
                  000020a0    0000017e     HAL_EK_TM4C1294XL_Crystalfontz128x128_ST7735.obj (.text)
                  0000221e    00000002     --HOLE-- [fill = 0]
                  00002220    0000013c     rtsv7M4_T_le_v4SPD16_eabi.lib : _printfi.c.obj (.text:_pconv_e)
                  0000235c    00000136                                   : fd_div_t2.asm.obj (.text)
                  00002492    00000130     driverlib.lib : gpio.obj (.text:GPIOPadConfigSet)
                  000025c2    00000002     --HOLE-- [fill = 0]
                  000025c4    00000124     rtsv7M4_T_le_v4SPD16_eabi.lib : _printfi.c.obj (.text:fcvt)
                  000026e8    00000110                                   : s_scalbn.c.obj (.text:scalbn)
                  000027f8    000000fc                                   : fd_mul_t2.asm.obj (.text)
                  000028f4    000000c4     grlib.lib : string.obj (.text:GrDefaultStringRenderer)
                  000029b8    000000b1     rtsv7M4_T_le_v4SPD16_eabi.lib : _printfi.c.obj (.text:_ltostr)
                  00002a69    00000001     --HOLE-- [fill = 0]
                  00002a6a    0000009c                                   : memcpy_t2.asm.obj (.text)
                  00002b06    00000096                                   : ull_div_t2.asm.obj (.text)
                  00002b9c    00000086     grlib.lib : rectangle.obj (.text:GrRectFill)
                  00002c22    00000086     rtsv7M4_T_le_v4SPD16_eabi.lib : fd_cmp_t2.asm.obj (.text:__aeabi_cdcmple)
                  00002ca8    00000086                                   : fd_cmp_t2.asm.obj (.text:__aeabi_cdrcmple)
                  00002d2e    0000007a     driverlib.lib : adc.obj (.text:ADCSequenceStepConfigure)
                  00002da8    0000007a     rtsv7M4_T_le_v4SPD16_eabi.lib : memset_t2.asm.obj (.text)
                  00002e22    0000006e                                   : _printfi.c.obj (.text:_mcpy)
                  00002e90    00000068     grlib.lib : context.obj (.text:GrContextInit)
                  00002ef8    00000068     driverlib.lib : interrupt.obj (.text:IntEnable)
                  00002f60    00000068     rtsv7M4_T_le_v4SPD16_eabi.lib : copy_decompress_lzss.c.obj (.text:decompress:lzss:__TI_decompress_lzss)
                  00002fc8    00000064                                   : s_frexp.c.obj (.text:frexp)
                  0000302c    00000060     driverlib.lib : timer.obj (.text:TimerConfigure)
                  0000308c    0000005a     grlib.lib : string.obj (.text:FontWideGlyphDataGet)
                  000030e6    00000056     rtsv7M4_T_le_v4SPD16_eabi.lib : _printfi.c.obj (.text:_pconv_f)
                  0000313c    00000054                                   : ltoa.c.obj (.text:ltoa)
                  00003190    00000052                                   : _printfi.c.obj (.text:_ecpy)
                  000031e2    00000002     --HOLE-- [fill = 0]
                  000031e4    0000004c                                   : atoi.c.obj (.text:atoi)
                  00003230    0000004c                                   : snprintf.c.obj (.text:snprintf)
                  0000327c    0000004a     grlib.lib : string.obj (.text:UpdateContextCharMapping)
                  000032c6    00000002     --HOLE-- [fill = 0]
                  000032c8    0000004a     sysctl_pll.obj (.text)
                  00003312    00000002     --HOLE-- [fill = 0]
                  00003314    00000048     driverlib.lib : gpio.obj (.text:GPIOPinConfigure)
                  0000335c    00000048                   : sysctl.obj (.text:_SysCtlFrequencyGet)
                  000033a4    00000048     rtsv7M4_T_le_v4SPD16_eabi.lib : fd_toi_t2.asm.obj (.text)
                  000033ec    00000044                                   : autoinit.c.obj (.text:__TI_auto_init_nobinit_nopinit:__TI_auto_init_nobinit_nopinit)
                  00003430    0000003e     driverlib.lib : adc.obj (.text:ADCSequenceConfigure)
                  0000346e    0000003e     rtsv7M4_T_le_v4SPD16_eabi.lib : _printfi.c.obj (.text:_fcpy)
                  000034ac    0000003c     driverlib.lib : ssi.obj (.text:SSIConfigSetExpClk)
                  000034e8    0000003a     grlib.lib : string.obj (.text:FontGlyphDataGet)
                  00003522    00000002     --HOLE-- [fill = 0]
                  00003524    00000034     driverlib.lib : sysctl.obj (.text:SysCtlPeripheralEnable)
                  00003558    00000034     rtsv7M4_T_le_v4SPD16_eabi.lib : boot_cortex_m.c.obj (.text:_c_int00_noargs:_c_int00_noargs)
                  0000358c    00000030                                   : snprintf.c.obj (.text:_outs)
                  000035bc    0000002e     driverlib.lib : adc.obj (.text:ADCIntStatus)
                  000035ea    0000002e     grlib.lib : string.obj (.text:GrStringNextCharGet)
                  00003618    0000002e     rtsv7M4_T_le_v4SPD16_eabi.lib : i_tofd_t2.asm.obj (.text)
                  00003646    0000002a     driverlib.lib : gpio.obj (.text:GPIODirModeSet)
                  00003670    00000026     grlib.lib : string.obj (.text:GrFontInfoGet)
                  00003696    00000002     --HOLE-- [fill = 0]
                  00003698    00000024     driverlib.lib : interrupt.obj (.text:IntPrioritySet)
                  000036bc    00000022     grlib.lib : string.obj (.text:GrFontGlyphDataGet)
                  000036de    0000001e     driverlib.lib : adc.obj (.text:ADCSequenceDataGet)
                  000036fc    0000001e     grlib.lib : string.obj (.text:GrFontCodepageGet)
                  0000371a    00000002     --HOLE-- [fill = 0]
                  0000371c    0000001c     driverlib.lib : sysctl.obj (.text:_SysCtlMemTimingGet)
                  00003738    0000001c     rtsv7M4_T_le_v4SPD16_eabi.lib : copy_zero_init.c.obj (.text:decompress:ZI:__TI_zero_init_nomemset:__TI_zero_init_nomemset)
                  00003754    0000001c                                   : memccpy.c.obj (.text:memccpy)
                  00003770    0000001a                                   : s_copysign.c.obj (.text:copysign)
                  0000378a    00000006     grlib.lib : string.obj (.text:GrContextFontSet)
                  00003790    0000001a     tm4c1294ncpdt_startup_ccs.obj (.text)
                  000037aa    00000018     driverlib.lib : adc.obj (.text:ADCClockConfigSet)
                  000037c2    00000018                   : adc.obj (.text:ADCProcessorTrigger)
                  000037da    00000018                   : gpio.obj (.text:GPIOPinTypeGPIOOutput)
                  000037f2    00000018     rtsv7M4_T_le_v4SPD16_eabi.lib : snprintf.c.obj (.text:_outc)
                  0000380a    00000016     grlib.lib : string.obj (.text:GrStringDraw)
                  00003820    00000016     rtsv7M4_T_le_v4SPD16_eabi.lib : strchr.c.obj (.text:strchr)
                  00003836    00000002     --HOLE-- [fill = 0]
                  00003838    00000014     driverlib.lib : timer.obj (.text:TimerDisable)
                  0000384c    00000014     rtsv7M4_T_le_v4SPD16_eabi.lib : strlen.c.obj (.text:strlen)
                  00003860    00000012     driverlib.lib : gpio.obj (.text:GPIOPinTypeADC)
                  00003872    00000012                   : gpio.obj (.text:GPIOPinTypeGPIOInput)
                  00003884    00000012                   : gpio.obj (.text:GPIOPinTypeSSI)
                  00003896    00000012                   : timer.obj (.text:TimerLoadSet)
                  000038a8    00000012     rtsv7M4_T_le_v4SPD16_eabi.lib : wcslen.c.obj (.text:wcslen)
                  000038ba    00000002     --HOLE-- [fill = 0]
                  000038bc    00000010     driverlib.lib : fpu.obj (.text:FPUEnable)
                  000038cc    00000010                   : fpu.obj (.text:FPULazyStackingEnable)
                  000038dc    00000010                   : interrupt.obj (.text:IntMasterDisable)
                  000038ec    00000010                   : interrupt.obj (.text:IntMasterEnable)
                  000038fc    0000000e                   : adc.obj (.text:ADCSequenceDisable)
                  0000390a    0000000e                   : adc.obj (.text:ADCSequenceEnable)
                  00003918    0000000e                   : timer.obj (.text:TimerEnable)
                  00003926    0000000e     rtsv7M4_T_le_v4SPD16_eabi.lib : copy_decompress_none.c.obj (.text:decompress:none:__TI_decompress_none)
                  00003934    0000000c     driverlib.lib : cpu.obj (.text:CPUcpsid)
                  00003940    0000000c                   : cpu.obj (.text:CPUcpsie)
                  0000394c    0000000a                   : adc.obj (.text:ADCIntClear)
                  00003956    0000000a                   : ssi.obj (.text:SSIDataPut)
                  00003960    0000000a                   : ssi.obj (.text:SSIEnable)
                  0000396a    00000008     grlib.lib : charmap.obj (.text:GrMapISO8859_1_Unicode)
                  00003972    00000008     driverlib.lib : ssi.obj (.text:SSIBusy)
                  0000397a    00000008                   : timer.obj (.text:TimerIntEnable)
                  00003982    00000002     --HOLE-- [fill = 0]
                  00003984    00000008     rtsv7M4_T_le_v4SPD16_eabi.lib : errno.c.obj (.text:__aeabi_errno_addr)
                  0000398c    00000006     driverlib.lib : sysctl.obj (.text:SysCtlDelay)
                  00003992    00000004                   : timer.obj (.text:TimerIntClear)
                  00003996    00000004     rtsv7M4_T_le_v4SPD16_eabi.lib : pre_init.c.obj (.text:_system_pre_init)
                  0000399a    00000004                                   : exit.c.obj (.text:abort:abort)

.const     0    000039a0    0000085c     
                  000039a0    000002f8     grlib.lib : fontfixed6x8.obj (.const:.string:g_pui8FontFixed6x8Data)
                  00003c98    00000120     driverlib.lib : sysctl.obj (.const:g_pppui32XTALtoVCO)
                  00003db8    00000101     rtsv7M4_T_le_v4SPD16_eabi.lib : ctype.c.obj (.const:.string:_ctypes_)
                  00003eb9    00000003     --HOLE-- [fill = 0]
                  00003ebc    000000c8     grlib.lib : fontfixed6x8.obj (.const:g_sFontFixed6x8)
                  00003f84    0000009c     driverlib.lib : interrupt.obj (.const:g_pui32Regs)
                  00004020    00000090                   : gpio.obj (.const:g_pui32GPIOBaseAddrs)
                  000040b0    00000070                   : interrupt.obj (.const)
                  00004120    0000006c                   : sysctl.obj (.const:g_pui32Xtals)
                  0000418c    00000030                   : sysctl.obj (.const:g_sXTALtoMEMTIM)
                  000041bc    00000028     Crystalfontz128x128_ST7735.obj (.const:g_sCrystalfontz128x128)
                  000041e4    00000010     grlib.lib : context.obj (.const)
                  000041f4    00000008     driverlib.lib : sysctl.obj (.const)

.cinit     0    00004200    00000038     
                  00004200    00000014     (.cinit..data.load) [load image, compression = lzss]
                  00004214    0000000c     (__TI_handler_table)
                  00004220    00000008     (.cinit..bss.load) [load image, compression = zero_init]
                  00004228    00000010     (__TI_cinit_table)

.init_array 
*          0    00000000    00000000     UNINITIALIZED

.data      0    20000000    0000803c     UNINITIALIZED
                  20000000    00008000     Crystalfontz128x128_ST7735.obj (.data:Lcd_buffer)
                  20008000    00000024     buttons.obj (.data:count$2)
                  20008024    00000008     buttons.obj (.data:gJoystick)
                  2000802c    00000006     buttons.obj (.data)
                  20008032    00000002     --HOLE--
                  20008034    00000004     main.obj (.data)
                  20008038    00000004     rtsv7M4_T_le_v4SPD16_eabi.lib : errno.c.obj (.data)

.bss       0    20008840    0000002a     UNINITIALIZED
                  20008840    00000014     buttons.obj (.bss:state$1)
                  20008854    00000004     (.common:gADCSamplingRate)
                  20008858    00000004     (.common:gSystemClock)
                  2000885c    00000004     (.common:g_psGrLibDefaults)
                  20008860    00000002     (.common:Lcd_ScreenHeigth)
                  20008862    00000002     (.common:Lcd_ScreenWidth)
                  20008864    00000002     (.common:Lcd_TouchTrim)
                  20008866    00000001     (.common:Lcd_FlagRead)
                  20008867    00000001     (.common:Lcd_FontSolid)
                  20008868    00000001     (.common:Lcd_Orientation)
                  20008869    00000001     (.common:Lcd_PenSolid)

.stack     0    20008040    00000800     UNINITIALIZED
                  20008040    00000004     rtsv7M4_T_le_v4SPD16_eabi.lib : boot_cortex_m.c.obj (.stack)
                  20008044    000007fc     --HOLE--

MODULE SUMMARY

       Module                                             code    ro data   rw data
       ------                                             ----    -------   -------
    .\
       Crystalfontz128x128_ST7735.obj                     1008    40        32778  
       buttons.obj                                        1130    0         74     
       tm4c1294ncpdt_startup_ccs.obj                      26      520       0      
       main.obj                                           398     0         8      
       HAL_EK_TM4C1294XL_Crystalfontz128x128_ST7735.obj   382     0         0      
       sysctl_pll.obj                                     74      0         0      
    +--+--------------------------------------------------+-------+---------+---------+
       Total:                                             3018    560       32860  
                                                                                   
    C:/ti/tirtos_tivac_2_16_00_08/products/TivaWare_C_Series-2.1.1.71b/driverlib/ccs/Debug/driverlib.lib
       sysctl.obj                                         674     452       0      
       gpio.obj                                           508     144       0      
       interrupt.obj                                      172     268       0      
       adc.obj                                            346     0         0      
       timer.obj                                          160     0         0      
       ssi.obj                                            88      0         0      
       fpu.obj                                            32      0         0      
       cpu.obj                                            24      0         0      
    +--+--------------------------------------------------+-------+---------+---------+
       Total:                                             2004    864       0      
                                                                                   
    C:/ti/tirtos_tivac_2_16_00_08/products/TivaWare_C_Series-2.1.1.71b/grlib/ccs/Debug/grlib.lib
       string.obj                                         1192    0         0      
       fontfixed6x8.obj                                   0       960       0      
       rectangle.obj                                      134     0         0      
       context.obj                                        104     16        4      
       charmap.obj                                        8       0         0      
    +--+--------------------------------------------------+-------+---------+---------+
       Total:                                             1438    976       4      
                                                                                   
    C:\ti\ccs910\ccs\tools\compiler\ti-cgt-arm_18.12.2.LTS\lib\rtsv7M4_T_le_v4SPD16_eabi.lib
       _printfi.c.obj                                     4851    0         0      
       fd_add_t2.asm.obj                                  438     0         0      
       fd_div_t2.asm.obj                                  310     0         0      
       s_scalbn.c.obj                                     272     0         0      
       fd_cmp_t2.asm.obj                                  268     0         0      
       ctype.c.obj                                        0       257       0      
       fd_mul_t2.asm.obj                                  252     0         0      
       memcpy_t2.asm.obj                                  156     0         0      
       ull_div_t2.asm.obj                                 150     0         0      
       snprintf.c.obj                                     148     0         0      
       memset_t2.asm.obj                                  122     0         0      
       copy_decompress_lzss.c.obj                         104     0         0      
       s_frexp.c.obj                                      100     0         0      
       ltoa.c.obj                                         84      0         0      
       atoi.c.obj                                         76      0         0      
       fd_toi_t2.asm.obj                                  72      0         0      
       autoinit.c.obj                                     68      0         0      
       boot_cortex_m.c.obj                                52      0         0      
       i_tofd_t2.asm.obj                                  46      0         0      
       copy_zero_init.c.obj                               28      0         0      
       memccpy.c.obj                                      28      0         0      
       s_copysign.c.obj                                   26      0         0      
       strchr.c.obj                                       22      0         0      
       strlen.c.obj                                       20      0         0      
       wcslen.c.obj                                       18      0         0      
       copy_decompress_none.c.obj                         14      0         0      
       errno.c.obj                                        8       0         4      
       exit.c.obj                                         4       0         0      
       pre_init.c.obj                                     4       0         0      
       div0.asm.obj                                       2       0         0      
    +--+--------------------------------------------------+-------+---------+---------+
       Total:                                             7743    257       4      
                                                                                   
       Stack:                                             0       0         2048   
       Linker Generated:                                  0       56        0      
    +--+--------------------------------------------------+-------+---------+---------+
       Grand Total:                                       14203   2713      34916  


LINKER GENERATED COPY TABLES

__TI_cinit_table @ 00004228 records: 2, size/record: 8, table size: 16
	.data: load addr=00004200, load size=00000014 bytes, run addr=20000000, run size=0000803c bytes, compression=lzss
	.bss: load addr=00004220, load size=00000008 bytes, run addr=20008840, run size=0000002a bytes, compression=zero_init


LINKER GENERATED HANDLER TABLE

__TI_handler_table @ 00004214 records: 3, size/record: 4, table size: 12
	index: 0, handler: __TI_decompress_lzss
	index: 1, handler: __TI_decompress_none
	index: 2, handler: __TI_zero_init


GLOBAL SYMBOLS: SORTED ALPHABETICALLY BY Name 

address   name                              
-------   ----                              
000037ab  ADCClockConfigSet                 
0000394d  ADCIntClear                       
000035bd  ADCIntStatus                      
000037c3  ADCProcessorTrigger               
00003431  ADCSequenceConfigure              
000036df  ADCSequenceDataGet                
000038fd  ADCSequenceDisable                
0000390b  ADCSequenceEnable                 
00002d2f  ADCSequenceStepConfigure          
00000f69  ButtonAutoRepeat                  
00000ef9  ButtonDebounce                    
00000fe9  ButtonISR                         
00000d39  ButtonInit                        
00000c59  ButtonReadJoystick                
0000399b  C$$EXIT                           
00003935  CPUcpsid                          
00003941  CPUcpsie                          
000013f1  Crystalfontz128x128_Init          
00001111  Crystalfontz128x128_SetDrawFrame  
000010c9  Crystalfontz128x128_SetOrientation
000038bd  FPUEnable                         
000038cd  FPULazyStackingEnable             
00003647  GPIODirModeSet                    
00002493  GPIOPadConfigSet                  
00003315  GPIOPinConfigure                  
000010c3  GPIOPinRead                       
00003861  GPIOPinTypeADC                    
00003873  GPIOPinTypeGPIOInput              
000037db  GPIOPinTypeGPIOOutput             
00003885  GPIOPinTypeSSI                    
00001f0b  GPIOPinWrite                      
0000378b  GrContextFontSet                  
00002e91  GrContextInit                     
000028f5  GrDefaultStringRenderer           
000036fd  GrFontCodepageGet                 
000036bd  GrFontGlyphDataGet                
00001729  GrFontGlyphRender                 
00003671  GrFontInfoGet                     
0000396b  GrMapISO8859_1_Unicode            
00002b9d  GrRectFill                        
0000380b  GrStringDraw                      
000035eb  GrStringNextCharGet               
00002191  HAL_LCD_PortInit                  
00002101  HAL_LCD_SpiInit                   
000020b1  HAL_LCD_writeCommand              
000020a1  HAL_LCD_writeData                 
00002ef9  IntEnable                         
000038dd  IntMasterDisable                  
000038ed  IntMasterEnable                   
00003699  IntPrioritySet                    
20008866  Lcd_FlagRead                      
20008867  Lcd_FontSolid                     
20008868  Lcd_Orientation                   
20008869  Lcd_PenSolid                      
20008860  Lcd_ScreenHeigth                  
20008862  Lcd_ScreenWidth                   
20008864  Lcd_TouchTrim                     
20000000  Lcd_buffer                        
00003791  ResetISR                          
00003973  SSIBusy                           
000034ad  SSIConfigSetExpClk                
00003957  SSIDataPut                        
00003961  SSIEnable                         
00001981  SysCtlClockFreqSet                
0000398d  SysCtlDelay                       
000032c9  SysCtlFrequencyGet                
00003525  SysCtlPeripheralEnable            
0000302d  TimerConfigure                    
00003839  TimerDisable                      
00003919  TimerEnable                       
00003993  TimerIntClear                     
0000397b  TimerIntEnable                    
00003897  TimerLoadSet                      
20008840  __STACK_END                       
00000800  __STACK_SIZE                      
20008240  __STACK_TOP                       
00004228  __TI_CINIT_Base                   
00004238  __TI_CINIT_Limit                  
00004214  __TI_Handler_Table_Base           
00004220  __TI_Handler_Table_Limit          
000033ed  __TI_auto_init_nobinit_nopinit    
00002f61  __TI_decompress_lzss              
00003927  __TI_decompress_none              
ffffffff  __TI_pprof_out_hndl               
00000209  __TI_printfi                      
ffffffff  __TI_prof_data_size               
ffffffff  __TI_prof_data_start              
00000000  __TI_static_base__                
00003739  __TI_zero_init_nomemset           
00002c23  __aeabi_cdcmpeq                   
00002c23  __aeabi_cdcmple                   
00002ca9  __aeabi_cdrcmple                  
000033a5  __aeabi_d2iz                      
00001d5f  __aeabi_dadd                      
0000235d  __aeabi_ddiv                      
000027f9  __aeabi_dmul                      
00001d55  __aeabi_dsub                      
00003985  __aeabi_errno_addr                
00003619  __aeabi_i2d                       
00000c57  __aeabi_idiv0                     
00000c57  __aeabi_ldiv0                     
00002da9  __aeabi_memclr                    
00002da9  __aeabi_memclr4                   
00002da9  __aeabi_memclr8                   
00002a6b  __aeabi_memcpy                    
00002a6b  __aeabi_memcpy4                   
00002a6b  __aeabi_memcpy8                   
00002dab  __aeabi_memset                    
00002dab  __aeabi_memset4                   
00002dab  __aeabi_memset8                   
00002b07  __aeabi_uldivmod                  
ffffffff  __binit__                         
ffffffff  __c_args__                        
UNDEFED   __mpu_init                        
20008040  __stack                           
00003559  _c_int00_noargs                   
00003db8  _ctypes_                          
UNDEFED   _system_post_cinit                
00003997  _system_pre_init                  
0000399b  abort                             
000031e5  atoi                              
ffffffff  binit                             
00003771  copysign                          
00003771  copysignl                         
20008038  errno                             
00002fc9  frexp                             
00002fc9  frexpl                            
20008854  gADCSamplingRate                  
2000802c  gButtons                          
20008024  gJoystick                         
20008858  gSystemClock                      
20008034  gTime                             
00000000  g_pfnVectors                      
000041e4  g_psDefaultCodePointMapTable      
000041bc  g_sCrystalfontz128x128            
00003ebc  g_sFontFixed6x8                   
000026e9  ldexp                             
000026e9  ldexpl                            
0000313d  ltoa                              
00001f11  main                              
00003755  memccpy                           
00002a6b  memcpy                            
00002db1  memset                            
000026e9  scalbn                            
000026e9  scalbnl                           
00003231  snprintf                          
00003821  strchr                            
0000384d  strlen                            
000038a9  wcslen                            


GLOBAL SYMBOLS: SORTED BY Symbol Address 

address   name                              
-------   ----                              
00000000  __TI_static_base__                
00000000  g_pfnVectors                      
00000209  __TI_printfi                      
00000800  __STACK_SIZE                      
00000c57  __aeabi_idiv0                     
00000c57  __aeabi_ldiv0                     
00000c59  ButtonReadJoystick                
00000d39  ButtonInit                        
00000ef9  ButtonDebounce                    
00000f69  ButtonAutoRepeat                  
00000fe9  ButtonISR                         
000010c3  GPIOPinRead                       
000010c9  Crystalfontz128x128_SetOrientation
00001111  Crystalfontz128x128_SetDrawFrame  
000013f1  Crystalfontz128x128_Init          
00001729  GrFontGlyphRender                 
00001981  SysCtlClockFreqSet                
00001d55  __aeabi_dsub                      
00001d5f  __aeabi_dadd                      
00001f0b  GPIOPinWrite                      
00001f11  main                              
000020a1  HAL_LCD_writeData                 
000020b1  HAL_LCD_writeCommand              
00002101  HAL_LCD_SpiInit                   
00002191  HAL_LCD_PortInit                  
0000235d  __aeabi_ddiv                      
00002493  GPIOPadConfigSet                  
000026e9  ldexp                             
000026e9  ldexpl                            
000026e9  scalbn                            
000026e9  scalbnl                           
000027f9  __aeabi_dmul                      
000028f5  GrDefaultStringRenderer           
00002a6b  __aeabi_memcpy                    
00002a6b  __aeabi_memcpy4                   
00002a6b  __aeabi_memcpy8                   
00002a6b  memcpy                            
00002b07  __aeabi_uldivmod                  
00002b9d  GrRectFill                        
00002c23  __aeabi_cdcmpeq                   
00002c23  __aeabi_cdcmple                   
00002ca9  __aeabi_cdrcmple                  
00002d2f  ADCSequenceStepConfigure          
00002da9  __aeabi_memclr                    
00002da9  __aeabi_memclr4                   
00002da9  __aeabi_memclr8                   
00002dab  __aeabi_memset                    
00002dab  __aeabi_memset4                   
00002dab  __aeabi_memset8                   
00002db1  memset                            
00002e91  GrContextInit                     
00002ef9  IntEnable                         
00002f61  __TI_decompress_lzss              
00002fc9  frexp                             
00002fc9  frexpl                            
0000302d  TimerConfigure                    
0000313d  ltoa                              
000031e5  atoi                              
00003231  snprintf                          
000032c9  SysCtlFrequencyGet                
00003315  GPIOPinConfigure                  
000033a5  __aeabi_d2iz                      
000033ed  __TI_auto_init_nobinit_nopinit    
00003431  ADCSequenceConfigure              
000034ad  SSIConfigSetExpClk                
00003525  SysCtlPeripheralEnable            
00003559  _c_int00_noargs                   
000035bd  ADCIntStatus                      
000035eb  GrStringNextCharGet               
00003619  __aeabi_i2d                       
00003647  GPIODirModeSet                    
00003671  GrFontInfoGet                     
00003699  IntPrioritySet                    
000036bd  GrFontGlyphDataGet                
000036df  ADCSequenceDataGet                
000036fd  GrFontCodepageGet                 
00003739  __TI_zero_init_nomemset           
00003755  memccpy                           
00003771  copysign                          
00003771  copysignl                         
0000378b  GrContextFontSet                  
00003791  ResetISR                          
000037ab  ADCClockConfigSet                 
000037c3  ADCProcessorTrigger               
000037db  GPIOPinTypeGPIOOutput             
0000380b  GrStringDraw                      
00003821  strchr                            
00003839  TimerDisable                      
0000384d  strlen                            
00003861  GPIOPinTypeADC                    
00003873  GPIOPinTypeGPIOInput              
00003885  GPIOPinTypeSSI                    
00003897  TimerLoadSet                      
000038a9  wcslen                            
000038bd  FPUEnable                         
000038cd  FPULazyStackingEnable             
000038dd  IntMasterDisable                  
000038ed  IntMasterEnable                   
000038fd  ADCSequenceDisable                
0000390b  ADCSequenceEnable                 
00003919  TimerEnable                       
00003927  __TI_decompress_none              
00003935  CPUcpsid                          
00003941  CPUcpsie                          
0000394d  ADCIntClear                       
00003957  SSIDataPut                        
00003961  SSIEnable                         
0000396b  GrMapISO8859_1_Unicode            
00003973  SSIBusy                           
0000397b  TimerIntEnable                    
00003985  __aeabi_errno_addr                
0000398d  SysCtlDelay                       
00003993  TimerIntClear                     
00003997  _system_pre_init                  
0000399b  C$$EXIT                           
0000399b  abort                             
00003db8  _ctypes_                          
00003ebc  g_sFontFixed6x8                   
000041bc  g_sCrystalfontz128x128            
000041e4  g_psDefaultCodePointMapTable      
00004214  __TI_Handler_Table_Base           
00004220  __TI_Handler_Table_Limit          
00004228  __TI_CINIT_Base                   
00004238  __TI_CINIT_Limit                  
20000000  Lcd_buffer                        
20008024  gJoystick                         
2000802c  gButtons                          
20008034  gTime                             
20008038  errno                             
20008040  __stack                           
20008240  __STACK_TOP                       
20008840  __STACK_END                       
20008854  gADCSamplingRate                  
20008858  gSystemClock                      
20008860  Lcd_ScreenHeigth                  
20008862  Lcd_ScreenWidth                   
20008864  Lcd_TouchTrim                     
20008866  Lcd_FlagRead                      
20008867  Lcd_FontSolid                     
20008868  Lcd_Orientation                   
20008869  Lcd_PenSolid                      
ffffffff  __TI_pprof_out_hndl               
ffffffff  __TI_prof_data_size               
ffffffff  __TI_prof_data_start              
ffffffff  __binit__                         
ffffffff  __c_args__                        
ffffffff  binit                             
UNDEFED   __mpu_init                        
UNDEFED   _system_post_cinit                

[149 symbols]
