******************************************************************************
                  TI ARM Linker PC v18.12.2                    
******************************************************************************
>> Linked Thu Oct 31 15:45:36 2019

OUTPUT FILE NAME:   <ece3849b19_lab1_jyhuang_rskirschner2.out>
ENTRY POINT SYMBOL: "_c_int00_noargs"  address: 00003a25


MEMORY CONFIGURATION

         name            origin    length      used     unused   attr    fill
----------------------  --------  ---------  --------  --------  ----  --------
  FLASH                 00000000   00100000  000046f8  000fb908  R  X
  SRAM                  20000000   00040000  0000986e  00036792  RW X


SEGMENT ALLOCATION MAP

run origin  load origin   length   init length attrs members
----------  ----------- ---------- ----------- ----- -------
00000000    00000000    000046f8   000046f8    r-x
  00000000    00000000    00000208   00000208    r-- .intvecs
  00000208    00000208    00003c54   00003c54    r-x .text
  00003e5c    00003e5c    0000085c   0000085c    r-- .const
  000046b8    000046b8    00000040   00000040    r-- .cinit
20000000    20000000    00009870   00000000    rw-
  20000000    20000000    00008040   00000000    rw- .data
  20008040    20008040    0000102e   00000000    rw- .bss
  20009070    20009070    00000800   00000000    rw- .stack


SECTION ALLOCATION MAP

 output                                  attributes/
section   page    origin      length       input sections
--------  ----  ----------  ----------   ----------------
.intvecs   0    00000000    00000208     
                  00000000    00000208     tm4c1294ncpdt_startup_ccs.obj (.intvecs)

.text      0    00000208    00003c54     
                  00000208    00000a4e     rtsv7M4_T_le_v4SPD16_eabi.lib : _printfi.c.obj (.text:__TI_printfi)
                  00000c56    00000002                                   : div0.asm.obj (.text)
                  00000c58    0000046a     buttons.obj (.text)
                  000010c2    00000006     driverlib.lib : gpio.obj (.text:GPIOPinRead)
                  000010c8    000003f0     Crystalfontz128x128_ST7735.obj (.text)
                  000014b8    00000270     rtsv7M4_T_le_v4SPD16_eabi.lib : _printfi.c.obj (.text:_pconv_a)
                  00001728    00000256     grlib.lib : string.obj (.text:GrFontGlyphRender)
                  0000197e    00000002     --HOLE-- [fill = 0]
                  00001980    00000204     driverlib.lib : sysctl.obj (.text:SysCtlClockFreqSet)
                  00001b84    000001d0     rtsv7M4_T_le_v4SPD16_eabi.lib : _printfi.c.obj (.text:_pconv_g)
                  00001d54    00000004     driverlib.lib : timer.obj (.text:TimerIntClear)
                  00001d58    000001ca     main.obj (.text)
                  00001f22    00000006     driverlib.lib : gpio.obj (.text:GPIOPinWrite)
                  00001f28    000001c4     sampling.obj (.text)
                  000020ec    000001b6     rtsv7M4_T_le_v4SPD16_eabi.lib : fd_add_t2.asm.obj (.text)
                  000022a2    00000006     grlib.lib : string.obj (.text:GrContextFontSet)
                  000022a8    0000017e     HAL_EK_TM4C1294XL_Crystalfontz128x128_ST7735.obj (.text)
                  00002426    00000146     grlib.lib : circle.obj (.text:GrCircleFill)
                  0000256c    0000013c     rtsv7M4_T_le_v4SPD16_eabi.lib : _printfi.c.obj (.text:_pconv_e)
                  000026a8    00000136                                   : fd_div_t2.asm.obj (.text)
                  000027de    00000130     driverlib.lib : gpio.obj (.text:GPIOPadConfigSet)
                  0000290e    00000002     --HOLE-- [fill = 0]
                  00002910    00000124     rtsv7M4_T_le_v4SPD16_eabi.lib : _printfi.c.obj (.text:fcvt)
                  00002a34    00000110                                   : s_scalbn.c.obj (.text:scalbn)
                  00002b44    000000fc                                   : fd_mul_t2.asm.obj (.text)
                  00002c40    000000c4     grlib.lib : string.obj (.text:GrDefaultStringRenderer)
                  00002d04    000000b1     rtsv7M4_T_le_v4SPD16_eabi.lib : _printfi.c.obj (.text:_ltostr)
                  00002db5    00000001     --HOLE-- [fill = 0]
                  00002db6    0000009c                                   : memcpy_t2.asm.obj (.text)
                  00002e52    00000096                                   : ull_div_t2.asm.obj (.text)
                  00002ee8    00000086     grlib.lib : rectangle.obj (.text:GrRectFill)
                  00002f6e    00000086     rtsv7M4_T_le_v4SPD16_eabi.lib : fd_cmp_t2.asm.obj (.text:__aeabi_cdcmple)
                  00002ff4    00000086                                   : fd_cmp_t2.asm.obj (.text:__aeabi_cdrcmple)
                  0000307a    00000002     --HOLE-- [fill = 0]
                  0000307c    00000080                                   : s_floorf.c.obj (.text:floorf)
                  000030fc    0000007a     driverlib.lib : adc.obj (.text:ADCSequenceStepConfigure)
                  00003176    0000007a     rtsv7M4_T_le_v4SPD16_eabi.lib : memset_t2.asm.obj (.text)
                  000031f0    0000006e                                   : _printfi.c.obj (.text:_mcpy)
                  0000325e    0000006e                                   : s_roundf.c.obj (.text:roundf)
                  000032cc    00000068     grlib.lib : context.obj (.text:GrContextInit)
                  00003334    00000068     driverlib.lib : interrupt.obj (.text:IntEnable)
                  0000339c    00000068     rtsv7M4_T_le_v4SPD16_eabi.lib : copy_decompress_lzss.c.obj (.text:decompress:lzss:__TI_decompress_lzss)
                  00003404    00000064                                   : s_frexp.c.obj (.text:frexp)
                  00003468    00000060     driverlib.lib : timer.obj (.text:TimerConfigure)
                  000034c8    0000005a     grlib.lib : string.obj (.text:FontWideGlyphDataGet)
                  00003522    00000056     rtsv7M4_T_le_v4SPD16_eabi.lib : _printfi.c.obj (.text:_pconv_f)
                  00003578    00000054                                   : ltoa.c.obj (.text:ltoa)
                  000035cc    00000052                                   : _printfi.c.obj (.text:_ecpy)
                  0000361e    00000002     --HOLE-- [fill = 0]
                  00003620    0000004c                                   : atoi.c.obj (.text:atoi)
                  0000366c    0000004c                                   : snprintf.c.obj (.text:snprintf)
                  000036b8    0000004a     grlib.lib : string.obj (.text:UpdateContextCharMapping)
                  00003702    00000006     driverlib.lib : sysctl.obj (.text:SysCtlDelay)
                  00003708    0000004a     sysctl_pll.obj (.text)
                  00003752    00000002     --HOLE-- [fill = 0]
                  00003754    00000048     driverlib.lib : gpio.obj (.text:GPIOPinConfigure)
                  0000379c    00000048                   : sysctl.obj (.text:_SysCtlFrequencyGet)
                  000037e4    00000048     rtsv7M4_T_le_v4SPD16_eabi.lib : fd_toi_t2.asm.obj (.text)
                  0000382c    00000046     grlib.lib : line.obj (.text:GrLineDrawH)
                  00003872    00000046               : line.obj (.text:GrLineDrawV)
                  000038b8    00000044     rtsv7M4_T_le_v4SPD16_eabi.lib : autoinit.c.obj (.text:__TI_auto_init_nobinit_nopinit:__TI_auto_init_nobinit_nopinit)
                  000038fc    0000003e     driverlib.lib : adc.obj (.text:ADCSequenceConfigure)
                  0000393a    0000003e     rtsv7M4_T_le_v4SPD16_eabi.lib : _printfi.c.obj (.text:_fcpy)
                  00003978    0000003c     driverlib.lib : ssi.obj (.text:SSIConfigSetExpClk)
                  000039b4    0000003a     grlib.lib : string.obj (.text:FontGlyphDataGet)
                  000039ee    00000002     --HOLE-- [fill = 0]
                  000039f0    00000034     driverlib.lib : sysctl.obj (.text:SysCtlPeripheralEnable)
                  00003a24    00000034     rtsv7M4_T_le_v4SPD16_eabi.lib : boot_cortex_m.c.obj (.text:_c_int00_noargs:_c_int00_noargs)
                  00003a58    00000030                                   : snprintf.c.obj (.text:_outs)
                  00003a88    0000002e     driverlib.lib : adc.obj (.text:ADCIntStatus)
                  00003ab6    0000002e     grlib.lib : string.obj (.text:GrStringNextCharGet)
                  00003ae4    0000002e     rtsv7M4_T_le_v4SPD16_eabi.lib : i_tofd_t2.asm.obj (.text)
                  00003b12    0000002a     driverlib.lib : gpio.obj (.text:GPIODirModeSet)
                  00003b3c    00000026     grlib.lib : string.obj (.text:GrFontInfoGet)
                  00003b62    00000002     --HOLE-- [fill = 0]
                  00003b64    00000024     driverlib.lib : interrupt.obj (.text:IntPrioritySet)
                  00003b88    00000022     grlib.lib : string.obj (.text:GrFontGlyphDataGet)
                  00003baa    0000001e     driverlib.lib : adc.obj (.text:ADCSequenceDataGet)
                  00003bc8    0000001e     grlib.lib : string.obj (.text:GrFontCodepageGet)
                  00003be6    00000002     --HOLE-- [fill = 0]
                  00003be8    0000001c     driverlib.lib : sysctl.obj (.text:_SysCtlMemTimingGet)
                  00003c04    0000001c     rtsv7M4_T_le_v4SPD16_eabi.lib : memccpy.c.obj (.text:memccpy)
                  00003c20    0000001a                                   : s_copysign.c.obj (.text:copysign)
                  00003c3a    00000004                                   : pre_init.c.obj (.text:_system_pre_init)
                  00003c3e    00000002     --HOLE-- [fill = 0]
                  00003c40    0000001a     tm4c1294ncpdt_startup_ccs.obj (.text)
                  00003c5a    00000018     driverlib.lib : adc.obj (.text:ADCClockConfigSet)
                  00003c72    00000018                   : adc.obj (.text:ADCProcessorTrigger)
                  00003c8a    00000018                   : gpio.obj (.text:GPIOPinTypeGPIOOutput)
                  00003ca2    00000018     rtsv7M4_T_le_v4SPD16_eabi.lib : snprintf.c.obj (.text:_outc)
                  00003cba    00000016     grlib.lib : string.obj (.text:GrStringDraw)
                  00003cd0    00000016     rtsv7M4_T_le_v4SPD16_eabi.lib : strchr.c.obj (.text:strchr)
                  00003ce6    00000002     --HOLE-- [fill = 0]
                  00003ce8    00000014     driverlib.lib : timer.obj (.text:TimerDisable)
                  00003cfc    00000014     rtsv7M4_T_le_v4SPD16_eabi.lib : strlen.c.obj (.text:strlen)
                  00003d10    00000012     driverlib.lib : gpio.obj (.text:GPIOPinTypeADC)
                  00003d22    00000012                   : gpio.obj (.text:GPIOPinTypeGPIOInput)
                  00003d34    00000012                   : gpio.obj (.text:GPIOPinTypeSSI)
                  00003d46    00000012                   : timer.obj (.text:TimerLoadSet)
                  00003d58    00000012     rtsv7M4_T_le_v4SPD16_eabi.lib : wcslen.c.obj (.text:wcslen)
                  00003d6a    00000010     driverlib.lib : adc.obj (.text:ADCIntEnable)
                  00003d7a    00000002     --HOLE-- [fill = 0]
                  00003d7c    00000010                   : fpu.obj (.text:FPUEnable)
                  00003d8c    00000010                   : fpu.obj (.text:FPULazyStackingEnable)
                  00003d9c    00000010                   : interrupt.obj (.text:IntMasterDisable)
                  00003dac    00000010                   : interrupt.obj (.text:IntMasterEnable)
                  00003dbc    0000000e                   : adc.obj (.text:ADCSequenceDisable)
                  00003dca    0000000e                   : adc.obj (.text:ADCSequenceEnable)
                  00003dd8    0000000e                   : timer.obj (.text:TimerEnable)
                  00003de6    0000000e     rtsv7M4_T_le_v4SPD16_eabi.lib : copy_decompress_none.c.obj (.text:decompress:none:__TI_decompress_none)
                  00003df4    0000000c     driverlib.lib : cpu.obj (.text:CPUcpsid)
                  00003e00    0000000c                   : cpu.obj (.text:CPUcpsie)
                  00003e0c    0000000c     rtsv7M4_T_le_v4SPD16_eabi.lib : copy_zero_init.c.obj (.text:decompress:ZI:__TI_zero_init)
                  00003e18    0000000a     driverlib.lib : adc.obj (.text:ADCIntClear)
                  00003e22    0000000a                   : ssi.obj (.text:SSIDataPut)
                  00003e2c    0000000a                   : ssi.obj (.text:SSIEnable)
                  00003e36    00000008     grlib.lib : charmap.obj (.text:GrMapISO8859_1_Unicode)
                  00003e3e    00000008     driverlib.lib : ssi.obj (.text:SSIBusy)
                  00003e46    00000008                   : timer.obj (.text:TimerIntEnable)
                  00003e4e    00000002     --HOLE-- [fill = 0]
                  00003e50    00000008     rtsv7M4_T_le_v4SPD16_eabi.lib : errno.c.obj (.text:__aeabi_errno_addr)
                  00003e58    00000004                                   : exit.c.obj (.text:abort:abort)

.const     0    00003e5c    0000085c     
                  00003e5c    000002f8     grlib.lib : fontfixed6x8.obj (.const:.string:g_pui8FontFixed6x8Data)
                  00004154    00000120     driverlib.lib : sysctl.obj (.const:g_pppui32XTALtoVCO)
                  00004274    00000101     rtsv7M4_T_le_v4SPD16_eabi.lib : ctype.c.obj (.const:.string:_ctypes_)
                  00004375    00000003     --HOLE-- [fill = 0]
                  00004378    000000c8     grlib.lib : fontfixed6x8.obj (.const:g_sFontFixed6x8)
                  00004440    0000009c     driverlib.lib : interrupt.obj (.const:g_pui32Regs)
                  000044dc    00000090                   : gpio.obj (.const:g_pui32GPIOBaseAddrs)
                  0000456c    00000070                   : interrupt.obj (.const)
                  000045dc    0000006c                   : sysctl.obj (.const:g_pui32Xtals)
                  00004648    00000030                   : sysctl.obj (.const:g_sXTALtoMEMTIM)
                  00004678    00000028     Crystalfontz128x128_ST7735.obj (.const:g_sCrystalfontz128x128)
                  000046a0    00000010     grlib.lib : context.obj (.const)
                  000046b0    00000008     driverlib.lib : sysctl.obj (.const)

.cinit     0    000046b8    00000040     
                  000046b8    00000018     (.cinit..data.load) [load image, compression = lzss]
                  000046d0    0000000c     (__TI_handler_table)
                  000046dc    00000004     --HOLE-- [fill = 0]
                  000046e0    00000008     (.cinit..bss.load) [load image, compression = zero_init]
                  000046e8    00000010     (__TI_cinit_table)

.init_array 
*          0    00000000    00000000     UNINITIALIZED

.data      0    20000000    00008040     UNINITIALIZED
                  20000000    00008000     Crystalfontz128x128_ST7735.obj (.data:Lcd_buffer)
                  20008000    00000024     buttons.obj (.data:count$2)
                  20008024    00000008     buttons.obj (.data:gJoystick)
                  2000802c    00000006     buttons.obj (.data)
                  20008032    00000002     --HOLE--
                  20008034    00000004     main.obj (.data)
                  20008038    00000004     rtsv7M4_T_le_v4SPD16_eabi.lib : errno.c.obj (.data)
                  2000803c    00000004     sampling.obj (.data)

.bss       0    20008040    0000102e     UNINITIALIZED
                  20008040    00001000     (.common:gADCBuffer)
                  20009040    00000014     buttons.obj (.bss:state$1)
                  20009054    00000004     (.common:gADCErrors)
                  20009058    00000004     (.common:gADCSamplingRate)
                  2000905c    00000004     (.common:gSystemClock)
                  20009060    00000004     (.common:g_psGrLibDefaults)
                  20009064    00000002     (.common:Lcd_ScreenHeigth)
                  20009066    00000002     (.common:Lcd_ScreenWidth)
                  20009068    00000002     (.common:Lcd_TouchTrim)
                  2000906a    00000001     (.common:Lcd_FlagRead)
                  2000906b    00000001     (.common:Lcd_FontSolid)
                  2000906c    00000001     (.common:Lcd_Orientation)
                  2000906d    00000001     (.common:Lcd_PenSolid)

.stack     0    20009070    00000800     UNINITIALIZED
                  20009070    00000004     rtsv7M4_T_le_v4SPD16_eabi.lib : boot_cortex_m.c.obj (.stack)
                  20009074    000007fc     --HOLE--

MODULE SUMMARY

       Module                                             code    ro data   rw data
       ------                                             ----    -------   -------
    .\
       Crystalfontz128x128_ST7735.obj                     1008    40        32778  
       main.obj                                           458     0         4104   
       buttons.obj                                        1130    0         74     
       tm4c1294ncpdt_startup_ccs.obj                      26      520       0      
       sampling.obj                                       452     0         8      
       HAL_EK_TM4C1294XL_Crystalfontz128x128_ST7735.obj   382     0         0      
       sysctl_pll.obj                                     74      0         0      
    +--+--------------------------------------------------+-------+---------+---------+
       Total:                                             3530    560       36964  
                                                                                   
    C:/ti/tirtos_tivac_2_16_00_08/products/TivaWare_C_Series-2.1.1.71b/driverlib/ccs/Debug/driverlib.lib
       sysctl.obj                                         674     452       0      
       gpio.obj                                           508     144       0      
       interrupt.obj                                      172     268       0      
       adc.obj                                            362     0         0      
       timer.obj                                          160     0         0      
       ssi.obj                                            88      0         0      
       fpu.obj                                            32      0         0      
       cpu.obj                                            24      0         0      
    +--+--------------------------------------------------+-------+---------+---------+
       Total:                                             2020    864       0      
                                                                                   
    C:/ti/tirtos_tivac_2_16_00_08/products/TivaWare_C_Series-2.1.1.71b/grlib/ccs/Debug/grlib.lib
       string.obj                                         1192    0         0      
       fontfixed6x8.obj                                   0       960       0      
       circle.obj                                         326     0         0      
       line.obj                                           140     0         0      
       rectangle.obj                                      134     0         0      
       context.obj                                        104     16        4      
       charmap.obj                                        8       0         0      
    +--+--------------------------------------------------+-------+---------+---------+
       Total:                                             1904    976       4      
                                                                                   
    C:\ti\ccs910\ccs\tools\compiler\ti-cgt-arm_18.12.2.LTS\lib\rtsv7M4_T_le_v4SPD16_eabi.lib
       _printfi.c.obj                                     4851    0         0      
       fd_add_t2.asm.obj                                  438     0         0      
       fd_div_t2.asm.obj                                  310     0         0      
       s_scalbn.c.obj                                     272     0         0      
       fd_cmp_t2.asm.obj                                  268     0         0      
       ctype.c.obj                                        0       257       0      
       fd_mul_t2.asm.obj                                  252     0         0      
       memcpy_t2.asm.obj                                  156     0         0      
       ull_div_t2.asm.obj                                 150     0         0      
       snprintf.c.obj                                     148     0         0      
       s_floorf.c.obj                                     128     0         0      
       memset_t2.asm.obj                                  122     0         0      
       s_roundf.c.obj                                     110     0         0      
       copy_decompress_lzss.c.obj                         104     0         0      
       s_frexp.c.obj                                      100     0         0      
       ltoa.c.obj                                         84      0         0      
       atoi.c.obj                                         76      0         0      
       fd_toi_t2.asm.obj                                  72      0         0      
       autoinit.c.obj                                     68      0         0      
       boot_cortex_m.c.obj                                52      0         0      
       i_tofd_t2.asm.obj                                  46      0         0      
       memccpy.c.obj                                      28      0         0      
       s_copysign.c.obj                                   26      0         0      
       strchr.c.obj                                       22      0         0      
       strlen.c.obj                                       20      0         0      
       wcslen.c.obj                                       18      0         0      
       copy_decompress_none.c.obj                         14      0         0      
       copy_zero_init.c.obj                               12      0         0      
       errno.c.obj                                        8       0         4      
       exit.c.obj                                         4       0         0      
       pre_init.c.obj                                     4       0         0      
       div0.asm.obj                                       2       0         0      
    +--+--------------------------------------------------+-------+---------+---------+
       Total:                                             7965    257       4      
                                                                                   
       Stack:                                             0       0         2048   
       Linker Generated:                                  0       60        0      
    +--+--------------------------------------------------+-------+---------+---------+
       Grand Total:                                       15419   2717      39020  


LINKER GENERATED COPY TABLES

__TI_cinit_table @ 000046e8 records: 2, size/record: 8, table size: 16
	.data: load addr=000046b8, load size=00000018 bytes, run addr=20000000, run size=00008040 bytes, compression=lzss
	.bss: load addr=000046e0, load size=00000008 bytes, run addr=20008040, run size=0000102e bytes, compression=zero_init


LINKER GENERATED HANDLER TABLE

__TI_handler_table @ 000046d0 records: 3, size/record: 4, table size: 12
	index: 0, handler: __TI_decompress_lzss
	index: 1, handler: __TI_decompress_none
	index: 2, handler: __TI_zero_init


GLOBAL SYMBOLS: SORTED ALPHABETICALLY BY Name 

address   name                              
-------   ----                              
00002039  ADC1_Init                         
00003c5b  ADCClockConfigSet                 
00003e19  ADCIntClear                       
00003d6b  ADCIntEnable                      
00003a89  ADCIntStatus                      
00003c73  ADCProcessorTrigger               
000038fd  ADCSequenceConfigure              
00003bab  ADCSequenceDataGet                
00003dbd  ADCSequenceDisable                
00003dcb  ADCSequenceEnable                 
000030fd  ADCSequenceStepConfigure          
00001fe1  ADC_ISR                           
00000f69  ButtonAutoRepeat                  
00000ef9  ButtonDebounce                    
00000fe9  ButtonISR                         
00000d39  ButtonInit                        
00000c59  ButtonReadJoystick                
00003e59  C$$EXIT                           
00003df5  CPUcpsid                          
00003e01  CPUcpsie                          
000013f1  Crystalfontz128x128_Init          
00001111  Crystalfontz128x128_SetDrawFrame  
000010c9  Crystalfontz128x128_SetOrientation
00003d7d  FPUEnable                         
00003d8d  FPULazyStackingEnable             
00003b13  GPIODirModeSet                    
000027df  GPIOPadConfigSet                  
00003755  GPIOPinConfigure                  
000010c3  GPIOPinRead                       
00003d11  GPIOPinTypeADC                    
00003d23  GPIOPinTypeGPIOInput              
00003c8b  GPIOPinTypeGPIOOutput             
00003d35  GPIOPinTypeSSI                    
00001f23  GPIOPinWrite                      
00002427  GrCircleFill                      
000022a3  GrContextFontSet                  
000032cd  GrContextInit                     
00002c41  GrDefaultStringRenderer           
00003bc9  GrFontCodepageGet                 
00003b89  GrFontGlyphDataGet                
00001729  GrFontGlyphRender                 
00003b3d  GrFontInfoGet                     
0000382d  GrLineDrawH                       
00003873  GrLineDrawV                       
00003e37  GrMapISO8859_1_Unicode            
00002ee9  GrRectFill                        
00003cbb  GrStringDraw                      
00003ab7  GrStringNextCharGet               
00002399  HAL_LCD_PortInit                  
00002309  HAL_LCD_SpiInit                   
000022b9  HAL_LCD_writeCommand              
000022a9  HAL_LCD_writeData                 
00003335  IntEnable                         
00003d9d  IntMasterDisable                  
00003dad  IntMasterEnable                   
00003b65  IntPrioritySet                    
2000906a  Lcd_FlagRead                      
2000906b  Lcd_FontSolid                     
2000906c  Lcd_Orientation                   
2000906d  Lcd_PenSolid                      
20009064  Lcd_ScreenHeigth                  
20009066  Lcd_ScreenWidth                   
20009068  Lcd_TouchTrim                     
20000000  Lcd_buffer                        
00003c41  ResetISR                          
00003e3f  SSIBusy                           
00003979  SSIConfigSetExpClk                
00003e23  SSIDataPut                        
00003e2d  SSIEnable                         
00001981  SysCtlClockFreqSet                
00003703  SysCtlDelay                       
00003709  SysCtlFrequencyGet                
000039f1  SysCtlPeripheralEnable            
00003469  TimerConfigure                    
00003ce9  TimerDisable                      
00003dd9  TimerEnable                       
00001d55  TimerIntClear                     
00003e47  TimerIntEnable                    
00003d47  TimerLoadSet                      
20009870  __STACK_END                       
00000800  __STACK_SIZE                      
20009270  __STACK_TOP                       
000046e8  __TI_CINIT_Base                   
000046f8  __TI_CINIT_Limit                  
000046d0  __TI_Handler_Table_Base           
000046dc  __TI_Handler_Table_Limit          
000038b9  __TI_auto_init_nobinit_nopinit    
0000339d  __TI_decompress_lzss              
00003de7  __TI_decompress_none              
ffffffff  __TI_pprof_out_hndl               
00000209  __TI_printfi                      
ffffffff  __TI_prof_data_size               
ffffffff  __TI_prof_data_start              
00000000  __TI_static_base__                
00003e0d  __TI_zero_init                    
00002f6f  __aeabi_cdcmpeq                   
00002f6f  __aeabi_cdcmple                   
00002ff5  __aeabi_cdrcmple                  
000037e5  __aeabi_d2iz                      
000020f7  __aeabi_dadd                      
000026a9  __aeabi_ddiv                      
00002b45  __aeabi_dmul                      
000020ed  __aeabi_dsub                      
00003e51  __aeabi_errno_addr                
00003ae5  __aeabi_i2d                       
00000c57  __aeabi_idiv0                     
00000c57  __aeabi_ldiv0                     
00003177  __aeabi_memclr                    
00003177  __aeabi_memclr4                   
00003177  __aeabi_memclr8                   
00002db7  __aeabi_memcpy                    
00002db7  __aeabi_memcpy4                   
00002db7  __aeabi_memcpy8                   
00003179  __aeabi_memset                    
00003179  __aeabi_memset4                   
00003179  __aeabi_memset8                   
00002e53  __aeabi_uldivmod                  
ffffffff  __binit__                         
ffffffff  __c_args__                        
UNDEFED   __mpu_init                        
20009070  __stack                           
00003a25  _c_int00_noargs                   
00004274  _ctypes_                          
UNDEFED   _system_post_cinit                
00003c3b  _system_pre_init                  
00003e59  abort                             
00003621  atoi                              
ffffffff  binit                             
00003c21  copysign                          
00003c21  copysignl                         
20008038  errno                             
0000307d  floorf                            
00003405  frexp                             
00003405  frexpl                            
20008040  gADCBuffer                        
2000803c  gADCBufferIndex                   
20009054  gADCErrors                        
20009058  gADCSamplingRate                  
2000802c  gButtons                          
20008024  gJoystick                         
2000905c  gSystemClock                      
20008034  gTime                             
00000000  g_pfnVectors                      
000046a0  g_psDefaultCodePointMapTable      
00004678  g_sCrystalfontz128x128            
00004378  g_sFontFixed6x8                   
00001f69  getTriggerIndex                   
00002a35  ldexp                             
00002a35  ldexpl                            
00003579  ltoa                              
00001d59  main                              
00003c05  memccpy                           
00002db7  memcpy                            
0000317f  memset                            
0000325f  roundf                            
00002a35  scalbn                            
00002a35  scalbnl                           
0000366d  snprintf                          
00003cd1  strchr                            
00003cfd  strlen                            
00001f29  voltageScale                      
00003d59  wcslen                            


GLOBAL SYMBOLS: SORTED BY Symbol Address 

address   name                              
-------   ----                              
00000000  __TI_static_base__                
00000000  g_pfnVectors                      
00000209  __TI_printfi                      
00000800  __STACK_SIZE                      
00000c57  __aeabi_idiv0                     
00000c57  __aeabi_ldiv0                     
00000c59  ButtonReadJoystick                
00000d39  ButtonInit                        
00000ef9  ButtonDebounce                    
00000f69  ButtonAutoRepeat                  
00000fe9  ButtonISR                         
000010c3  GPIOPinRead                       
000010c9  Crystalfontz128x128_SetOrientation
00001111  Crystalfontz128x128_SetDrawFrame  
000013f1  Crystalfontz128x128_Init          
00001729  GrFontGlyphRender                 
00001981  SysCtlClockFreqSet                
00001d55  TimerIntClear                     
00001d59  main                              
00001f23  GPIOPinWrite                      
00001f29  voltageScale                      
00001f69  getTriggerIndex                   
00001fe1  ADC_ISR                           
00002039  ADC1_Init                         
000020ed  __aeabi_dsub                      
000020f7  __aeabi_dadd                      
000022a3  GrContextFontSet                  
000022a9  HAL_LCD_writeData                 
000022b9  HAL_LCD_writeCommand              
00002309  HAL_LCD_SpiInit                   
00002399  HAL_LCD_PortInit                  
00002427  GrCircleFill                      
000026a9  __aeabi_ddiv                      
000027df  GPIOPadConfigSet                  
00002a35  ldexp                             
00002a35  ldexpl                            
00002a35  scalbn                            
00002a35  scalbnl                           
00002b45  __aeabi_dmul                      
00002c41  GrDefaultStringRenderer           
00002db7  __aeabi_memcpy                    
00002db7  __aeabi_memcpy4                   
00002db7  __aeabi_memcpy8                   
00002db7  memcpy                            
00002e53  __aeabi_uldivmod                  
00002ee9  GrRectFill                        
00002f6f  __aeabi_cdcmpeq                   
00002f6f  __aeabi_cdcmple                   
00002ff5  __aeabi_cdrcmple                  
0000307d  floorf                            
000030fd  ADCSequenceStepConfigure          
00003177  __aeabi_memclr                    
00003177  __aeabi_memclr4                   
00003177  __aeabi_memclr8                   
00003179  __aeabi_memset                    
00003179  __aeabi_memset4                   
00003179  __aeabi_memset8                   
0000317f  memset                            
0000325f  roundf                            
000032cd  GrContextInit                     
00003335  IntEnable                         
0000339d  __TI_decompress_lzss              
00003405  frexp                             
00003405  frexpl                            
00003469  TimerConfigure                    
00003579  ltoa                              
00003621  atoi                              
0000366d  snprintf                          
00003703  SysCtlDelay                       
00003709  SysCtlFrequencyGet                
00003755  GPIOPinConfigure                  
000037e5  __aeabi_d2iz                      
0000382d  GrLineDrawH                       
00003873  GrLineDrawV                       
000038b9  __TI_auto_init_nobinit_nopinit    
000038fd  ADCSequenceConfigure              
00003979  SSIConfigSetExpClk                
000039f1  SysCtlPeripheralEnable            
00003a25  _c_int00_noargs                   
00003a89  ADCIntStatus                      
00003ab7  GrStringNextCharGet               
00003ae5  __aeabi_i2d                       
00003b13  GPIODirModeSet                    
00003b3d  GrFontInfoGet                     
00003b65  IntPrioritySet                    
00003b89  GrFontGlyphDataGet                
00003bab  ADCSequenceDataGet                
00003bc9  GrFontCodepageGet                 
00003c05  memccpy                           
00003c21  copysign                          
00003c21  copysignl                         
00003c3b  _system_pre_init                  
00003c41  ResetISR                          
00003c5b  ADCClockConfigSet                 
00003c73  ADCProcessorTrigger               
00003c8b  GPIOPinTypeGPIOOutput             
00003cbb  GrStringDraw                      
00003cd1  strchr                            
00003ce9  TimerDisable                      
00003cfd  strlen                            
00003d11  GPIOPinTypeADC                    
00003d23  GPIOPinTypeGPIOInput              
00003d35  GPIOPinTypeSSI                    
00003d47  TimerLoadSet                      
00003d59  wcslen                            
00003d6b  ADCIntEnable                      
00003d7d  FPUEnable                         
00003d8d  FPULazyStackingEnable             
00003d9d  IntMasterDisable                  
00003dad  IntMasterEnable                   
00003dbd  ADCSequenceDisable                
00003dcb  ADCSequenceEnable                 
00003dd9  TimerEnable                       
00003de7  __TI_decompress_none              
00003df5  CPUcpsid                          
00003e01  CPUcpsie                          
00003e0d  __TI_zero_init                    
00003e19  ADCIntClear                       
00003e23  SSIDataPut                        
00003e2d  SSIEnable                         
00003e37  GrMapISO8859_1_Unicode            
00003e3f  SSIBusy                           
00003e47  TimerIntEnable                    
00003e51  __aeabi_errno_addr                
00003e59  C$$EXIT                           
00003e59  abort                             
00004274  _ctypes_                          
00004378  g_sFontFixed6x8                   
00004678  g_sCrystalfontz128x128            
000046a0  g_psDefaultCodePointMapTable      
000046d0  __TI_Handler_Table_Base           
000046dc  __TI_Handler_Table_Limit          
000046e8  __TI_CINIT_Base                   
000046f8  __TI_CINIT_Limit                  
20000000  Lcd_buffer                        
20008024  gJoystick                         
2000802c  gButtons                          
20008034  gTime                             
20008038  errno                             
2000803c  gADCBufferIndex                   
20008040  gADCBuffer                        
20009054  gADCErrors                        
20009058  gADCSamplingRate                  
2000905c  gSystemClock                      
20009064  Lcd_ScreenHeigth                  
20009066  Lcd_ScreenWidth                   
20009068  Lcd_TouchTrim                     
2000906a  Lcd_FlagRead                      
2000906b  Lcd_FontSolid                     
2000906c  Lcd_Orientation                   
2000906d  Lcd_PenSolid                      
20009070  __stack                           
20009270  __STACK_TOP                       
20009870  __STACK_END                       
ffffffff  __TI_pprof_out_hndl               
ffffffff  __TI_prof_data_size               
ffffffff  __TI_prof_data_start              
ffffffff  __binit__                         
ffffffff  __c_args__                        
ffffffff  binit                             
UNDEFED   __mpu_init                        
UNDEFED   _system_post_cinit                

[162 symbols]
