******************************************************************************
                  TI ARM Linker PC v18.12.2                    
******************************************************************************
>> Linked Tue Oct 29 16:20:19 2019

OUTPUT FILE NAME:   <ece3849b19_lab1_jyhuang_rskirschner2.out>
ENTRY POINT SYMBOL: "_c_int00_noargs"  address: 00001ab1


MEMORY CONFIGURATION

         name            origin    length      used     unused   attr    fill
----------------------  --------  ---------  --------  --------  ----  --------
  FLASH                 00000000   00100000  0000257c  000fda84  R  X
  SRAM                  20000000   00040000  0000986a  00036796  RW X


SEGMENT ALLOCATION MAP

run origin  load origin   length   init length attrs members
----------  ----------- ---------- ----------- ----- -------
00000000    00000000    00002580   00002580    r-x
  00000000    00000000    00000208   00000208    r-- .intvecs
  00000208    00000208    00001bdc   00001bdc    r-x .text
  00001de4    00001de4    00000758   00000758    r-- .const
  00002540    00002540    00000040   00000040    r-- .cinit
20000000    20000000    00009870   00000000    rw-
  20000000    20000000    0000803c   00000000    rw- .data
  2000803c    2000803c    0000102e   00000000    rw- .bss
  20009070    20009070    00000800   00000000    rw- .stack


SECTION ALLOCATION MAP

 output                                  attributes/
section   page    origin      length       input sections
--------  ----  ----------  ----------   ----------------
.intvecs   0    00000000    00000208     
                  00000000    00000208     tm4c1294ncpdt_startup_ccs.obj (.intvecs)

.text      0    00000208    00001bdc     
                  00000208    0000046a     buttons.obj (.text)
                  00000672    00000006     driverlib.lib : gpio.obj (.text:GPIOPinRead)
                  00000678    000003f0     Crystalfontz128x128_ST7735.obj (.text)
                  00000a68    00000256     grlib.lib : string.obj (.text:GrFontGlyphRender)
                  00000cbe    00000002     --HOLE-- [fill = 0]
                  00000cc0    00000204     driverlib.lib : sysctl.obj (.text:SysCtlClockFreqSet)
                  00000ec4    00000004                   : timer.obj (.text:TimerIntClear)
                  00000ec8    0000017e     HAL_EK_TM4C1294XL_Crystalfontz128x128_ST7735.obj (.text)
                  00001046    00000130     driverlib.lib : gpio.obj (.text:GPIOPadConfigSet)
                  00001176    00000002     --HOLE-- [fill = 0]
                  00001178    0000010c     sampling.obj (.text)
                  00001284    00000004     rtsv7M4_T_le_v4SPD16_eabi.lib : pre_init.c.obj (.text:_system_pre_init)
                  00001288    00000104     main.obj (.text)
                  0000138c    000000c4     grlib.lib : string.obj (.text:GrDefaultStringRenderer)
                  00001450    0000009c     rtsv7M4_T_le_v4SPD16_eabi.lib : memcpy_t2.asm.obj (.text)
                  000014ec    00000086     grlib.lib : rectangle.obj (.text:GrRectFill)
                  00001572    0000007a     driverlib.lib : adc.obj (.text:ADCSequenceStepConfigure)
                  000015ec    0000007a     rtsv7M4_T_le_v4SPD16_eabi.lib : memset_t2.asm.obj (.text)
                  00001666    00000002     --HOLE-- [fill = 0]
                  00001668    00000068     grlib.lib : context.obj (.text:GrContextInit)
                  000016d0    00000068     driverlib.lib : interrupt.obj (.text:IntEnable)
                  00001738    00000068     rtsv7M4_T_le_v4SPD16_eabi.lib : copy_decompress_lzss.c.obj (.text:decompress:lzss:__TI_decompress_lzss)
                  000017a0    00000060     driverlib.lib : timer.obj (.text:TimerConfigure)
                  00001800    0000005a     grlib.lib : string.obj (.text:FontWideGlyphDataGet)
                  0000185a    0000004a               : string.obj (.text:UpdateContextCharMapping)
                  000018a4    00000004     rtsv7M4_T_le_v4SPD16_eabi.lib : exit.c.obj (.text:abort:abort)
                  000018a8    0000004a     sysctl_pll.obj (.text)
                  000018f2    00000002     --HOLE-- [fill = 0]
                  000018f4    00000048     driverlib.lib : gpio.obj (.text:GPIOPinConfigure)
                  0000193c    00000048                   : sysctl.obj (.text:_SysCtlFrequencyGet)
                  00001984    00000044     rtsv7M4_T_le_v4SPD16_eabi.lib : autoinit.c.obj (.text:__TI_auto_init_nobinit_nopinit:__TI_auto_init_nobinit_nopinit)
                  000019c8    0000003e     driverlib.lib : adc.obj (.text:ADCSequenceConfigure)
                  00001a06    0000003c                   : ssi.obj (.text:SSIConfigSetExpClk)
                  00001a42    0000003a     grlib.lib : string.obj (.text:FontGlyphDataGet)
                  00001a7c    00000034     driverlib.lib : sysctl.obj (.text:SysCtlPeripheralEnable)
                  00001ab0    00000034     rtsv7M4_T_le_v4SPD16_eabi.lib : boot_cortex_m.c.obj (.text:_c_int00_noargs:_c_int00_noargs)
                  00001ae4    0000002e     driverlib.lib : adc.obj (.text:ADCIntStatus)
                  00001b12    0000002e     grlib.lib : string.obj (.text:GrStringNextCharGet)
                  00001b40    0000002a     driverlib.lib : gpio.obj (.text:GPIODirModeSet)
                  00001b6a    00000026     grlib.lib : string.obj (.text:GrFontInfoGet)
                  00001b90    00000024     driverlib.lib : interrupt.obj (.text:IntPrioritySet)
                  00001bb4    00000022     grlib.lib : string.obj (.text:GrFontGlyphDataGet)
                  00001bd6    0000001e     driverlib.lib : adc.obj (.text:ADCSequenceDataGet)
                  00001bf4    0000001e     grlib.lib : string.obj (.text:GrFontCodepageGet)
                  00001c12    00000002     --HOLE-- [fill = 0]
                  00001c14    0000001c     driverlib.lib : sysctl.obj (.text:_SysCtlMemTimingGet)
                  00001c30    0000001a     tm4c1294ncpdt_startup_ccs.obj (.text)
                  00001c4a    00000018     driverlib.lib : adc.obj (.text:ADCClockConfigSet)
                  00001c62    00000018                   : adc.obj (.text:ADCProcessorTrigger)
                  00001c7a    00000018                   : gpio.obj (.text:GPIOPinTypeGPIOOutput)
                  00001c92    00000002     --HOLE-- [fill = 0]
                  00001c94    00000014                   : timer.obj (.text:TimerDisable)
                  00001ca8    00000012                   : gpio.obj (.text:GPIOPinTypeADC)
                  00001cba    00000012                   : gpio.obj (.text:GPIOPinTypeGPIOInput)
                  00001ccc    00000012                   : gpio.obj (.text:GPIOPinTypeSSI)
                  00001cde    00000012                   : timer.obj (.text:TimerLoadSet)
                  00001cf0    00000010                   : adc.obj (.text:ADCIntEnable)
                  00001d00    00000010                   : fpu.obj (.text:FPUEnable)
                  00001d10    00000010                   : fpu.obj (.text:FPULazyStackingEnable)
                  00001d20    00000010                   : interrupt.obj (.text:IntMasterDisable)
                  00001d30    00000010                   : interrupt.obj (.text:IntMasterEnable)
                  00001d40    0000000e                   : adc.obj (.text:ADCSequenceDisable)
                  00001d4e    0000000e                   : adc.obj (.text:ADCSequenceEnable)
                  00001d5c    0000000e                   : timer.obj (.text:TimerEnable)
                  00001d6a    0000000e     rtsv7M4_T_le_v4SPD16_eabi.lib : copy_decompress_none.c.obj (.text:decompress:none:__TI_decompress_none)
                  00001d78    0000000c     driverlib.lib : cpu.obj (.text:CPUcpsid)
                  00001d84    0000000c                   : cpu.obj (.text:CPUcpsie)
                  00001d90    0000000c     rtsv7M4_T_le_v4SPD16_eabi.lib : copy_zero_init.c.obj (.text:decompress:ZI:__TI_zero_init)
                  00001d9c    0000000a     driverlib.lib : adc.obj (.text:ADCIntClear)
                  00001da6    0000000a                   : ssi.obj (.text:SSIDataPut)
                  00001db0    0000000a                   : ssi.obj (.text:SSIEnable)
                  00001dba    00000008     grlib.lib : charmap.obj (.text:GrMapISO8859_1_Unicode)
                  00001dc2    00000008     driverlib.lib : ssi.obj (.text:SSIBusy)
                  00001dca    00000008                   : timer.obj (.text:TimerIntEnable)
                  00001dd2    00000006                   : gpio.obj (.text:GPIOPinWrite)
                  00001dd8    00000006     grlib.lib : string.obj (.text:GrContextFontSet)
                  00001dde    00000006     driverlib.lib : sysctl.obj (.text:SysCtlDelay)

.const     0    00001de4    00000758     
                  00001de4    000002f8     grlib.lib : fontfixed6x8.obj (.const:.string:g_pui8FontFixed6x8Data)
                  000020dc    00000120     driverlib.lib : sysctl.obj (.const:g_pppui32XTALtoVCO)
                  000021fc    000000c8     grlib.lib : fontfixed6x8.obj (.const:g_sFontFixed6x8)
                  000022c4    0000009c     driverlib.lib : interrupt.obj (.const:g_pui32Regs)
                  00002360    00000090                   : gpio.obj (.const:g_pui32GPIOBaseAddrs)
                  000023f0    00000070                   : interrupt.obj (.const)
                  00002460    0000006c                   : sysctl.obj (.const:g_pui32Xtals)
                  000024cc    00000030                   : sysctl.obj (.const:g_sXTALtoMEMTIM)
                  000024fc    00000028     Crystalfontz128x128_ST7735.obj (.const:g_sCrystalfontz128x128)
                  00002524    00000010     grlib.lib : context.obj (.const)
                  00002534    00000008     driverlib.lib : sysctl.obj (.const)

.cinit     0    00002540    00000040     
                  00002540    00000018     (.cinit..data.load) [load image, compression = lzss]
                  00002558    0000000c     (__TI_handler_table)
                  00002564    00000004     --HOLE-- [fill = 0]
                  00002568    00000008     (.cinit..bss.load) [load image, compression = zero_init]
                  00002570    00000010     (__TI_cinit_table)

.init_array 
*          0    00000000    00000000     UNINITIALIZED

.data      0    20000000    0000803c     UNINITIALIZED
                  20000000    00008000     Crystalfontz128x128_ST7735.obj (.data:Lcd_buffer)
                  20008000    00000024     buttons.obj (.data:count$2)
                  20008024    00000008     buttons.obj (.data:gJoystick)
                  2000802c    00000006     buttons.obj (.data)
                  20008032    00000002     --HOLE--
                  20008034    00000004     main.obj (.data)
                  20008038    00000004     sampling.obj (.data)

.bss       0    2000803c    0000102e     UNINITIALIZED
                  2000803c    00001000     (.common:gADCBuffer)
                  2000903c    00000014     buttons.obj (.bss:state$1)
                  20009050    00000004     (.common:gADCErrors)
                  20009054    00000004     (.common:gADCSamplingRate)
                  20009058    00000004     (.common:gSystemClock)
                  2000905c    00000004     (.common:g_psGrLibDefaults)
                  20009060    00000002     (.common:Lcd_ScreenHeigth)
                  20009062    00000002     (.common:Lcd_ScreenWidth)
                  20009064    00000002     (.common:Lcd_TouchTrim)
                  20009066    00000001     (.common:Lcd_FlagRead)
                  20009067    00000001     (.common:Lcd_FontSolid)
                  20009068    00000001     (.common:Lcd_Orientation)
                  20009069    00000001     (.common:Lcd_PenSolid)

.stack     0    20009070    00000800     UNINITIALIZED
                  20009070    00000004     rtsv7M4_T_le_v4SPD16_eabi.lib : boot_cortex_m.c.obj (.stack)
                  20009074    000007fc     --HOLE--

MODULE SUMMARY

       Module                                             code   ro data   rw data
       ------                                             ----   -------   -------
    .\
       Crystalfontz128x128_ST7735.obj                     1008   40        32778  
       main.obj                                           260    0         4108   
       buttons.obj                                        1130   0         74     
       tm4c1294ncpdt_startup_ccs.obj                      26     520       0      
       HAL_EK_TM4C1294XL_Crystalfontz128x128_ST7735.obj   382    0         0      
       sampling.obj                                       268    0         4      
       sysctl_pll.obj                                     74     0         0      
    +--+--------------------------------------------------+------+---------+---------+
       Total:                                             3148   560       36964  
                                                                                  
    C:/ti/tirtos_tivac_2_16_00_08/products/TivaWare_C_Series-2.1.1.71b/driverlib/ccs/Debug/driverlib.lib
       sysctl.obj                                         674    452       0      
       gpio.obj                                           508    144       0      
       interrupt.obj                                      172    268       0      
       adc.obj                                            362    0         0      
       timer.obj                                          160    0         0      
       ssi.obj                                            88     0         0      
       fpu.obj                                            32     0         0      
       cpu.obj                                            24     0         0      
    +--+--------------------------------------------------+------+---------+---------+
       Total:                                             2020   864       0      
                                                                                  
    C:/ti/tirtos_tivac_2_16_00_08/products/TivaWare_C_Series-2.1.1.71b/grlib/ccs/Debug/grlib.lib
       string.obj                                         1170   0         0      
       fontfixed6x8.obj                                   0      960       0      
       rectangle.obj                                      134    0         0      
       context.obj                                        104    16        4      
       charmap.obj                                        8      0         0      
    +--+--------------------------------------------------+------+---------+---------+
       Total:                                             1416   976       4      
                                                                                  
    C:\ti\ccs910\ccs\tools\compiler\ti-cgt-arm_18.12.2.LTS\lib\rtsv7M4_T_le_v4SPD16_eabi.lib
       memcpy_t2.asm.obj                                  156    0         0      
       memset_t2.asm.obj                                  122    0         0      
       copy_decompress_lzss.c.obj                         104    0         0      
       autoinit.c.obj                                     68     0         0      
       boot_cortex_m.c.obj                                52     0         0      
       copy_decompress_none.c.obj                         14     0         0      
       copy_zero_init.c.obj                               12     0         0      
       exit.c.obj                                         4      0         0      
       pre_init.c.obj                                     4      0         0      
    +--+--------------------------------------------------+------+---------+---------+
       Total:                                             536    0         0      
                                                                                  
       Stack:                                             0      0         2048   
       Linker Generated:                                  0      60        0      
    +--+--------------------------------------------------+------+---------+---------+
       Grand Total:                                       7120   2460      39016  


LINKER GENERATED COPY TABLES

__TI_cinit_table @ 00002570 records: 2, size/record: 8, table size: 16
	.data: load addr=00002540, load size=00000018 bytes, run addr=20000000, run size=0000803c bytes, compression=lzss
	.bss: load addr=00002568, load size=00000008 bytes, run addr=2000803c, run size=0000102e bytes, compression=zero_init


LINKER GENERATED HANDLER TABLE

__TI_handler_table @ 00002558 records: 3, size/record: 4, table size: 12
	index: 0, handler: __TI_decompress_lzss
	index: 1, handler: __TI_decompress_none
	index: 2, handler: __TI_zero_init


GLOBAL SYMBOLS: SORTED ALPHABETICALLY BY Name 

address   name                              
-------   ----                              
000011d1  ADC1_Init                         
00001c4b  ADCClockConfigSet                 
00001d9d  ADCIntClear                       
00001cf1  ADCIntEnable                      
00001ae5  ADCIntStatus                      
00001c63  ADCProcessorTrigger               
000019c9  ADCSequenceConfigure              
00001bd7  ADCSequenceDataGet                
00001d41  ADCSequenceDisable                
00001d4f  ADCSequenceEnable                 
00001573  ADCSequenceStepConfigure          
00001179  ADC_ISR                           
00000519  ButtonAutoRepeat                  
000004a9  ButtonDebounce                    
00000599  ButtonISR                         
000002e9  ButtonInit                        
00000209  ButtonReadJoystick                
000018a5  C$$EXIT                           
00001d79  CPUcpsid                          
00001d85  CPUcpsie                          
000009a1  Crystalfontz128x128_Init          
000006c1  Crystalfontz128x128_SetDrawFrame  
00000679  Crystalfontz128x128_SetOrientation
00001d01  FPUEnable                         
00001d11  FPULazyStackingEnable             
00001b41  GPIODirModeSet                    
00001047  GPIOPadConfigSet                  
000018f5  GPIOPinConfigure                  
00000673  GPIOPinRead                       
00001ca9  GPIOPinTypeADC                    
00001cbb  GPIOPinTypeGPIOInput              
00001c7b  GPIOPinTypeGPIOOutput             
00001ccd  GPIOPinTypeSSI                    
00001dd3  GPIOPinWrite                      
00001dd9  GrContextFontSet                  
00001669  GrContextInit                     
0000138d  GrDefaultStringRenderer           
00001bf5  GrFontCodepageGet                 
00001bb5  GrFontGlyphDataGet                
00000a69  GrFontGlyphRender                 
00001b6b  GrFontInfoGet                     
00001dbb  GrMapISO8859_1_Unicode            
000014ed  GrRectFill                        
00001b13  GrStringNextCharGet               
00000fb9  HAL_LCD_PortInit                  
00000f29  HAL_LCD_SpiInit                   
00000ed9  HAL_LCD_writeCommand              
00000ec9  HAL_LCD_writeData                 
000016d1  IntEnable                         
00001d21  IntMasterDisable                  
00001d31  IntMasterEnable                   
00001b91  IntPrioritySet                    
20009066  Lcd_FlagRead                      
20009067  Lcd_FontSolid                     
20009068  Lcd_Orientation                   
20009069  Lcd_PenSolid                      
20009060  Lcd_ScreenHeigth                  
20009062  Lcd_ScreenWidth                   
20009064  Lcd_TouchTrim                     
20000000  Lcd_buffer                        
00001c31  ResetISR                          
00001dc3  SSIBusy                           
00001a07  SSIConfigSetExpClk                
00001da7  SSIDataPut                        
00001db1  SSIEnable                         
00000cc1  SysCtlClockFreqSet                
00001ddf  SysCtlDelay                       
000018a9  SysCtlFrequencyGet                
00001a7d  SysCtlPeripheralEnable            
000017a1  TimerConfigure                    
00001c95  TimerDisable                      
00001d5d  TimerEnable                       
00000ec5  TimerIntClear                     
00001dcb  TimerIntEnable                    
00001cdf  TimerLoadSet                      
20009870  __STACK_END                       
00000800  __STACK_SIZE                      
20009270  __STACK_TOP                       
00002570  __TI_CINIT_Base                   
00002580  __TI_CINIT_Limit                  
00002558  __TI_Handler_Table_Base           
00002564  __TI_Handler_Table_Limit          
00001985  __TI_auto_init_nobinit_nopinit    
00001739  __TI_decompress_lzss              
00001d6b  __TI_decompress_none              
ffffffff  __TI_pprof_out_hndl               
ffffffff  __TI_prof_data_size               
ffffffff  __TI_prof_data_start              
00000000  __TI_static_base__                
00001d91  __TI_zero_init                    
000015ed  __aeabi_memclr                    
000015ed  __aeabi_memclr4                   
000015ed  __aeabi_memclr8                   
00001451  __aeabi_memcpy                    
00001451  __aeabi_memcpy4                   
00001451  __aeabi_memcpy8                   
000015ef  __aeabi_memset                    
000015ef  __aeabi_memset4                   
000015ef  __aeabi_memset8                   
ffffffff  __binit__                         
ffffffff  __c_args__                        
UNDEFED   __mpu_init                        
20009070  __stack                           
00001ab1  _c_int00_noargs                   
UNDEFED   _system_post_cinit                
00001285  _system_pre_init                  
000018a5  abort                             
ffffffff  binit                             
2000803c  gADCBuffer                        
20008038  gADCBufferIndex                   
20009050  gADCErrors                        
20009054  gADCSamplingRate                  
2000802c  gButtons                          
20008024  gJoystick                         
20009058  gSystemClock                      
20008034  gTime                             
00000000  g_pfnVectors                      
00002524  g_psDefaultCodePointMapTable      
000024fc  g_sCrystalfontz128x128            
000021fc  g_sFontFixed6x8                   
00001289  main                              
00001451  memcpy                            
000015f5  memset                            


GLOBAL SYMBOLS: SORTED BY Symbol Address 

address   name                              
-------   ----                              
00000000  __TI_static_base__                
00000000  g_pfnVectors                      
00000209  ButtonReadJoystick                
000002e9  ButtonInit                        
000004a9  ButtonDebounce                    
00000519  ButtonAutoRepeat                  
00000599  ButtonISR                         
00000673  GPIOPinRead                       
00000679  Crystalfontz128x128_SetOrientation
000006c1  Crystalfontz128x128_SetDrawFrame  
00000800  __STACK_SIZE                      
000009a1  Crystalfontz128x128_Init          
00000a69  GrFontGlyphRender                 
00000cc1  SysCtlClockFreqSet                
00000ec5  TimerIntClear                     
00000ec9  HAL_LCD_writeData                 
00000ed9  HAL_LCD_writeCommand              
00000f29  HAL_LCD_SpiInit                   
00000fb9  HAL_LCD_PortInit                  
00001047  GPIOPadConfigSet                  
00001179  ADC_ISR                           
000011d1  ADC1_Init                         
00001285  _system_pre_init                  
00001289  main                              
0000138d  GrDefaultStringRenderer           
00001451  __aeabi_memcpy                    
00001451  __aeabi_memcpy4                   
00001451  __aeabi_memcpy8                   
00001451  memcpy                            
000014ed  GrRectFill                        
00001573  ADCSequenceStepConfigure          
000015ed  __aeabi_memclr                    
000015ed  __aeabi_memclr4                   
000015ed  __aeabi_memclr8                   
000015ef  __aeabi_memset                    
000015ef  __aeabi_memset4                   
000015ef  __aeabi_memset8                   
000015f5  memset                            
00001669  GrContextInit                     
000016d1  IntEnable                         
00001739  __TI_decompress_lzss              
000017a1  TimerConfigure                    
000018a5  C$$EXIT                           
000018a5  abort                             
000018a9  SysCtlFrequencyGet                
000018f5  GPIOPinConfigure                  
00001985  __TI_auto_init_nobinit_nopinit    
000019c9  ADCSequenceConfigure              
00001a07  SSIConfigSetExpClk                
00001a7d  SysCtlPeripheralEnable            
00001ab1  _c_int00_noargs                   
00001ae5  ADCIntStatus                      
00001b13  GrStringNextCharGet               
00001b41  GPIODirModeSet                    
00001b6b  GrFontInfoGet                     
00001b91  IntPrioritySet                    
00001bb5  GrFontGlyphDataGet                
00001bd7  ADCSequenceDataGet                
00001bf5  GrFontCodepageGet                 
00001c31  ResetISR                          
00001c4b  ADCClockConfigSet                 
00001c63  ADCProcessorTrigger               
00001c7b  GPIOPinTypeGPIOOutput             
00001c95  TimerDisable                      
00001ca9  GPIOPinTypeADC                    
00001cbb  GPIOPinTypeGPIOInput              
00001ccd  GPIOPinTypeSSI                    
00001cdf  TimerLoadSet                      
00001cf1  ADCIntEnable                      
00001d01  FPUEnable                         
00001d11  FPULazyStackingEnable             
00001d21  IntMasterDisable                  
00001d31  IntMasterEnable                   
00001d41  ADCSequenceDisable                
00001d4f  ADCSequenceEnable                 
00001d5d  TimerEnable                       
00001d6b  __TI_decompress_none              
00001d79  CPUcpsid                          
00001d85  CPUcpsie                          
00001d91  __TI_zero_init                    
00001d9d  ADCIntClear                       
00001da7  SSIDataPut                        
00001db1  SSIEnable                         
00001dbb  GrMapISO8859_1_Unicode            
00001dc3  SSIBusy                           
00001dcb  TimerIntEnable                    
00001dd3  GPIOPinWrite                      
00001dd9  GrContextFontSet                  
00001ddf  SysCtlDelay                       
000021fc  g_sFontFixed6x8                   
000024fc  g_sCrystalfontz128x128            
00002524  g_psDefaultCodePointMapTable      
00002558  __TI_Handler_Table_Base           
00002564  __TI_Handler_Table_Limit          
00002570  __TI_CINIT_Base                   
00002580  __TI_CINIT_Limit                  
20000000  Lcd_buffer                        
20008024  gJoystick                         
2000802c  gButtons                          
20008034  gTime                             
20008038  gADCBufferIndex                   
2000803c  gADCBuffer                        
20009050  gADCErrors                        
20009054  gADCSamplingRate                  
20009058  gSystemClock                      
20009060  Lcd_ScreenHeigth                  
20009062  Lcd_ScreenWidth                   
20009064  Lcd_TouchTrim                     
20009066  Lcd_FlagRead                      
20009067  Lcd_FontSolid                     
20009068  Lcd_Orientation                   
20009069  Lcd_PenSolid                      
20009070  __stack                           
20009270  __STACK_TOP                       
20009870  __STACK_END                       
ffffffff  __TI_pprof_out_hndl               
ffffffff  __TI_prof_data_size               
ffffffff  __TI_prof_data_start              
ffffffff  __binit__                         
ffffffff  __c_args__                        
ffffffff  binit                             
UNDEFED   __mpu_init                        
UNDEFED   _system_post_cinit                

[123 symbols]
