<?xml version="1.0" encoding="ISO-8859-1" ?>
<link_info>
   <banner>TI ARM Linker PC v18.12.2.LTS</banner>
   <copyright>Copyright (c) 1996-2018 Texas Instruments Incorporated</copyright>
   <link_time>0x5daf65a3</link_time>
   <link_errors>0x0</link_errors>
   <output_file>ece3849_lab0_starter.out</output_file>
   <entry_point>
      <name>_c_int00_noargs</name>
      <address>0x3559</address>
   </entry_point>
   <input_file_list>
      <input_file id="fl-2">
         <path>.\</path>
         <kind>object</kind>
         <file>Crystalfontz128x128_ST7735.obj</file>
         <name>Crystalfontz128x128_ST7735.obj</name>
      </input_file>
      <input_file id="fl-3">
         <path>.\</path>
         <kind>object</kind>
         <file>HAL_EK_TM4C1294XL_Crystalfontz128x128_ST7735.obj</file>
         <name>HAL_EK_TM4C1294XL_Crystalfontz128x128_ST7735.obj</name>
      </input_file>
      <input_file id="fl-4">
         <path>.\</path>
         <kind>object</kind>
         <file>buttons.obj</file>
         <name>buttons.obj</name>
      </input_file>
      <input_file id="fl-5">
         <path>.\</path>
         <kind>object</kind>
         <file>main.obj</file>
         <name>main.obj</name>
      </input_file>
      <input_file id="fl-6">
         <path>.\</path>
         <kind>object</kind>
         <file>sysctl_pll.obj</file>
         <name>sysctl_pll.obj</name>
      </input_file>
      <input_file id="fl-7">
         <path>.\</path>
         <kind>object</kind>
         <file>tm4c1294ncpdt_startup_ccs.obj</file>
         <name>tm4c1294ncpdt_startup_ccs.obj</name>
      </input_file>
      <input_file id="fl-d">
         <kind>object</kind>
         <file>&lt;internal&gt;</file>
         <name>&lt;internal&gt;</name>
      </input_file>
      <input_file id="fl-c3">
         <path>C:\ti\ccs910\ccs\tools\compiler\ti-cgt-arm_18.12.2.LTS\lib\</path>
         <kind>archive</kind>
         <file>rtsv7M4_T_le_v4SPD16_eabi.lib</file>
         <name>snprintf.c.obj</name>
      </input_file>
      <input_file id="fl-c4">
         <path>C:\ti\ccs910\ccs\tools\compiler\ti-cgt-arm_18.12.2.LTS\lib\</path>
         <kind>archive</kind>
         <file>rtsv7M4_T_le_v4SPD16_eabi.lib</file>
         <name>memcpy_t2.asm.obj</name>
      </input_file>
      <input_file id="fl-c5">
         <path>C:\ti\ccs910\ccs\tools\compiler\ti-cgt-arm_18.12.2.LTS\lib\</path>
         <kind>archive</kind>
         <file>rtsv7M4_T_le_v4SPD16_eabi.lib</file>
         <name>copy_zero_init.c.obj</name>
      </input_file>
      <input_file id="fl-c6">
         <path>C:\ti\ccs910\ccs\tools\compiler\ti-cgt-arm_18.12.2.LTS\lib\</path>
         <kind>archive</kind>
         <file>rtsv7M4_T_le_v4SPD16_eabi.lib</file>
         <name>copy_decompress_none.c.obj</name>
      </input_file>
      <input_file id="fl-c7">
         <path>C:\ti\ccs910\ccs\tools\compiler\ti-cgt-arm_18.12.2.LTS\lib\</path>
         <kind>archive</kind>
         <file>rtsv7M4_T_le_v4SPD16_eabi.lib</file>
         <name>copy_decompress_lzss.c.obj</name>
      </input_file>
      <input_file id="fl-c8">
         <path>C:\ti\ccs910\ccs\tools\compiler\ti-cgt-arm_18.12.2.LTS\lib\</path>
         <kind>archive</kind>
         <file>rtsv7M4_T_le_v4SPD16_eabi.lib</file>
         <name>boot_cortex_m.c.obj</name>
      </input_file>
      <input_file id="fl-c9">
         <path>C:\ti\ccs910\ccs\tools\compiler\ti-cgt-arm_18.12.2.LTS\lib\</path>
         <kind>archive</kind>
         <file>rtsv7M4_T_le_v4SPD16_eabi.lib</file>
         <name>_printfi.c.obj</name>
      </input_file>
      <input_file id="fl-ca">
         <path>C:\ti\ccs910\ccs\tools\compiler\ti-cgt-arm_18.12.2.LTS\lib\</path>
         <kind>archive</kind>
         <file>rtsv7M4_T_le_v4SPD16_eabi.lib</file>
         <name>s_frexp.c.obj</name>
      </input_file>
      <input_file id="fl-cb">
         <path>C:\ti\ccs910\ccs\tools\compiler\ti-cgt-arm_18.12.2.LTS\lib\</path>
         <kind>archive</kind>
         <file>rtsv7M4_T_le_v4SPD16_eabi.lib</file>
         <name>s_scalbn.c.obj</name>
      </input_file>
      <input_file id="fl-cc">
         <path>C:\ti\ccs910\ccs\tools\compiler\ti-cgt-arm_18.12.2.LTS\lib\</path>
         <kind>archive</kind>
         <file>rtsv7M4_T_le_v4SPD16_eabi.lib</file>
         <name>ull_div_t2.asm.obj</name>
      </input_file>
      <input_file id="fl-cd">
         <path>C:\ti\ccs910\ccs\tools\compiler\ti-cgt-arm_18.12.2.LTS\lib\</path>
         <kind>archive</kind>
         <file>rtsv7M4_T_le_v4SPD16_eabi.lib</file>
         <name>memset_t2.asm.obj</name>
      </input_file>
      <input_file id="fl-ce">
         <path>C:\ti\ccs910\ccs\tools\compiler\ti-cgt-arm_18.12.2.LTS\lib\</path>
         <kind>archive</kind>
         <file>rtsv7M4_T_le_v4SPD16_eabi.lib</file>
         <name>fd_add_t2.asm.obj</name>
      </input_file>
      <input_file id="fl-cf">
         <path>C:\ti\ccs910\ccs\tools\compiler\ti-cgt-arm_18.12.2.LTS\lib\</path>
         <kind>archive</kind>
         <file>rtsv7M4_T_le_v4SPD16_eabi.lib</file>
         <name>fd_cmp_t2.asm.obj</name>
      </input_file>
      <input_file id="fl-d0">
         <path>C:\ti\ccs910\ccs\tools\compiler\ti-cgt-arm_18.12.2.LTS\lib\</path>
         <kind>archive</kind>
         <file>rtsv7M4_T_le_v4SPD16_eabi.lib</file>
         <name>fd_div_t2.asm.obj</name>
      </input_file>
      <input_file id="fl-d1">
         <path>C:\ti\ccs910\ccs\tools\compiler\ti-cgt-arm_18.12.2.LTS\lib\</path>
         <kind>archive</kind>
         <file>rtsv7M4_T_le_v4SPD16_eabi.lib</file>
         <name>fd_mul_t2.asm.obj</name>
      </input_file>
      <input_file id="fl-d2">
         <path>C:\ti\ccs910\ccs\tools\compiler\ti-cgt-arm_18.12.2.LTS\lib\</path>
         <kind>archive</kind>
         <file>rtsv7M4_T_le_v4SPD16_eabi.lib</file>
         <name>fd_toi_t2.asm.obj</name>
      </input_file>
      <input_file id="fl-d3">
         <path>C:\ti\ccs910\ccs\tools\compiler\ti-cgt-arm_18.12.2.LTS\lib\</path>
         <kind>archive</kind>
         <file>rtsv7M4_T_le_v4SPD16_eabi.lib</file>
         <name>i_tofd_t2.asm.obj</name>
      </input_file>
      <input_file id="fl-d4">
         <path>C:\ti\ccs910\ccs\tools\compiler\ti-cgt-arm_18.12.2.LTS\lib\</path>
         <kind>archive</kind>
         <file>rtsv7M4_T_le_v4SPD16_eabi.lib</file>
         <name>autoinit.c.obj</name>
      </input_file>
      <input_file id="fl-d5">
         <path>C:\ti\ccs910\ccs\tools\compiler\ti-cgt-arm_18.12.2.LTS\lib\</path>
         <kind>archive</kind>
         <file>rtsv7M4_T_le_v4SPD16_eabi.lib</file>
         <name>pre_init.c.obj</name>
      </input_file>
      <input_file id="fl-d6">
         <path>C:\ti\ccs910\ccs\tools\compiler\ti-cgt-arm_18.12.2.LTS\lib\</path>
         <kind>archive</kind>
         <file>rtsv7M4_T_le_v4SPD16_eabi.lib</file>
         <name>cpy_tbl.c.obj</name>
      </input_file>
      <input_file id="fl-d7">
         <path>C:\ti\ccs910\ccs\tools\compiler\ti-cgt-arm_18.12.2.LTS\lib\</path>
         <kind>archive</kind>
         <file>rtsv7M4_T_le_v4SPD16_eabi.lib</file>
         <name>exit.c.obj</name>
      </input_file>
      <input_file id="fl-d8">
         <path>C:\ti\ccs910\ccs\tools\compiler\ti-cgt-arm_18.12.2.LTS\lib\</path>
         <kind>archive</kind>
         <file>rtsv7M4_T_le_v4SPD16_eabi.lib</file>
         <name>_lock.c.obj</name>
      </input_file>
      <input_file id="fl-d9">
         <path>C:\ti\ccs910\ccs\tools\compiler\ti-cgt-arm_18.12.2.LTS\lib\</path>
         <kind>archive</kind>
         <file>rtsv7M4_T_le_v4SPD16_eabi.lib</file>
         <name>args_main.c.obj</name>
      </input_file>
      <input_file id="fl-da">
         <path>C:\ti\ccs910\ccs\tools\compiler\ti-cgt-arm_18.12.2.LTS\lib\</path>
         <kind>archive</kind>
         <file>rtsv7M4_T_le_v4SPD16_eabi.lib</file>
         <name>atoi.c.obj</name>
      </input_file>
      <input_file id="fl-db">
         <path>C:\ti\ccs910\ccs\tools\compiler\ti-cgt-arm_18.12.2.LTS\lib\</path>
         <kind>archive</kind>
         <file>rtsv7M4_T_le_v4SPD16_eabi.lib</file>
         <name>ctype.c.obj</name>
      </input_file>
      <input_file id="fl-dc">
         <path>C:\ti\ccs910\ccs\tools\compiler\ti-cgt-arm_18.12.2.LTS\lib\</path>
         <kind>archive</kind>
         <file>rtsv7M4_T_le_v4SPD16_eabi.lib</file>
         <name>ltoa.c.obj</name>
      </input_file>
      <input_file id="fl-dd">
         <path>C:\ti\ccs910\ccs\tools\compiler\ti-cgt-arm_18.12.2.LTS\lib\</path>
         <kind>archive</kind>
         <file>rtsv7M4_T_le_v4SPD16_eabi.lib</file>
         <name>memccpy.c.obj</name>
      </input_file>
      <input_file id="fl-de">
         <path>C:\ti\ccs910\ccs\tools\compiler\ti-cgt-arm_18.12.2.LTS\lib\</path>
         <kind>archive</kind>
         <file>rtsv7M4_T_le_v4SPD16_eabi.lib</file>
         <name>strchr.c.obj</name>
      </input_file>
      <input_file id="fl-df">
         <path>C:\ti\ccs910\ccs\tools\compiler\ti-cgt-arm_18.12.2.LTS\lib\</path>
         <kind>archive</kind>
         <file>rtsv7M4_T_le_v4SPD16_eabi.lib</file>
         <name>strlen.c.obj</name>
      </input_file>
      <input_file id="fl-e0">
         <path>C:\ti\ccs910\ccs\tools\compiler\ti-cgt-arm_18.12.2.LTS\lib\</path>
         <kind>archive</kind>
         <file>rtsv7M4_T_le_v4SPD16_eabi.lib</file>
         <name>errno.c.obj</name>
      </input_file>
      <input_file id="fl-e1">
         <path>C:\ti\ccs910\ccs\tools\compiler\ti-cgt-arm_18.12.2.LTS\lib\</path>
         <kind>archive</kind>
         <file>rtsv7M4_T_le_v4SPD16_eabi.lib</file>
         <name>wcslen.c.obj</name>
      </input_file>
      <input_file id="fl-e2">
         <path>C:\ti\ccs910\ccs\tools\compiler\ti-cgt-arm_18.12.2.LTS\lib\</path>
         <kind>archive</kind>
         <file>rtsv7M4_T_le_v4SPD16_eabi.lib</file>
         <name>s_copysign.c.obj</name>
      </input_file>
      <input_file id="fl-e3">
         <path>C:\ti\ccs910\ccs\tools\compiler\ti-cgt-arm_18.12.2.LTS\lib\</path>
         <kind>archive</kind>
         <file>rtsv7M4_T_le_v4SPD16_eabi.lib</file>
         <name>div0.asm.obj</name>
      </input_file>
      <input_file id="fl-e4">
         <path>C:\ti\tirtos_tivac_2_16_00_08\products\TivaWare_C_Series-2.1.1.71b\grlib\ccs\Debug\</path>
         <kind>archive</kind>
         <file>grlib.lib</file>
         <name>context.obj</name>
      </input_file>
      <input_file id="fl-e5">
         <path>C:\ti\tirtos_tivac_2_16_00_08\products\TivaWare_C_Series-2.1.1.71b\grlib\ccs\Debug\</path>
         <kind>archive</kind>
         <file>grlib.lib</file>
         <name>rectangle.obj</name>
      </input_file>
      <input_file id="fl-e6">
         <path>C:\ti\tirtos_tivac_2_16_00_08\products\TivaWare_C_Series-2.1.1.71b\grlib\ccs\Debug\</path>
         <kind>archive</kind>
         <file>grlib.lib</file>
         <name>string.obj</name>
      </input_file>
      <input_file id="fl-e7">
         <path>C:\ti\tirtos_tivac_2_16_00_08\products\TivaWare_C_Series-2.1.1.71b\grlib\ccs\Debug\</path>
         <kind>archive</kind>
         <file>grlib.lib</file>
         <name>fontfixed6x8.obj</name>
      </input_file>
      <input_file id="fl-e8">
         <path>C:\ti\tirtos_tivac_2_16_00_08\products\TivaWare_C_Series-2.1.1.71b\grlib\ccs\Debug\</path>
         <kind>archive</kind>
         <file>grlib.lib</file>
         <name>charmap.obj</name>
      </input_file>
      <input_file id="fl-e9">
         <path>C:\ti\tirtos_tivac_2_16_00_08\products\TivaWare_C_Series-2.1.1.71b\grlib\ccs\Debug\</path>
         <kind>archive</kind>
         <file>grlib.lib</file>
         <name>line.obj</name>
      </input_file>
      <input_file id="fl-ea">
         <path>C:\ti\tirtos_tivac_2_16_00_08\products\TivaWare_C_Series-2.1.1.71b\driverlib\ccs\Debug\</path>
         <kind>archive</kind>
         <file>driverlib.lib</file>
         <name>adc.obj</name>
      </input_file>
      <input_file id="fl-eb">
         <path>C:\ti\tirtos_tivac_2_16_00_08\products\TivaWare_C_Series-2.1.1.71b\driverlib\ccs\Debug\</path>
         <kind>archive</kind>
         <file>driverlib.lib</file>
         <name>fpu.obj</name>
      </input_file>
      <input_file id="fl-ec">
         <path>C:\ti\tirtos_tivac_2_16_00_08\products\TivaWare_C_Series-2.1.1.71b\driverlib\ccs\Debug\</path>
         <kind>archive</kind>
         <file>driverlib.lib</file>
         <name>gpio.obj</name>
      </input_file>
      <input_file id="fl-ed">
         <path>C:\ti\tirtos_tivac_2_16_00_08\products\TivaWare_C_Series-2.1.1.71b\driverlib\ccs\Debug\</path>
         <kind>archive</kind>
         <file>driverlib.lib</file>
         <name>interrupt.obj</name>
      </input_file>
      <input_file id="fl-ee">
         <path>C:\ti\tirtos_tivac_2_16_00_08\products\TivaWare_C_Series-2.1.1.71b\driverlib\ccs\Debug\</path>
         <kind>archive</kind>
         <file>driverlib.lib</file>
         <name>ssi.obj</name>
      </input_file>
      <input_file id="fl-ef">
         <path>C:\ti\tirtos_tivac_2_16_00_08\products\TivaWare_C_Series-2.1.1.71b\driverlib\ccs\Debug\</path>
         <kind>archive</kind>
         <file>driverlib.lib</file>
         <name>sysctl.obj</name>
      </input_file>
      <input_file id="fl-f0">
         <path>C:\ti\tirtos_tivac_2_16_00_08\products\TivaWare_C_Series-2.1.1.71b\driverlib\ccs\Debug\</path>
         <kind>archive</kind>
         <file>driverlib.lib</file>
         <name>timer.obj</name>
      </input_file>
      <input_file id="fl-f1">
         <path>C:\ti\tirtos_tivac_2_16_00_08\products\TivaWare_C_Series-2.1.1.71b\driverlib\ccs\Debug\</path>
         <kind>archive</kind>
         <file>driverlib.lib</file>
         <name>cpu.obj</name>
      </input_file>
   </input_file_list>
   <object_component_list>
      <object_component id="oc-f">
         <name>.intvecs</name>
         <load_address>0x0</load_address>
         <run_address>0x0</run_address>
         <size>0x208</size>
         <input_file_ref idref="fl-7"/>
      </object_component>
      <object_component id="oc-2a9">
         <name>.text:__TI_printfi</name>
         <load_address>0x208</load_address>
         <run_address>0x208</run_address>
         <size>0xa4e</size>
         <input_file_ref idref="fl-c9"/>
      </object_component>
      <object_component id="oc-48d">
         <name>.text</name>
         <load_address>0xc56</load_address>
         <run_address>0xc56</run_address>
         <size>0x2</size>
         <input_file_ref idref="fl-e3"/>
      </object_component>
      <object_component id="oc-2a">
         <name>.text</name>
         <load_address>0xc58</load_address>
         <run_address>0xc58</run_address>
         <size>0x46a</size>
         <input_file_ref idref="fl-4"/>
      </object_component>
      <object_component id="oc-103">
         <name>.text:GPIOPinRead</name>
         <load_address>0x10c2</load_address>
         <run_address>0x10c2</run_address>
         <size>0x6</size>
         <input_file_ref idref="fl-ec"/>
      </object_component>
      <object_component id="oc-1c7">
         <name>.text</name>
         <load_address>0x10c8</load_address>
         <run_address>0x10c8</run_address>
         <size>0x3f0</size>
         <input_file_ref idref="fl-2"/>
      </object_component>
      <object_component id="oc-389">
         <name>.text:_pconv_a</name>
         <load_address>0x14b8</load_address>
         <run_address>0x14b8</run_address>
         <size>0x270</size>
         <input_file_ref idref="fl-c9"/>
      </object_component>
      <object_component id="oc-33f">
         <name>.text:GrFontGlyphRender</name>
         <load_address>0x1728</load_address>
         <run_address>0x1728</run_address>
         <size>0x256</size>
         <input_file_ref idref="fl-e6"/>
      </object_component>
      <object_component id="oc-1c1">
         <name>.text:SysCtlClockFreqSet</name>
         <load_address>0x1980</load_address>
         <run_address>0x1980</run_address>
         <size>0x204</size>
         <input_file_ref idref="fl-ef"/>
      </object_component>
      <object_component id="oc-377">
         <name>.text:_pconv_g</name>
         <load_address>0x1b84</load_address>
         <run_address>0x1b84</run_address>
         <size>0x1d0</size>
         <input_file_ref idref="fl-c9"/>
      </object_component>
      <object_component id="oc-422">
         <name>.text</name>
         <load_address>0x1d54</load_address>
         <run_address>0x1d54</run_address>
         <size>0x1b6</size>
         <input_file_ref idref="fl-ce"/>
      </object_component>
      <object_component id="oc-305">
         <name>.text:GPIOPinWrite</name>
         <load_address>0x1f0a</load_address>
         <run_address>0x1f0a</run_address>
         <size>0x6</size>
         <input_file_ref idref="fl-ec"/>
      </object_component>
      <object_component id="oc-13f">
         <name>.text</name>
         <load_address>0x1f10</load_address>
         <run_address>0x1f10</run_address>
         <size>0x18e</size>
         <input_file_ref idref="fl-5"/>
      </object_component>
      <object_component id="oc-26c">
         <name>.text</name>
         <load_address>0x20a0</load_address>
         <run_address>0x20a0</run_address>
         <size>0x17e</size>
         <input_file_ref idref="fl-3"/>
      </object_component>
      <object_component id="oc-383">
         <name>.text:_pconv_e</name>
         <load_address>0x2220</load_address>
         <run_address>0x2220</run_address>
         <size>0x13c</size>
         <input_file_ref idref="fl-c9"/>
      </object_component>
      <object_component id="oc-408">
         <name>.text</name>
         <load_address>0x235c</load_address>
         <run_address>0x235c</run_address>
         <size>0x136</size>
         <input_file_ref idref="fl-d0"/>
      </object_component>
      <object_component id="oc-c8">
         <name>.text:GPIOPadConfigSet</name>
         <load_address>0x2492</load_address>
         <run_address>0x2492</run_address>
         <size>0x130</size>
         <input_file_ref idref="fl-ec"/>
      </object_component>
      <object_component id="oc-434">
         <name>.text:fcvt</name>
         <load_address>0x25c4</load_address>
         <run_address>0x25c4</run_address>
         <size>0x124</size>
         <input_file_ref idref="fl-c9"/>
      </object_component>
      <object_component id="oc-448">
         <name>.text:scalbn</name>
         <load_address>0x26e8</load_address>
         <run_address>0x26e8</run_address>
         <size>0x110</size>
         <input_file_ref idref="fl-cb"/>
      </object_component>
      <object_component id="oc-403">
         <name>.text</name>
         <load_address>0x27f8</load_address>
         <run_address>0x27f8</run_address>
         <size>0xfc</size>
         <input_file_ref idref="fl-d1"/>
      </object_component>
      <object_component id="oc-27f">
         <name>.text:GrDefaultStringRenderer</name>
         <load_address>0x28f4</load_address>
         <run_address>0x28f4</run_address>
         <size>0xc4</size>
         <input_file_ref idref="fl-e6"/>
      </object_component>
      <object_component id="oc-36c">
         <name>.text:_ltostr</name>
         <load_address>0x29b8</load_address>
         <run_address>0x29b8</run_address>
         <size>0xb1</size>
         <input_file_ref idref="fl-c9"/>
      </object_component>
      <object_component id="oc-3e">
         <name>.text</name>
         <load_address>0x2a6a</load_address>
         <run_address>0x2a6a</run_address>
         <size>0x9c</size>
         <input_file_ref idref="fl-c4"/>
      </object_component>
      <object_component id="oc-3fc">
         <name>.text</name>
         <load_address>0x2b06</load_address>
         <run_address>0x2b06</run_address>
         <size>0x96</size>
         <input_file_ref idref="fl-cc"/>
      </object_component>
      <object_component id="oc-1e5">
         <name>.text:GrRectFill</name>
         <load_address>0x2b9c</load_address>
         <run_address>0x2b9c</run_address>
         <size>0x86</size>
         <input_file_ref idref="fl-e5"/>
      </object_component>
      <object_component id="oc-372">
         <name>.text:__aeabi_cdcmple</name>
         <load_address>0x2c22</load_address>
         <run_address>0x2c22</run_address>
         <size>0x86</size>
         <input_file_ref idref="fl-cf"/>
      </object_component>
      <object_component id="oc-40d">
         <name>.text:__aeabi_cdrcmple</name>
         <load_address>0x2ca8</load_address>
         <run_address>0x2ca8</run_address>
         <size>0x86</size>
         <input_file_ref idref="fl-cf"/>
      </object_component>
      <object_component id="oc-ef">
         <name>.text:ADCSequenceStepConfigure</name>
         <load_address>0x2d2e</load_address>
         <run_address>0x2d2e</run_address>
         <size>0x7a</size>
         <input_file_ref idref="fl-ea"/>
      </object_component>
      <object_component id="oc-133">
         <name>.text</name>
         <load_address>0x2da8</load_address>
         <run_address>0x2da8</run_address>
         <size>0x7a</size>
         <input_file_ref idref="fl-cd"/>
      </object_component>
      <object_component id="oc-42d">
         <name>.text:_mcpy</name>
         <load_address>0x2e22</load_address>
         <run_address>0x2e22</run_address>
         <size>0x6e</size>
         <input_file_ref idref="fl-c9"/>
      </object_component>
      <object_component id="oc-1d0">
         <name>.text:GrContextInit</name>
         <load_address>0x2e90</load_address>
         <run_address>0x2e90</run_address>
         <size>0x68</size>
         <input_file_ref idref="fl-e4"/>
      </object_component>
      <object_component id="oc-bc">
         <name>.text:IntEnable</name>
         <load_address>0x2ef8</load_address>
         <run_address>0x2ef8</run_address>
         <size>0x68</size>
         <input_file_ref idref="fl-ed"/>
      </object_component>
      <object_component id="oc-12">
         <name>.text:decompress:lzss:__TI_decompress_lzss</name>
         <load_address>0x2f60</load_address>
         <run_address>0x2f60</run_address>
         <size>0x68</size>
         <input_file_ref idref="fl-c7"/>
      </object_component>
      <object_component id="oc-442">
         <name>.text:frexp</name>
         <load_address>0x2fc8</load_address>
         <run_address>0x2fc8</run_address>
         <size>0x64</size>
         <input_file_ref idref="fl-ca"/>
      </object_component>
      <object_component id="oc-9b">
         <name>.text:TimerConfigure</name>
         <load_address>0x302c</load_address>
         <run_address>0x302c</run_address>
         <size>0x60</size>
         <input_file_ref idref="fl-f0"/>
      </object_component>
      <object_component id="oc-3e4">
         <name>.text:FontWideGlyphDataGet</name>
         <load_address>0x308c</load_address>
         <run_address>0x308c</run_address>
         <size>0x5a</size>
         <input_file_ref idref="fl-e6"/>
      </object_component>
      <object_component id="oc-37d">
         <name>.text:_pconv_f</name>
         <load_address>0x30e6</load_address>
         <run_address>0x30e6</run_address>
         <size>0x56</size>
         <input_file_ref idref="fl-c9"/>
      </object_component>
      <object_component id="oc-417">
         <name>.text:ltoa</name>
         <load_address>0x313c</load_address>
         <run_address>0x313c</run_address>
         <size>0x54</size>
         <input_file_ref idref="fl-dc"/>
      </object_component>
      <object_component id="oc-427">
         <name>.text:_ecpy</name>
         <load_address>0x3190</load_address>
         <run_address>0x3190</run_address>
         <size>0x52</size>
         <input_file_ref idref="fl-c9"/>
      </object_component>
      <object_component id="oc-366">
         <name>.text:atoi</name>
         <load_address>0x31e4</load_address>
         <run_address>0x31e4</run_address>
         <size>0x4c</size>
         <input_file_ref idref="fl-da"/>
      </object_component>
      <object_component id="oc-1eb">
         <name>.text:snprintf</name>
         <load_address>0x3230</load_address>
         <run_address>0x3230</run_address>
         <size>0x4c</size>
         <input_file_ref idref="fl-c3"/>
      </object_component>
      <object_component id="oc-292">
         <name>.text:UpdateContextCharMapping</name>
         <load_address>0x327c</load_address>
         <run_address>0x327c</run_address>
         <size>0x4a</size>
         <input_file_ref idref="fl-e6"/>
      </object_component>
      <object_component id="oc-d4">
         <name>.text</name>
         <load_address>0x32c8</load_address>
         <run_address>0x32c8</run_address>
         <size>0x4a</size>
         <input_file_ref idref="fl-6"/>
      </object_component>
      <object_component id="oc-31d">
         <name>.text:GPIOPinConfigure</name>
         <load_address>0x3314</load_address>
         <run_address>0x3314</run_address>
         <size>0x48</size>
         <input_file_ref idref="fl-ec"/>
      </object_component>
      <object_component id="oc-25b">
         <name>.text:_SysCtlFrequencyGet</name>
         <load_address>0x335c</load_address>
         <run_address>0x335c</run_address>
         <size>0x48</size>
         <input_file_ref idref="fl-ef"/>
      </object_component>
      <object_component id="oc-412">
         <name>.text</name>
         <load_address>0x33a4</load_address>
         <run_address>0x33a4</run_address>
         <size>0x48</size>
         <input_file_ref idref="fl-d2"/>
      </object_component>
      <object_component id="oc-204">
         <name>.text:__TI_auto_init_nobinit_nopinit:__TI_auto_init_nobinit_nopinit</name>
         <load_address>0x33ec</load_address>
         <run_address>0x33ec</run_address>
         <size>0x44</size>
         <input_file_ref idref="fl-d4"/>
      </object_component>
      <object_component id="oc-e9">
         <name>.text:ADCSequenceConfigure</name>
         <load_address>0x3430</load_address>
         <run_address>0x3430</run_address>
         <size>0x3e</size>
         <input_file_ref idref="fl-ea"/>
      </object_component>
      <object_component id="oc-43a">
         <name>.text:_fcpy</name>
         <load_address>0x346e</load_address>
         <run_address>0x346e</run_address>
         <size>0x3e</size>
         <input_file_ref idref="fl-c9"/>
      </object_component>
      <object_component id="oc-30b">
         <name>.text:SSIConfigSetExpClk</name>
         <load_address>0x34ac</load_address>
         <run_address>0x34ac</run_address>
         <size>0x3c</size>
         <input_file_ref idref="fl-ee"/>
      </object_component>
      <object_component id="oc-3ea">
         <name>.text:FontGlyphDataGet</name>
         <load_address>0x34e8</load_address>
         <run_address>0x34e8</run_address>
         <size>0x3a</size>
         <input_file_ref idref="fl-e6"/>
      </object_component>
      <object_component id="oc-8f">
         <name>.text:SysCtlPeripheralEnable</name>
         <load_address>0x3524</load_address>
         <run_address>0x3524</run_address>
         <size>0x34</size>
         <input_file_ref idref="fl-ef"/>
      </object_component>
      <object_component id="oc-5c">
         <name>.text:_c_int00_noargs:_c_int00_noargs</name>
         <load_address>0x3558</load_address>
         <run_address>0x3558</run_address>
         <size>0x34</size>
         <input_file_ref idref="fl-c8"/>
      </object_component>
      <object_component id="oc-2af">
         <name>.text:_outs</name>
         <load_address>0x358c</load_address>
         <run_address>0x358c</run_address>
         <size>0x30</size>
         <input_file_ref idref="fl-c3"/>
      </object_component>
      <object_component id="oc-77">
         <name>.text:ADCIntStatus</name>
         <load_address>0x35bc</load_address>
         <run_address>0x35bc</run_address>
         <size>0x2e</size>
         <input_file_ref idref="fl-ea"/>
      </object_component>
      <object_component id="oc-333">
         <name>.text:GrStringNextCharGet</name>
         <load_address>0x35ea</load_address>
         <run_address>0x35ea</run_address>
         <size>0x2e</size>
         <input_file_ref idref="fl-e6"/>
      </object_component>
      <object_component id="oc-41d">
         <name>.text</name>
         <load_address>0x3618</load_address>
         <run_address>0x3618</run_address>
         <size>0x2e</size>
         <input_file_ref idref="fl-d3"/>
      </object_component>
      <object_component id="oc-17d">
         <name>.text:GPIODirModeSet</name>
         <load_address>0x3646</load_address>
         <run_address>0x3646</run_address>
         <size>0x2a</size>
         <input_file_ref idref="fl-ec"/>
      </object_component>
      <object_component id="oc-32d">
         <name>.text:GrFontInfoGet</name>
         <load_address>0x3670</load_address>
         <run_address>0x3670</run_address>
         <size>0x26</size>
         <input_file_ref idref="fl-e6"/>
      </object_component>
      <object_component id="oc-b6">
         <name>.text:IntPrioritySet</name>
         <load_address>0x3698</load_address>
         <run_address>0x3698</run_address>
         <size>0x24</size>
         <input_file_ref idref="fl-ed"/>
      </object_component>
      <object_component id="oc-339">
         <name>.text:GrFontGlyphDataGet</name>
         <load_address>0x36bc</load_address>
         <run_address>0x36bc</run_address>
         <size>0x22</size>
         <input_file_ref idref="fl-e6"/>
      </object_component>
      <object_component id="oc-80">
         <name>.text:ADCSequenceDataGet</name>
         <load_address>0x36de</load_address>
         <run_address>0x36de</run_address>
         <size>0x1e</size>
         <input_file_ref idref="fl-ea"/>
      </object_component>
      <object_component id="oc-354">
         <name>.text:GrFontCodepageGet</name>
         <load_address>0x36fc</load_address>
         <run_address>0x36fc</run_address>
         <size>0x1e</size>
         <input_file_ref idref="fl-e6"/>
      </object_component>
      <object_component id="oc-255">
         <name>.text:_SysCtlMemTimingGet</name>
         <load_address>0x371c</load_address>
         <run_address>0x371c</run_address>
         <size>0x1c</size>
         <input_file_ref idref="fl-ef"/>
      </object_component>
      <object_component id="oc-4a">
         <name>.text:decompress:ZI:__TI_zero_init_nomemset:__TI_zero_init_nomemset</name>
         <load_address>0x3738</load_address>
         <run_address>0x3738</run_address>
         <size>0x1c</size>
         <input_file_ref idref="fl-c5"/>
      </object_component>
      <object_component id="oc-38f">
         <name>.text:memccpy</name>
         <load_address>0x3754</load_address>
         <run_address>0x3754</run_address>
         <size>0x1c</size>
         <input_file_ref idref="fl-dd"/>
      </object_component>
      <object_component id="oc-4a6">
         <name>.text:copysign</name>
         <load_address>0x3770</load_address>
         <run_address>0x3770</run_address>
         <size>0x1a</size>
         <input_file_ref idref="fl-e2"/>
      </object_component>
      <object_component id="oc-1d9">
         <name>.text:GrContextFontSet</name>
         <load_address>0x378a</load_address>
         <run_address>0x378a</run_address>
         <size>0x6</size>
         <input_file_ref idref="fl-e6"/>
      </object_component>
      <object_component id="oc-24">
         <name>.text</name>
         <load_address>0x3790</load_address>
         <run_address>0x3790</run_address>
         <size>0x1a</size>
         <input_file_ref idref="fl-7"/>
      </object_component>
      <object_component id="oc-dd">
         <name>.text:ADCClockConfigSet</name>
         <load_address>0x37aa</load_address>
         <run_address>0x37aa</run_address>
         <size>0x18</size>
         <input_file_ref idref="fl-ea"/>
      </object_component>
      <object_component id="oc-71">
         <name>.text:ADCProcessorTrigger</name>
         <load_address>0x37c2</load_address>
         <run_address>0x37c2</run_address>
         <size>0x18</size>
         <input_file_ref idref="fl-ea"/>
      </object_component>
      <object_component id="oc-323">
         <name>.text:GPIOPinTypeGPIOOutput</name>
         <load_address>0x37da</load_address>
         <run_address>0x37da</run_address>
         <size>0x18</size>
         <input_file_ref idref="fl-ec"/>
      </object_component>
      <object_component id="oc-2b5">
         <name>.text:_outc</name>
         <load_address>0x37f2</load_address>
         <run_address>0x37f2</run_address>
         <size>0x18</size>
         <input_file_ref idref="fl-c3"/>
      </object_component>
      <object_component id="oc-1f1">
         <name>.text:GrStringDraw</name>
         <load_address>0x380a</load_address>
         <run_address>0x380a</run_address>
         <size>0x16</size>
         <input_file_ref idref="fl-e6"/>
      </object_component>
      <object_component id="oc-44e">
         <name>.text:strchr</name>
         <load_address>0x3820</load_address>
         <run_address>0x3820</run_address>
         <size>0x16</size>
         <input_file_ref idref="fl-de"/>
      </object_component>
      <object_component id="oc-95">
         <name>.text:TimerDisable</name>
         <load_address>0x3838</load_address>
         <run_address>0x3838</run_address>
         <size>0x14</size>
         <input_file_ref idref="fl-f0"/>
      </object_component>
      <object_component id="oc-360">
         <name>.text:strlen</name>
         <load_address>0x384c</load_address>
         <run_address>0x384c</run_address>
         <size>0x14</size>
         <input_file_ref idref="fl-df"/>
      </object_component>
      <object_component id="oc-ce">
         <name>.text:GPIOPinTypeADC</name>
         <load_address>0x3860</load_address>
         <run_address>0x3860</run_address>
         <size>0x12</size>
         <input_file_ref idref="fl-ec"/>
      </object_component>
      <object_component id="oc-c2">
         <name>.text:GPIOPinTypeGPIOInput</name>
         <load_address>0x3872</load_address>
         <run_address>0x3872</run_address>
         <size>0x12</size>
         <input_file_ref idref="fl-ec"/>
      </object_component>
      <object_component id="oc-317">
         <name>.text:GPIOPinTypeSSI</name>
         <load_address>0x3884</load_address>
         <run_address>0x3884</run_address>
         <size>0x12</size>
         <input_file_ref idref="fl-ec"/>
      </object_component>
      <object_component id="oc-a4">
         <name>.text:TimerLoadSet</name>
         <load_address>0x3896</load_address>
         <run_address>0x3896</run_address>
         <size>0x12</size>
         <input_file_ref idref="fl-f0"/>
      </object_component>
      <object_component id="oc-395">
         <name>.text:wcslen</name>
         <load_address>0x38a8</load_address>
         <run_address>0x38a8</run_address>
         <size>0x12</size>
         <input_file_ref idref="fl-e1"/>
      </object_component>
      <object_component id="oc-1b5">
         <name>.text:FPUEnable</name>
         <load_address>0x38bc</load_address>
         <run_address>0x38bc</run_address>
         <size>0x10</size>
         <input_file_ref idref="fl-eb"/>
      </object_component>
      <object_component id="oc-1bb">
         <name>.text:FPULazyStackingEnable</name>
         <load_address>0x38cc</load_address>
         <run_address>0x38cc</run_address>
         <size>0x10</size>
         <input_file_ref idref="fl-eb"/>
      </object_component>
      <object_component id="oc-1af">
         <name>.text:IntMasterDisable</name>
         <load_address>0x38dc</load_address>
         <run_address>0x38dc</run_address>
         <size>0x10</size>
         <input_file_ref idref="fl-ed"/>
      </object_component>
      <object_component id="oc-1df">
         <name>.text:IntMasterEnable</name>
         <load_address>0x38ec</load_address>
         <run_address>0x38ec</run_address>
         <size>0x10</size>
         <input_file_ref idref="fl-ed"/>
      </object_component>
      <object_component id="oc-e3">
         <name>.text:ADCSequenceDisable</name>
         <load_address>0x38fc</load_address>
         <run_address>0x38fc</run_address>
         <size>0xe</size>
         <input_file_ref idref="fl-ea"/>
      </object_component>
      <object_component id="oc-f5">
         <name>.text:ADCSequenceEnable</name>
         <load_address>0x390a</load_address>
         <run_address>0x390a</run_address>
         <size>0xe</size>
         <input_file_ref idref="fl-ea"/>
      </object_component>
      <object_component id="oc-b0">
         <name>.text:TimerEnable</name>
         <load_address>0x3918</load_address>
         <run_address>0x3918</run_address>
         <size>0xe</size>
         <input_file_ref idref="fl-f0"/>
      </object_component>
      <object_component id="oc-18">
         <name>.text:decompress:none:__TI_decompress_none</name>
         <load_address>0x3926</load_address>
         <run_address>0x3926</run_address>
         <size>0xe</size>
         <input_file_ref idref="fl-c6"/>
      </object_component>
      <object_component id="oc-24c">
         <name>.text:CPUcpsid</name>
         <load_address>0x3934</load_address>
         <run_address>0x3934</run_address>
         <size>0xc</size>
         <input_file_ref idref="fl-f1"/>
      </object_component>
      <object_component id="oc-29b">
         <name>.text:CPUcpsie</name>
         <load_address>0x3940</load_address>
         <run_address>0x3940</run_address>
         <size>0xc</size>
         <input_file_ref idref="fl-f1"/>
      </object_component>
      <object_component id="oc-86">
         <name>.text:ADCIntClear</name>
         <load_address>0x394c</load_address>
         <run_address>0x394c</run_address>
         <size>0xa</size>
         <input_file_ref idref="fl-ea"/>
      </object_component>
      <object_component id="oc-2f9">
         <name>.text:SSIDataPut</name>
         <load_address>0x3956</load_address>
         <run_address>0x3956</run_address>
         <size>0xa</size>
         <input_file_ref idref="fl-ee"/>
      </object_component>
      <object_component id="oc-311">
         <name>.text:SSIEnable</name>
         <load_address>0x3960</load_address>
         <run_address>0x3960</run_address>
         <size>0xa</size>
         <input_file_ref idref="fl-ee"/>
      </object_component>
      <object_component id="oc-346">
         <name>.text:GrMapISO8859_1_Unicode</name>
         <load_address>0x396a</load_address>
         <run_address>0x396a</run_address>
         <size>0x8</size>
         <input_file_ref idref="fl-e8"/>
      </object_component>
      <object_component id="oc-2ff">
         <name>.text:SSIBusy</name>
         <load_address>0x3972</load_address>
         <run_address>0x3972</run_address>
         <size>0x8</size>
         <input_file_ref idref="fl-ee"/>
      </object_component>
      <object_component id="oc-aa">
         <name>.text:TimerIntEnable</name>
         <load_address>0x397a</load_address>
         <run_address>0x397a</run_address>
         <size>0x8</size>
         <input_file_ref idref="fl-f0"/>
      </object_component>
      <object_component id="oc-39b">
         <name>.text:__aeabi_errno_addr</name>
         <load_address>0x3984</load_address>
         <run_address>0x3984</run_address>
         <size>0x8</size>
         <input_file_ref idref="fl-e0"/>
      </object_component>
      <object_component id="oc-275">
         <name>.text:SysCtlDelay</name>
         <load_address>0x398c</load_address>
         <run_address>0x398c</run_address>
         <size>0x6</size>
         <input_file_ref idref="fl-ef"/>
      </object_component>
      <object_component id="oc-fd">
         <name>.text:TimerIntClear</name>
         <load_address>0x3992</load_address>
         <run_address>0x3992</run_address>
         <size>0x4</size>
         <input_file_ref idref="fl-f0"/>
      </object_component>
      <object_component id="oc-139">
         <name>.text:_system_pre_init</name>
         <load_address>0x3996</load_address>
         <run_address>0x3996</run_address>
         <size>0x4</size>
         <input_file_ref idref="fl-d5"/>
      </object_component>
      <object_component id="oc-1f8">
         <name>.text:abort:abort</name>
         <load_address>0x399a</load_address>
         <run_address>0x399a</run_address>
         <size>0x4</size>
         <input_file_ref idref="fl-d7"/>
      </object_component>
      <object_component id="oc-28c">
         <name>.const:.string:g_pui8FontFixed6x8Data</name>
         <load_address>0x39a0</load_address>
         <run_address>0x39a0</run_address>
         <size>0x2f8</size>
         <input_file_ref idref="fl-e7"/>
      </object_component>
      <object_component id="oc-264">
         <name>.const:g_pppui32XTALtoVCO</name>
         <load_address>0x3c98</load_address>
         <run_address>0x3c98</run_address>
         <size>0x120</size>
         <input_file_ref idref="fl-ef"/>
      </object_component>
      <object_component id="oc-3f7">
         <name>.const:.string:_ctypes_</name>
         <load_address>0x3db8</load_address>
         <run_address>0x3db8</run_address>
         <size>0x101</size>
         <input_file_ref idref="fl-db"/>
      </object_component>
      <object_component id="oc-1d6">
         <name>.const:g_sFontFixed6x8</name>
         <load_address>0x3ebc</load_address>
         <run_address>0x3ebc</run_address>
         <size>0xc8</size>
         <input_file_ref idref="fl-e7"/>
      </object_component>
      <object_component id="oc-174">
         <name>.const:g_pui32Regs</name>
         <load_address>0x3f84</load_address>
         <run_address>0x3f84</run_address>
         <size>0x9c</size>
         <input_file_ref idref="fl-ed"/>
      </object_component>
      <object_component id="oc-3db">
         <name>.const:g_pui32GPIOBaseAddrs</name>
         <load_address>0x4020</load_address>
         <run_address>0x4020</run_address>
         <size>0x90</size>
         <input_file_ref idref="fl-ec"/>
      </object_component>
      <object_component id="oc-179">
         <name>.const</name>
         <load_address>0x40b0</load_address>
         <run_address>0x40b0</run_address>
         <size>0x70</size>
         <input_file_ref idref="fl-ed"/>
      </object_component>
      <object_component id="oc-261">
         <name>.const:g_pui32Xtals</name>
         <load_address>0x4120</load_address>
         <run_address>0x4120</run_address>
         <size>0x6c</size>
         <input_file_ref idref="fl-ef"/>
      </object_component>
      <object_component id="oc-2ee">
         <name>.const:g_sXTALtoMEMTIM</name>
         <load_address>0x418c</load_address>
         <run_address>0x418c</run_address>
         <size>0x30</size>
         <input_file_ref idref="fl-ef"/>
      </object_component>
      <object_component id="oc-1cd">
         <name>.const:g_sCrystalfontz128x128</name>
         <load_address>0x41bc</load_address>
         <run_address>0x41bc</run_address>
         <size>0x28</size>
         <input_file_ref idref="fl-2"/>
      </object_component>
      <object_component id="oc-285">
         <name>.const</name>
         <load_address>0x41e4</load_address>
         <run_address>0x41e4</run_address>
         <size>0x10</size>
         <input_file_ref idref="fl-e4"/>
      </object_component>
      <object_component id="oc-267">
         <name>.const</name>
         <load_address>0x41f4</load_address>
         <run_address>0x41f4</run_address>
         <size>0x8</size>
         <input_file_ref idref="fl-ef"/>
      </object_component>
      <object_component id="oc-4fc">
         <name>.cinit..data.load</name>
         <load_address>0x4200</load_address>
         <run_address>0x4200</run_address>
         <size>0x14</size>
      </object_component>
      <object_component id="oc-4fa">
         <name>__TI_handler_table</name>
         <load_address>0x4214</load_address>
         <run_address>0x4214</run_address>
         <size>0xc</size>
      </object_component>
      <object_component id="oc-4fd">
         <name>.cinit..bss.load</name>
         <load_address>0x4220</load_address>
         <run_address>0x4220</run_address>
         <size>0x8</size>
      </object_component>
      <object_component id="oc-4fb">
         <name>__TI_cinit_table</name>
         <load_address>0x4228</load_address>
         <run_address>0x4228</run_address>
         <size>0x10</size>
      </object_component>
      <object_component id="oc-272">
         <name>.data:Lcd_buffer</name>
         <load_address>0x20000000</load_address>
         <run_address>0x20000000</run_address>
         <size>0x8000</size>
         <input_file_ref idref="fl-2"/>
      </object_component>
      <object_component id="oc-8c">
         <name>.data</name>
         <load_address>0x2000802c</load_address>
         <run_address>0x2000802c</run_address>
         <size>0x6</size>
         <input_file_ref idref="fl-4"/>
      </object_component>
      <object_component id="oc-7d">
         <name>.data:gJoystick</name>
         <load_address>0x20008024</load_address>
         <run_address>0x20008024</run_address>
         <size>0x8</size>
         <input_file_ref idref="fl-4"/>
      </object_component>
      <object_component id="oc-fc">
         <name>.data:count$2</name>
         <load_address>0x20008000</load_address>
         <run_address>0x20008000</run_address>
         <size>0x24</size>
         <input_file_ref idref="fl-4"/>
      </object_component>
      <object_component id="oc-109">
         <name>.data</name>
         <load_address>0x20008034</load_address>
         <run_address>0x20008034</run_address>
         <size>0x4</size>
         <input_file_ref idref="fl-5"/>
      </object_component>
      <object_component id="oc-45e">
         <name>.data</name>
         <load_address>0x20008038</load_address>
         <run_address>0x20008038</run_address>
         <size>0x4</size>
         <input_file_ref idref="fl-e0"/>
      </object_component>
      <object_component id="oc-fb">
         <name>.bss:state$1</name>
         <uninitialized>true</uninitialized>
         <run_address>0x20008840</run_address>
         <size>0x14</size>
         <input_file_ref idref="fl-4"/>
      </object_component>
      <object_component id="oc-26b">
         <name>.common:Lcd_Orientation</name>
         <uninitialized>true</uninitialized>
         <run_address>0x20008868</run_address>
         <size>0x1</size>
      </object_component>
      <object_component id="oc-277">
         <name>.common:Lcd_ScreenWidth</name>
         <uninitialized>true</uninitialized>
         <run_address>0x20008862</run_address>
         <size>0x2</size>
      </object_component>
      <object_component id="oc-276">
         <name>.common:Lcd_ScreenHeigth</name>
         <uninitialized>true</uninitialized>
         <run_address>0x20008860</run_address>
         <size>0x2</size>
      </object_component>
      <object_component id="oc-278">
         <name>.common:Lcd_PenSolid</name>
         <uninitialized>true</uninitialized>
         <run_address>0x20008869</run_address>
         <size>0x1</size>
      </object_component>
      <object_component id="oc-279">
         <name>.common:Lcd_FontSolid</name>
         <uninitialized>true</uninitialized>
         <run_address>0x20008867</run_address>
         <size>0x1</size>
      </object_component>
      <object_component id="oc-27a">
         <name>.common:Lcd_FlagRead</name>
         <uninitialized>true</uninitialized>
         <run_address>0x20008866</run_address>
         <size>0x1</size>
      </object_component>
      <object_component id="oc-27b">
         <name>.common:Lcd_TouchTrim</name>
         <uninitialized>true</uninitialized>
         <run_address>0x20008864</run_address>
         <size>0x2</size>
      </object_component>
      <object_component id="oc-da">
         <name>.common:gADCSamplingRate</name>
         <uninitialized>true</uninitialized>
         <run_address>0x20008854</run_address>
         <size>0x4</size>
      </object_component>
      <object_component id="oc-a1">
         <name>.common:gSystemClock</name>
         <uninitialized>true</uninitialized>
         <run_address>0x20008858</run_address>
         <size>0x4</size>
      </object_component>
      <object_component id="oc-288">
         <name>.common:g_psGrLibDefaults</name>
         <uninitialized>true</uninitialized>
         <run_address>0x2000885c</run_address>
         <size>0x4</size>
      </object_component>
      <object_component id="oc-21">
         <name>.stack</name>
         <uninitialized>true</uninitialized>
         <run_address>0x20008040</run_address>
         <size>0x4</size>
         <input_file_ref idref="fl-c8"/>
      </object_component>
      <object_component id="oc-4fe">
         <name>.stack</name>
         <uninitialized>true</uninitialized>
         <run_address>0x20008040</run_address>
         <size>0x0</size>
      </object_component>
      <object_component id="oc-19d">
         <name>.debug_info</name>
         <load_address>0x0</load_address>
         <run_address>0x0</run_address>
         <size>0x71d</size>
         <input_file_ref idref="fl-2"/>
      </object_component>
      <object_component id="oc-273">
         <name>.debug_info</name>
         <load_address>0x71d</load_address>
         <run_address>0x71d</run_address>
         <size>0x123</size>
         <input_file_ref idref="fl-2"/>
      </object_component>
      <object_component id="oc-1ce">
         <name>.debug_info</name>
         <load_address>0x840</load_address>
         <run_address>0x840</run_address>
         <size>0x13c</size>
         <input_file_ref idref="fl-2"/>
      </object_component>
      <object_component id="oc-1c8">
         <name>.debug_info</name>
         <load_address>0x97c</load_address>
         <run_address>0x97c</run_address>
         <size>0x1118</size>
         <input_file_ref idref="fl-2"/>
      </object_component>
      <object_component id="oc-167">
         <name>.debug_info</name>
         <load_address>0x1a94</load_address>
         <run_address>0x1a94</run_address>
         <size>0x6bd</size>
         <input_file_ref idref="fl-2"/>
      </object_component>
      <object_component id="oc-119">
         <name>.debug_info</name>
         <load_address>0x2151</load_address>
         <run_address>0x2151</run_address>
         <size>0x26b</size>
         <input_file_ref idref="fl-2"/>
      </object_component>
      <object_component id="oc-112">
         <name>.debug_info</name>
         <load_address>0x23bc</load_address>
         <run_address>0x23bc</run_address>
         <size>0x8b</size>
         <input_file_ref idref="fl-2"/>
      </object_component>
      <object_component id="oc-198">
         <name>.debug_info</name>
         <load_address>0x2447</load_address>
         <run_address>0x2447</run_address>
         <size>0x297</size>
         <input_file_ref idref="fl-2"/>
      </object_component>
      <object_component id="oc-188">
         <name>.debug_info</name>
         <load_address>0x26de</load_address>
         <run_address>0x26de</run_address>
         <size>0xef</size>
         <input_file_ref idref="fl-2"/>
      </object_component>
      <object_component id="oc-10d">
         <name>.debug_info</name>
         <load_address>0x27cd</load_address>
         <run_address>0x27cd</run_address>
         <size>0xbb</size>
         <input_file_ref idref="fl-2"/>
      </object_component>
      <object_component id="oc-32a">
         <name>.debug_info</name>
         <load_address>0x2888</load_address>
         <run_address>0x2888</run_address>
         <size>0x6dd</size>
         <input_file_ref idref="fl-3"/>
      </object_component>
      <object_component id="oc-26d">
         <name>.debug_info</name>
         <load_address>0x2f65</load_address>
         <run_address>0x2f65</run_address>
         <size>0x63d</size>
         <input_file_ref idref="fl-3"/>
      </object_component>
      <object_component id="oc-db">
         <name>.debug_info</name>
         <load_address>0x35a2</load_address>
         <run_address>0x35a2</run_address>
         <size>0x854</size>
         <input_file_ref idref="fl-4"/>
      </object_component>
      <object_component id="oc-8d">
         <name>.debug_info</name>
         <load_address>0x3df6</load_address>
         <run_address>0x3df6</run_address>
         <size>0x10c</size>
         <input_file_ref idref="fl-4"/>
      </object_component>
      <object_component id="oc-7e">
         <name>.debug_info</name>
         <load_address>0x3f02</load_address>
         <run_address>0x3f02</run_address>
         <size>0x10e</size>
         <input_file_ref idref="fl-4"/>
      </object_component>
      <object_component id="oc-2d">
         <name>.debug_info</name>
         <load_address>0x4010</load_address>
         <run_address>0x4010</run_address>
         <size>0x7f9</size>
         <input_file_ref idref="fl-4"/>
      </object_component>
      <object_component id="oc-a2">
         <name>.debug_info</name>
         <load_address>0x4809</load_address>
         <run_address>0x4809</run_address>
         <size>0x838</size>
         <input_file_ref idref="fl-5"/>
      </object_component>
      <object_component id="oc-10a">
         <name>.debug_info</name>
         <load_address>0x5041</load_address>
         <run_address>0x5041</run_address>
         <size>0x103</size>
         <input_file_ref idref="fl-5"/>
      </object_component>
      <object_component id="oc-142">
         <name>.debug_info</name>
         <load_address>0x5144</load_address>
         <run_address>0x5144</run_address>
         <size>0x31d</size>
         <input_file_ref idref="fl-5"/>
      </object_component>
      <object_component id="oc-16c">
         <name>.debug_info</name>
         <load_address>0x5461</load_address>
         <run_address>0x5461</run_address>
         <size>0xcc</size>
         <input_file_ref idref="fl-5"/>
      </object_component>
      <object_component id="oc-2c7">
         <name>.debug_info</name>
         <load_address>0x552d</load_address>
         <run_address>0x552d</run_address>
         <size>0x2c</size>
         <input_file_ref idref="fl-5"/>
      </object_component>
      <object_component id="oc-d5">
         <name>.debug_info</name>
         <load_address>0x5559</load_address>
         <run_address>0x5559</run_address>
         <size>0x1e7</size>
         <input_file_ref idref="fl-6"/>
      </object_component>
      <object_component id="oc-39">
         <name>.debug_info</name>
         <load_address>0x5740</load_address>
         <run_address>0x5740</run_address>
         <size>0x84</size>
         <input_file_ref idref="fl-6"/>
      </object_component>
      <object_component id="oc-32">
         <name>.debug_info</name>
         <load_address>0x57c4</load_address>
         <run_address>0x57c4</run_address>
         <size>0x301</size>
         <input_file_ref idref="fl-7"/>
      </object_component>
      <object_component id="oc-10">
         <name>.debug_info</name>
         <load_address>0x5ac5</load_address>
         <run_address>0x5ac5</run_address>
         <size>0x126</size>
         <input_file_ref idref="fl-7"/>
      </object_component>
      <object_component id="oc-25">
         <name>.debug_info</name>
         <load_address>0x5beb</load_address>
         <run_address>0x5beb</run_address>
         <size>0x2a5</size>
         <input_file_ref idref="fl-7"/>
      </object_component>
      <object_component id="oc-2bc">
         <name>.debug_info</name>
         <load_address>0x5e90</load_address>
         <run_address>0x5e90</run_address>
         <size>0x33b</size>
         <input_file_ref idref="fl-c3"/>
      </object_component>
      <object_component id="oc-1ef">
         <name>.debug_info</name>
         <load_address>0x61cb</load_address>
         <run_address>0x61cb</run_address>
         <size>0x1ef</size>
         <input_file_ref idref="fl-c3"/>
      </object_component>
      <object_component id="oc-2b3">
         <name>.debug_info</name>
         <load_address>0x63ba</load_address>
         <run_address>0x63ba</run_address>
         <size>0x1c4</size>
         <input_file_ref idref="fl-c3"/>
      </object_component>
      <object_component id="oc-2b9">
         <name>.debug_info</name>
         <load_address>0x657e</load_address>
         <run_address>0x657e</run_address>
         <size>0x177</size>
         <input_file_ref idref="fl-c3"/>
      </object_component>
      <object_component id="oc-2bd">
         <name>.debug_info</name>
         <load_address>0x66f5</load_address>
         <run_address>0x66f5</run_address>
         <size>0x2c</size>
         <input_file_ref idref="fl-c3"/>
      </object_component>
      <object_component id="oc-2c2">
         <name>.debug_info</name>
         <load_address>0x6721</load_address>
         <run_address>0x6721</run_address>
         <size>0x69</size>
         <input_file_ref idref="fl-c3"/>
      </object_component>
      <object_component id="oc-3f">
         <name>.debug_info</name>
         <load_address>0x678a</load_address>
         <run_address>0x678a</run_address>
         <size>0x11a</size>
         <input_file_ref idref="fl-c4"/>
      </object_component>
      <object_component id="oc-132">
         <name>.debug_info</name>
         <load_address>0x68a4</load_address>
         <run_address>0x68a4</run_address>
         <size>0x2d5</size>
         <input_file_ref idref="fl-c5"/>
      </object_component>
      <object_component id="oc-4c">
         <name>.debug_info</name>
         <load_address>0x6b79</load_address>
         <run_address>0x6b79</run_address>
         <size>0x1d3</size>
         <input_file_ref idref="fl-c5"/>
      </object_component>
      <object_component id="oc-12d">
         <name>.debug_info</name>
         <load_address>0x6d4c</load_address>
         <run_address>0x6d4c</run_address>
         <size>0x46</size>
         <input_file_ref idref="fl-c5"/>
      </object_component>
      <object_component id="oc-1a6">
         <name>.debug_info</name>
         <load_address>0x6d92</load_address>
         <run_address>0x6d92</run_address>
         <size>0x2c</size>
         <input_file_ref idref="fl-c5"/>
      </object_component>
      <object_component id="oc-49">
         <name>.debug_info</name>
         <load_address>0x6dbe</load_address>
         <run_address>0x6dbe</run_address>
         <size>0x2a9</size>
         <input_file_ref idref="fl-c6"/>
      </object_component>
      <object_component id="oc-1c">
         <name>.debug_info</name>
         <load_address>0x7067</load_address>
         <run_address>0x7067</run_address>
         <size>0x1eb</size>
         <input_file_ref idref="fl-c6"/>
      </object_component>
      <object_component id="oc-44">
         <name>.debug_info</name>
         <load_address>0x7252</load_address>
         <run_address>0x7252</run_address>
         <size>0x46</size>
         <input_file_ref idref="fl-c6"/>
      </object_component>
      <object_component id="oc-125">
         <name>.debug_info</name>
         <load_address>0x7298</load_address>
         <run_address>0x7298</run_address>
         <size>0x2c</size>
         <input_file_ref idref="fl-c6"/>
      </object_component>
      <object_component id="oc-123">
         <name>.debug_info</name>
         <load_address>0x72c4</load_address>
         <run_address>0x72c4</run_address>
         <size>0x29f</size>
         <input_file_ref idref="fl-c7"/>
      </object_component>
      <object_component id="oc-15">
         <name>.debug_info</name>
         <load_address>0x7563</load_address>
         <run_address>0x7563</run_address>
         <size>0x251</size>
         <input_file_ref idref="fl-c7"/>
      </object_component>
      <object_component id="oc-34">
         <name>.debug_info</name>
         <load_address>0x77b4</load_address>
         <run_address>0x77b4</run_address>
         <size>0x60</size>
         <input_file_ref idref="fl-c7"/>
      </object_component>
      <object_component id="oc-19f">
         <name>.debug_info</name>
         <load_address>0x7814</load_address>
         <run_address>0x7814</run_address>
         <size>0x46</size>
         <input_file_ref idref="fl-c7"/>
      </object_component>
      <object_component id="oc-11e">
         <name>.debug_info</name>
         <load_address>0x785a</load_address>
         <run_address>0x785a</run_address>
         <size>0x39</size>
         <input_file_ref idref="fl-c7"/>
      </object_component>
      <object_component id="oc-22">
         <name>.debug_info</name>
         <load_address>0x7893</load_address>
         <run_address>0x7893</run_address>
         <size>0x10c</size>
         <input_file_ref idref="fl-c8"/>
      </object_component>
      <object_component id="oc-5d">
         <name>.debug_info</name>
         <load_address>0x799f</load_address>
         <run_address>0x799f</run_address>
         <size>0x1aa</size>
         <input_file_ref idref="fl-c8"/>
      </object_component>
      <object_component id="oc-3a2">
         <name>.debug_info</name>
         <load_address>0x7b49</load_address>
         <run_address>0x7b49</run_address>
         <size>0x57c</size>
         <input_file_ref idref="fl-c9"/>
      </object_component>
      <object_component id="oc-36e">
         <name>.debug_info</name>
         <load_address>0x80c5</load_address>
         <run_address>0x80c5</run_address>
         <size>0x21f</size>
         <input_file_ref idref="fl-c9"/>
      </object_component>
      <object_component id="oc-429">
         <name>.debug_info</name>
         <load_address>0x82e4</load_address>
         <run_address>0x82e4</run_address>
         <size>0x1b4</size>
         <input_file_ref idref="fl-c9"/>
      </object_component>
      <object_component id="oc-42f">
         <name>.debug_info</name>
         <load_address>0x8498</load_address>
         <run_address>0x8498</run_address>
         <size>0x21c</size>
         <input_file_ref idref="fl-c9"/>
      </object_component>
      <object_component id="oc-378">
         <name>.debug_info</name>
         <load_address>0x86b4</load_address>
         <run_address>0x86b4</run_address>
         <size>0x3bc</size>
         <input_file_ref idref="fl-c9"/>
      </object_component>
      <object_component id="oc-435">
         <name>.debug_info</name>
         <load_address>0x8a70</load_address>
         <run_address>0x8a70</run_address>
         <size>0x306</size>
         <input_file_ref idref="fl-c9"/>
      </object_component>
      <object_component id="oc-43c">
         <name>.debug_info</name>
         <load_address>0x8d76</load_address>
         <run_address>0x8d76</run_address>
         <size>0x216</size>
         <input_file_ref idref="fl-c9"/>
      </object_component>
      <object_component id="oc-37e">
         <name>.debug_info</name>
         <load_address>0x8f8c</load_address>
         <run_address>0x8f8c</run_address>
         <size>0x216</size>
         <input_file_ref idref="fl-c9"/>
      </object_component>
      <object_component id="oc-384">
         <name>.debug_info</name>
         <load_address>0x91a2</load_address>
         <run_address>0x91a2</run_address>
         <size>0x305</size>
         <input_file_ref idref="fl-c9"/>
      </object_component>
      <object_component id="oc-38a">
         <name>.debug_info</name>
         <load_address>0x94a7</load_address>
         <run_address>0x94a7</run_address>
         <size>0x4b1</size>
         <input_file_ref idref="fl-c9"/>
      </object_component>
      <object_component id="oc-2aa">
         <name>.debug_info</name>
         <load_address>0x9958</load_address>
         <run_address>0x9958</run_address>
         <size>0x5f5</size>
         <input_file_ref idref="fl-c9"/>
      </object_component>
      <object_component id="oc-3a3">
         <name>.debug_info</name>
         <load_address>0x9f4d</load_address>
         <run_address>0x9f4d</run_address>
         <size>0x86</size>
         <input_file_ref idref="fl-c9"/>
      </object_component>
      <object_component id="oc-465">
         <name>.debug_info</name>
         <load_address>0x9fd3</load_address>
         <run_address>0x9fd3</run_address>
         <size>0x39</size>
         <input_file_ref idref="fl-c9"/>
      </object_component>
      <object_component id="oc-4bd">
         <name>.debug_info</name>
         <load_address>0xa00c</load_address>
         <run_address>0xa00c</run_address>
         <size>0xb6</size>
         <input_file_ref idref="fl-c9"/>
      </object_component>
      <object_component id="oc-46a">
         <name>.debug_info</name>
         <load_address>0xa0c2</load_address>
         <run_address>0xa0c2</run_address>
         <size>0x46</size>
         <input_file_ref idref="fl-c9"/>
      </object_component>
      <object_component id="oc-3a8">
         <name>.debug_info</name>
         <load_address>0xa108</load_address>
         <run_address>0xa108</run_address>
         <size>0x46</size>
         <input_file_ref idref="fl-c9"/>
      </object_component>
      <object_component id="oc-4a0">
         <name>.debug_info</name>
         <load_address>0xa14e</load_address>
         <run_address>0xa14e</run_address>
         <size>0x29b</size>
         <input_file_ref idref="fl-ca"/>
      </object_component>
      <object_component id="oc-443">
         <name>.debug_info</name>
         <load_address>0xa3e9</load_address>
         <run_address>0xa3e9</run_address>
         <size>0x196</size>
         <input_file_ref idref="fl-ca"/>
      </object_component>
      <object_component id="oc-4c9">
         <name>.debug_info</name>
         <load_address>0xa57f</load_address>
         <run_address>0xa57f</run_address>
         <size>0x39</size>
         <input_file_ref idref="fl-ca"/>
      </object_component>
      <object_component id="oc-4a1">
         <name>.debug_info</name>
         <load_address>0xa5b8</load_address>
         <run_address>0xa5b8</run_address>
         <size>0x2c</size>
         <input_file_ref idref="fl-ca"/>
      </object_component>
      <object_component id="oc-4ad">
         <name>.debug_info</name>
         <load_address>0xa5e4</load_address>
         <run_address>0xa5e4</run_address>
         <size>0x2fe</size>
         <input_file_ref idref="fl-cb"/>
      </object_component>
      <object_component id="oc-44a">
         <name>.debug_info</name>
         <load_address>0xa8e2</load_address>
         <run_address>0xa8e2</run_address>
         <size>0x226</size>
         <input_file_ref idref="fl-cb"/>
      </object_component>
      <object_component id="oc-3fe">
         <name>.debug_info</name>
         <load_address>0xab08</load_address>
         <run_address>0xab08</run_address>
         <size>0x135</size>
         <input_file_ref idref="fl-cc"/>
      </object_component>
      <object_component id="oc-135">
         <name>.debug_info</name>
         <load_address>0xac3d</load_address>
         <run_address>0xac3d</run_address>
         <size>0x148</size>
         <input_file_ref idref="fl-cd"/>
      </object_component>
      <object_component id="oc-425">
         <name>.debug_info</name>
         <load_address>0xad85</load_address>
         <run_address>0xad85</run_address>
         <size>0x14d</size>
         <input_file_ref idref="fl-ce"/>
      </object_component>
      <object_component id="oc-374">
         <name>.debug_info</name>
         <load_address>0xaed2</load_address>
         <run_address>0xaed2</run_address>
         <size>0x129</size>
         <input_file_ref idref="fl-cf"/>
      </object_component>
      <object_component id="oc-40f">
         <name>.debug_info</name>
         <load_address>0xaffb</load_address>
         <run_address>0xaffb</run_address>
         <size>0x12b</size>
         <input_file_ref idref="fl-cf"/>
      </object_component>
      <object_component id="oc-409">
         <name>.debug_info</name>
         <load_address>0xb126</load_address>
         <run_address>0xb126</run_address>
         <size>0x13b</size>
         <input_file_ref idref="fl-d0"/>
      </object_component>
      <object_component id="oc-406">
         <name>.debug_info</name>
         <load_address>0xb261</load_address>
         <run_address>0xb261</run_address>
         <size>0x13b</size>
         <input_file_ref idref="fl-d1"/>
      </object_component>
      <object_component id="oc-413">
         <name>.debug_info</name>
         <load_address>0xb39c</load_address>
         <run_address>0xb39c</run_address>
         <size>0x12f</size>
         <input_file_ref idref="fl-d2"/>
      </object_component>
      <object_component id="oc-41e">
         <name>.debug_info</name>
         <load_address>0xb4cb</load_address>
         <run_address>0xb4cb</run_address>
         <size>0x12d</size>
         <input_file_ref idref="fl-d3"/>
      </object_component>
      <object_component id="oc-2d8">
         <name>.debug_info</name>
         <load_address>0xb5f8</load_address>
         <run_address>0xb5f8</run_address>
         <size>0x4b4</size>
         <input_file_ref idref="fl-d4"/>
      </object_component>
      <object_component id="oc-208">
         <name>.debug_info</name>
         <load_address>0xbaac</load_address>
         <run_address>0xbaac</run_address>
         <size>0x1a7</size>
         <input_file_ref idref="fl-d4"/>
      </object_component>
      <object_component id="oc-3c1">
         <name>.debug_info</name>
         <load_address>0xbc53</load_address>
         <run_address>0xbc53</run_address>
         <size>0x39</size>
         <input_file_ref idref="fl-d4"/>
      </object_component>
      <object_component id="oc-472">
         <name>.debug_info</name>
         <load_address>0xbc8c</load_address>
         <run_address>0xbc8c</run_address>
         <size>0x39</size>
         <input_file_ref idref="fl-d4"/>
      </object_component>
      <object_component id="oc-3c6">
         <name>.debug_info</name>
         <load_address>0xbcc5</load_address>
         <run_address>0xbcc5</run_address>
         <size>0x39</size>
         <input_file_ref idref="fl-d4"/>
      </object_component>
      <object_component id="oc-3cb">
         <name>.debug_info</name>
         <load_address>0xbcfe</load_address>
         <run_address>0xbcfe</run_address>
         <size>0xcd</size>
         <input_file_ref idref="fl-d4"/>
      </object_component>
      <object_component id="oc-13d">
         <name>.debug_info</name>
         <load_address>0xbdcb</load_address>
         <run_address>0xbdcb</run_address>
         <size>0x154</size>
         <input_file_ref idref="fl-d5"/>
      </object_component>
      <object_component id="oc-1fa">
         <name>.debug_info</name>
         <load_address>0xbf1f</load_address>
         <run_address>0xbf1f</run_address>
         <size>0x123</size>
         <input_file_ref idref="fl-d7"/>
      </object_component>
      <object_component id="oc-3fb">
         <name>.debug_info</name>
         <load_address>0xc042</load_address>
         <run_address>0xc042</run_address>
         <size>0x2ba</size>
         <input_file_ref idref="fl-da"/>
      </object_component>
      <object_component id="oc-368">
         <name>.debug_info</name>
         <load_address>0xc2fc</load_address>
         <run_address>0xc2fc</run_address>
         <size>0x17d</size>
         <input_file_ref idref="fl-da"/>
      </object_component>
      <object_component id="oc-48a">
         <name>.debug_info</name>
         <load_address>0xc479</load_address>
         <run_address>0xc479</run_address>
         <size>0xfa</size>
         <input_file_ref idref="fl-db"/>
      </object_component>
      <object_component id="oc-3f8">
         <name>.debug_info</name>
         <load_address>0xc573</load_address>
         <run_address>0xc573</run_address>
         <size>0x106</size>
         <input_file_ref idref="fl-db"/>
      </object_component>
      <object_component id="oc-498">
         <name>.debug_info</name>
         <load_address>0xc679</load_address>
         <run_address>0xc679</run_address>
         <size>0x29c</size>
         <input_file_ref idref="fl-dc"/>
      </object_component>
      <object_component id="oc-41a">
         <name>.debug_info</name>
         <load_address>0xc915</load_address>
         <run_address>0xc915</run_address>
         <size>0x1ce</size>
         <input_file_ref idref="fl-dc"/>
      </object_component>
      <object_component id="oc-456">
         <name>.debug_info</name>
         <load_address>0xcae3</load_address>
         <run_address>0xcae3</run_address>
         <size>0x297</size>
         <input_file_ref idref="fl-dd"/>
      </object_component>
      <object_component id="oc-392">
         <name>.debug_info</name>
         <load_address>0xcd7a</load_address>
         <run_address>0xcd7a</run_address>
         <size>0x1b7</size>
         <input_file_ref idref="fl-dd"/>
      </object_component>
      <object_component id="oc-4af">
         <name>.debug_info</name>
         <load_address>0xcf31</load_address>
         <run_address>0xcf31</run_address>
         <size>0x29b</size>
         <input_file_ref idref="fl-de"/>
      </object_component>
      <object_component id="oc-451">
         <name>.debug_info</name>
         <load_address>0xd1cc</load_address>
         <run_address>0xd1cc</run_address>
         <size>0x263</size>
         <input_file_ref idref="fl-de"/>
      </object_component>
      <object_component id="oc-3f6">
         <name>.debug_info</name>
         <load_address>0xd42f</load_address>
         <run_address>0xd42f</run_address>
         <size>0x290</size>
         <input_file_ref idref="fl-df"/>
      </object_component>
      <object_component id="oc-362">
         <name>.debug_info</name>
         <load_address>0xd6bf</load_address>
         <run_address>0xd6bf</run_address>
         <size>0x246</size>
         <input_file_ref idref="fl-df"/>
      </object_component>
      <object_component id="oc-462">
         <name>.debug_info</name>
         <load_address>0xd905</load_address>
         <run_address>0xd905</run_address>
         <size>0x28a</size>
         <input_file_ref idref="fl-e0"/>
      </object_component>
      <object_component id="oc-45f">
         <name>.debug_info</name>
         <load_address>0xdb8f</load_address>
         <run_address>0xdb8f</run_address>
         <size>0x10f</size>
         <input_file_ref idref="fl-e0"/>
      </object_component>
      <object_component id="oc-39c">
         <name>.debug_info</name>
         <load_address>0xdc9e</load_address>
         <run_address>0xdc9e</run_address>
         <size>0x14f</size>
         <input_file_ref idref="fl-e0"/>
      </object_component>
      <object_component id="oc-45d">
         <name>.debug_info</name>
         <load_address>0xdded</load_address>
         <run_address>0xdded</run_address>
         <size>0x290</size>
         <input_file_ref idref="fl-e1"/>
      </object_component>
      <object_component id="oc-397">
         <name>.debug_info</name>
         <load_address>0xe07d</load_address>
         <run_address>0xe07d</run_address>
         <size>0x15b</size>
         <input_file_ref idref="fl-e1"/>
      </object_component>
      <object_component id="oc-4b2">
         <name>.debug_info</name>
         <load_address>0xe1d8</load_address>
         <run_address>0xe1d8</run_address>
         <size>0x46</size>
         <input_file_ref idref="fl-e1"/>
      </object_component>
      <object_component id="oc-458">
         <name>.debug_info</name>
         <load_address>0xe21e</load_address>
         <run_address>0xe21e</run_address>
         <size>0x39</size>
         <input_file_ref idref="fl-e1"/>
      </object_component>
      <object_component id="oc-4a7">
         <name>.debug_info</name>
         <load_address>0xe257</load_address>
         <run_address>0xe257</run_address>
         <size>0x162</size>
         <input_file_ref idref="fl-e2"/>
      </object_component>
      <object_component id="oc-48e">
         <name>.debug_info</name>
         <load_address>0xe3b9</load_address>
         <run_address>0xe3b9</run_address>
         <size>0x116</size>
         <input_file_ref idref="fl-e3"/>
      </object_component>
      <object_component id="oc-289">
         <name>.debug_info</name>
         <load_address>0xe4cf</load_address>
         <run_address>0xe4cf</run_address>
         <size>0x464</size>
         <input_file_ref idref="fl-e4"/>
      </object_component>
      <object_component id="oc-286">
         <name>.debug_info</name>
         <load_address>0xe933</load_address>
         <run_address>0xe933</run_address>
         <size>0x167</size>
         <input_file_ref idref="fl-e4"/>
      </object_component>
      <object_component id="oc-1d2">
         <name>.debug_info</name>
         <load_address>0xea9a</load_address>
         <run_address>0xea9a</run_address>
         <size>0x27d</size>
         <input_file_ref idref="fl-e4"/>
      </object_component>
      <object_component id="oc-2a4">
         <name>.debug_info</name>
         <load_address>0xed17</load_address>
         <run_address>0xed17</run_address>
         <size>0x6bd</size>
         <input_file_ref idref="fl-e4"/>
      </object_component>
      <object_component id="oc-152">
         <name>.debug_info</name>
         <load_address>0xf3d4</load_address>
         <run_address>0xf3d4</run_address>
         <size>0x18b</size>
         <input_file_ref idref="fl-e4"/>
      </object_component>
      <object_component id="oc-2a3">
         <name>.debug_info</name>
         <load_address>0xf55f</load_address>
         <run_address>0xf55f</run_address>
         <size>0x3d9</size>
         <input_file_ref idref="fl-e5"/>
      </object_component>
      <object_component id="oc-1e8">
         <name>.debug_info</name>
         <load_address>0xf938</load_address>
         <run_address>0xf938</run_address>
         <size>0x284</size>
         <input_file_ref idref="fl-e5"/>
      </object_component>
      <object_component id="oc-299">
         <name>.debug_info</name>
         <load_address>0xfbbc</load_address>
         <run_address>0xfbbc</run_address>
         <size>0x51c</size>
         <input_file_ref idref="fl-e6"/>
      </object_component>
      <object_component id="oc-334">
         <name>.debug_info</name>
         <load_address>0x100d8</load_address>
         <run_address>0x100d8</run_address>
         <size>0x2fe</size>
         <input_file_ref idref="fl-e6"/>
      </object_component>
      <object_component id="oc-3e5">
         <name>.debug_info</name>
         <load_address>0x103d6</load_address>
         <run_address>0x103d6</run_address>
         <size>0x315</size>
         <input_file_ref idref="fl-e6"/>
      </object_component>
      <object_component id="oc-3eb">
         <name>.debug_info</name>
         <load_address>0x106eb</load_address>
         <run_address>0x106eb</run_address>
         <size>0x34b</size>
         <input_file_ref idref="fl-e6"/>
      </object_component>
      <object_component id="oc-33a">
         <name>.debug_info</name>
         <load_address>0x10a36</load_address>
         <run_address>0x10a36</run_address>
         <size>0x30a</size>
         <input_file_ref idref="fl-e6"/>
      </object_component>
      <object_component id="oc-32e">
         <name>.debug_info</name>
         <load_address>0x10d40</load_address>
         <run_address>0x10d40</run_address>
         <size>0x341</size>
         <input_file_ref idref="fl-e6"/>
      </object_component>
      <object_component id="oc-1f2">
         <name>.debug_info</name>
         <load_address>0x11081</load_address>
         <run_address>0x11081</run_address>
         <size>0x2fc</size>
         <input_file_ref idref="fl-e6"/>
      </object_component>
      <object_component id="oc-355">
         <name>.debug_info</name>
[...]
         <object_component_ref idref="oc-1c7"/>
      </symbol>
      <symbol id="sm-97">
         <name>Crystalfontz128x128_SetOrientation</name>
         <value>0x10c9</value>
         <object_component_ref idref="oc-1c7"/>
      </symbol>
      <symbol id="sm-98">
         <name>g_sCrystalfontz128x128</name>
         <value>0x41bc</value>
         <object_component_ref idref="oc-1cd"/>
      </symbol>
      <symbol id="sm-99">
         <name>Crystalfontz128x128_Init</name>
         <value>0x13f1</value>
         <object_component_ref idref="oc-1c7"/>
      </symbol>
      <symbol id="sm-ab">
         <name>HAL_LCD_writeData</name>
         <value>0x20a1</value>
         <object_component_ref idref="oc-26c"/>
      </symbol>
      <symbol id="sm-ac">
         <name>HAL_LCD_SpiInit</name>
         <value>0x2101</value>
         <object_component_ref idref="oc-26c"/>
      </symbol>
      <symbol id="sm-ad">
         <name>HAL_LCD_PortInit</name>
         <value>0x2191</value>
         <object_component_ref idref="oc-26c"/>
      </symbol>
      <symbol id="sm-ae">
         <name>HAL_LCD_writeCommand</name>
         <value>0x20b1</value>
         <object_component_ref idref="oc-26c"/>
      </symbol>
      <symbol id="sm-e5">
         <name>gADCSamplingRate</name>
         <value>0x20008854</value>
      </symbol>
      <symbol id="sm-e6">
         <name>ButtonDebounce</name>
         <value>0xef9</value>
         <object_component_ref idref="oc-2a"/>
      </symbol>
      <symbol id="sm-e7">
         <name>ButtonReadJoystick</name>
         <value>0xc59</value>
         <object_component_ref idref="oc-2a"/>
      </symbol>
      <symbol id="sm-e8">
         <name>ButtonAutoRepeat</name>
         <value>0xf69</value>
         <object_component_ref idref="oc-2a"/>
      </symbol>
      <symbol id="sm-e9">
         <name>gButtons</name>
         <value>0x2000802c</value>
         <object_component_ref idref="oc-8c"/>
      </symbol>
      <symbol id="sm-ea">
         <name>ButtonISR</name>
         <value>0xfe9</value>
         <object_component_ref idref="oc-2a"/>
      </symbol>
      <symbol id="sm-eb">
         <name>ButtonInit</name>
         <value>0xd39</value>
         <object_component_ref idref="oc-2a"/>
      </symbol>
      <symbol id="sm-ec">
         <name>gJoystick</name>
         <value>0x20008024</value>
         <object_component_ref idref="oc-7d"/>
      </symbol>
      <symbol id="sm-110">
         <name>gSystemClock</name>
         <value>0x20008858</value>
      </symbol>
      <symbol id="sm-111">
         <name>gTime</name>
         <value>0x20008034</value>
         <object_component_ref idref="oc-109"/>
      </symbol>
      <symbol id="sm-112">
         <name>main</name>
         <value>0x1f11</value>
         <object_component_ref idref="oc-13f"/>
      </symbol>
      <symbol id="sm-121">
         <name>SysCtlFrequencyGet</name>
         <value>0x32c9</value>
         <object_component_ref idref="oc-d4"/>
      </symbol>
      <symbol id="sm-13d">
         <name>ResetISR</name>
         <value>0x3791</value>
         <object_component_ref idref="oc-24"/>
      </symbol>
      <symbol id="sm-13e">
         <name>g_pfnVectors</name>
         <value>0x0</value>
         <object_component_ref idref="oc-f"/>
      </symbol>
      <symbol id="sm-16d">
         <name>snprintf</name>
         <value>0x3231</value>
         <object_component_ref idref="oc-1eb"/>
      </symbol>
      <symbol id="sm-188">
         <name>memcpy</name>
         <value>0x2a6b</value>
         <object_component_ref idref="oc-3e"/>
      </symbol>
      <symbol id="sm-189">
         <name>__aeabi_memcpy</name>
         <value>0x2a6b</value>
         <object_component_ref idref="oc-3e"/>
      </symbol>
      <symbol id="sm-18a">
         <name>__aeabi_memcpy8</name>
         <value>0x2a6b</value>
         <object_component_ref idref="oc-3e"/>
      </symbol>
      <symbol id="sm-18b">
         <name>__aeabi_memcpy4</name>
         <value>0x2a6b</value>
         <object_component_ref idref="oc-3e"/>
      </symbol>
      <symbol id="sm-1a4">
         <name>__TI_zero_init_nomemset</name>
         <value>0x3739</value>
         <object_component_ref idref="oc-4a"/>
      </symbol>
      <symbol id="sm-1bb">
         <name>__TI_decompress_none</name>
         <value>0x3927</value>
         <object_component_ref idref="oc-18"/>
      </symbol>
      <symbol id="sm-1de">
         <name>__TI_decompress_lzss</name>
         <value>0x2f61</value>
         <object_component_ref idref="oc-12"/>
      </symbol>
      <symbol id="sm-1f1">
         <name>__stack</name>
         <value>0x20008040</value>
         <object_component_ref idref="oc-21"/>
      </symbol>
      <symbol id="sm-1f2">
         <name>_c_int00_noargs</name>
         <value>0x3559</value>
         <object_component_ref idref="oc-5c"/>
      </symbol>
      <symbol id="sm-357">
         <name>__TI_printfi</name>
         <value>0x209</value>
         <object_component_ref idref="oc-2a9"/>
      </symbol>
      <symbol id="sm-377">
         <name>frexpl</name>
         <value>0x2fc9</value>
         <object_component_ref idref="oc-442"/>
      </symbol>
      <symbol id="sm-378">
         <name>frexp</name>
         <value>0x2fc9</value>
         <object_component_ref idref="oc-442"/>
      </symbol>
      <symbol id="sm-395">
         <name>scalbn</name>
         <value>0x26e9</value>
         <object_component_ref idref="oc-448"/>
      </symbol>
      <symbol id="sm-396">
         <name>scalbnl</name>
         <value>0x26e9</value>
         <object_component_ref idref="oc-448"/>
      </symbol>
      <symbol id="sm-397">
         <name>ldexpl</name>
         <value>0x26e9</value>
         <object_component_ref idref="oc-448"/>
      </symbol>
      <symbol id="sm-398">
         <name>ldexp</name>
         <value>0x26e9</value>
         <object_component_ref idref="oc-448"/>
      </symbol>
      <symbol id="sm-3a5">
         <name>__aeabi_uldivmod</name>
         <value>0x2b07</value>
         <object_component_ref idref="oc-3fc"/>
      </symbol>
      <symbol id="sm-3b4">
         <name>__aeabi_memset</name>
         <value>0x2dab</value>
         <object_component_ref idref="oc-133"/>
      </symbol>
      <symbol id="sm-3b5">
         <name>memset</name>
         <value>0x2db1</value>
         <object_component_ref idref="oc-133"/>
      </symbol>
      <symbol id="sm-3b6">
         <name>__aeabi_memset8</name>
         <value>0x2dab</value>
         <object_component_ref idref="oc-133"/>
      </symbol>
      <symbol id="sm-3b7">
         <name>__aeabi_memset4</name>
         <value>0x2dab</value>
         <object_component_ref idref="oc-133"/>
      </symbol>
      <symbol id="sm-3b8">
         <name>__aeabi_memclr8</name>
         <value>0x2da9</value>
         <object_component_ref idref="oc-133"/>
      </symbol>
      <symbol id="sm-3b9">
         <name>__aeabi_memclr4</name>
         <value>0x2da9</value>
         <object_component_ref idref="oc-133"/>
      </symbol>
      <symbol id="sm-3ba">
         <name>__aeabi_memclr</name>
         <value>0x2da9</value>
         <object_component_ref idref="oc-133"/>
      </symbol>
      <symbol id="sm-3d1">
         <name>__aeabi_dsub</name>
         <value>0x1d55</value>
         <object_component_ref idref="oc-422"/>
      </symbol>
      <symbol id="sm-3d2">
         <name>__aeabi_dadd</name>
         <value>0x1d5f</value>
         <object_component_ref idref="oc-422"/>
      </symbol>
      <symbol id="sm-3f4">
         <name>__aeabi_cdcmpeq</name>
         <value>0x2c23</value>
         <object_component_ref idref="oc-372"/>
      </symbol>
      <symbol id="sm-3f5">
         <name>__aeabi_cdcmple</name>
         <value>0x2c23</value>
         <object_component_ref idref="oc-372"/>
      </symbol>
      <symbol id="sm-3f6">
         <name>__aeabi_cdrcmple</name>
         <value>0x2ca9</value>
         <object_component_ref idref="oc-40d"/>
      </symbol>
      <symbol id="sm-40a">
         <name>__aeabi_ddiv</name>
         <value>0x235d</value>
         <object_component_ref idref="oc-408"/>
      </symbol>
      <symbol id="sm-415">
         <name>__aeabi_dmul</name>
         <value>0x27f9</value>
         <object_component_ref idref="oc-403"/>
      </symbol>
      <symbol id="sm-41f">
         <name>__aeabi_d2iz</name>
         <value>0x33a5</value>
         <object_component_ref idref="oc-412"/>
      </symbol>
      <symbol id="sm-429">
         <name>__aeabi_i2d</name>
         <value>0x3619</value>
         <object_component_ref idref="oc-41d"/>
      </symbol>
      <symbol id="sm-451">
         <name>__TI_auto_init_nobinit_nopinit</name>
         <value>0x33ed</value>
         <object_component_ref idref="oc-204"/>
      </symbol>
      <symbol id="sm-45b">
         <name>_system_pre_init</name>
         <value>0x3997</value>
         <object_component_ref idref="oc-139"/>
      </symbol>
      <symbol id="sm-467">
         <name>C$$EXIT</name>
         <value>0x399b</value>
         <object_component_ref idref="oc-1f8"/>
      </symbol>
      <symbol id="sm-468">
         <name>abort</name>
         <value>0x399b</value>
         <object_component_ref idref="oc-1f8"/>
      </symbol>
      <symbol id="sm-480">
         <name>atoi</name>
         <value>0x31e5</value>
         <object_component_ref idref="oc-366"/>
      </symbol>
      <symbol id="sm-48b">
         <name>_ctypes_</name>
         <value>0x3db8</value>
         <object_component_ref idref="oc-3f7"/>
      </symbol>
      <symbol id="sm-49a">
         <name>ltoa</name>
         <value>0x313d</value>
         <object_component_ref idref="oc-417"/>
      </symbol>
      <symbol id="sm-4aa">
         <name>memccpy</name>
         <value>0x3755</value>
         <object_component_ref idref="oc-38f"/>
      </symbol>
      <symbol id="sm-4ba">
         <name>strchr</name>
         <value>0x3821</value>
         <object_component_ref idref="oc-44e"/>
      </symbol>
      <symbol id="sm-4c8">
         <name>strlen</name>
         <value>0x384d</value>
         <object_component_ref idref="oc-360"/>
      </symbol>
      <symbol id="sm-4de">
         <name>__aeabi_errno_addr</name>
         <value>0x3985</value>
         <object_component_ref idref="oc-39b"/>
      </symbol>
      <symbol id="sm-4df">
         <name>errno</name>
         <value>0x20008038</value>
         <object_component_ref idref="oc-45e"/>
      </symbol>
      <symbol id="sm-4f8">
         <name>wcslen</name>
         <value>0x38a9</value>
         <object_component_ref idref="oc-395"/>
      </symbol>
      <symbol id="sm-502">
         <name>copysign</name>
         <value>0x3771</value>
         <object_component_ref idref="oc-4a6"/>
      </symbol>
      <symbol id="sm-503">
         <name>copysignl</name>
         <value>0x3771</value>
         <object_component_ref idref="oc-4a6"/>
      </symbol>
      <symbol id="sm-50d">
         <name>__aeabi_idiv0</name>
         <value>0xc57</value>
         <object_component_ref idref="oc-48d"/>
      </symbol>
      <symbol id="sm-50e">
         <name>__aeabi_ldiv0</name>
         <value>0xc57</value>
         <object_component_ref idref="oc-48d"/>
      </symbol>
      <symbol id="sm-533">
         <name>GrContextInit</name>
         <value>0x2e91</value>
         <object_component_ref idref="oc-1d0"/>
      </symbol>
      <symbol id="sm-534">
         <name>g_psDefaultCodePointMapTable</name>
         <value>0x41e4</value>
         <object_component_ref idref="oc-285"/>
      </symbol>
      <symbol id="sm-542">
         <name>GrRectFill</name>
         <value>0x2b9d</value>
         <object_component_ref idref="oc-1e5"/>
      </symbol>
      <symbol id="sm-5d1">
         <name>GrFontInfoGet</name>
         <value>0x3671</value>
         <object_component_ref idref="oc-32d"/>
      </symbol>
      <symbol id="sm-5d2">
         <name>GrDefaultStringRenderer</name>
         <value>0x28f5</value>
         <object_component_ref idref="oc-27f"/>
      </symbol>
      <symbol id="sm-5d3">
         <name>GrFontGlyphRender</name>
         <value>0x1729</value>
         <object_component_ref idref="oc-33f"/>
      </symbol>
      <symbol id="sm-5d4">
         <name>GrContextFontSet</name>
         <value>0x378b</value>
         <object_component_ref idref="oc-1d9"/>
      </symbol>
      <symbol id="sm-5d5">
         <name>GrFontGlyphDataGet</name>
         <value>0x36bd</value>
         <object_component_ref idref="oc-339"/>
      </symbol>
      <symbol id="sm-5d6">
         <name>GrStringDraw</name>
         <value>0x380b</value>
         <object_component_ref idref="oc-1f1"/>
      </symbol>
      <symbol id="sm-5d7">
         <name>GrFontCodepageGet</name>
         <value>0x36fd</value>
         <object_component_ref idref="oc-354"/>
      </symbol>
      <symbol id="sm-5d8">
         <name>GrStringNextCharGet</name>
         <value>0x35eb</value>
         <object_component_ref idref="oc-333"/>
      </symbol>
      <symbol id="sm-5ea">
         <name>g_sFontFixed6x8</name>
         <value>0x3ebc</value>
         <object_component_ref idref="oc-1d6"/>
      </symbol>
      <symbol id="sm-5f7">
         <name>GrMapISO8859_1_Unicode</name>
         <value>0x396b</value>
         <object_component_ref idref="oc-346"/>
      </symbol>
      <symbol id="sm-64d">
         <name>ADCProcessorTrigger</name>
         <value>0x37c3</value>
         <object_component_ref idref="oc-71"/>
      </symbol>
      <symbol id="sm-64e">
         <name>ADCSequenceEnable</name>
         <value>0x390b</value>
         <object_component_ref idref="oc-f5"/>
      </symbol>
      <symbol id="sm-64f">
         <name>ADCSequenceConfigure</name>
         <value>0x3431</value>
         <object_component_ref idref="oc-e9"/>
      </symbol>
      <symbol id="sm-650">
         <name>ADCSequenceStepConfigure</name>
         <value>0x2d2f</value>
         <object_component_ref idref="oc-ef"/>
      </symbol>
      <symbol id="sm-651">
         <name>ADCIntClear</name>
         <value>0x394d</value>
         <object_component_ref idref="oc-86"/>
      </symbol>
      <symbol id="sm-652">
         <name>ADCIntStatus</name>
         <value>0x35bd</value>
         <object_component_ref idref="oc-77"/>
      </symbol>
      <symbol id="sm-653">
         <name>ADCSequenceDisable</name>
         <value>0x38fd</value>
         <object_component_ref idref="oc-e3"/>
      </symbol>
      <symbol id="sm-654">
         <name>ADCClockConfigSet</name>
         <value>0x37ab</value>
         <object_component_ref idref="oc-dd"/>
      </symbol>
      <symbol id="sm-655">
         <name>ADCSequenceDataGet</name>
         <value>0x36df</value>
         <object_component_ref idref="oc-80"/>
      </symbol>
      <symbol id="sm-66b">
         <name>FPULazyStackingEnable</name>
         <value>0x38cd</value>
         <object_component_ref idref="oc-1bb"/>
      </symbol>
      <symbol id="sm-66c">
         <name>FPUEnable</name>
         <value>0x38bd</value>
         <object_component_ref idref="oc-1b5"/>
      </symbol>
      <symbol id="sm-6c6">
         <name>GPIOPinConfigure</name>
         <value>0x3315</value>
         <object_component_ref idref="oc-31d"/>
      </symbol>
      <symbol id="sm-6c7">
         <name>GPIOPinTypeADC</name>
         <value>0x3861</value>
         <object_component_ref idref="oc-ce"/>
      </symbol>
      <symbol id="sm-6c8">
         <name>GPIOPinTypeGPIOInput</name>
         <value>0x3873</value>
         <object_component_ref idref="oc-c2"/>
      </symbol>
      <symbol id="sm-6c9">
         <name>GPIOPinTypeGPIOOutput</name>
         <value>0x37db</value>
         <object_component_ref idref="oc-323"/>
      </symbol>
      <symbol id="sm-6ca">
         <name>GPIOPinRead</name>
         <value>0x10c3</value>
         <object_component_ref idref="oc-103"/>
      </symbol>
      <symbol id="sm-6cb">
         <name>GPIODirModeSet</name>
         <value>0x3647</value>
         <object_component_ref idref="oc-17d"/>
      </symbol>
      <symbol id="sm-6cc">
         <name>GPIOPinWrite</name>
         <value>0x1f0b</value>
         <object_component_ref idref="oc-305"/>
      </symbol>
      <symbol id="sm-6cd">
         <name>GPIOPadConfigSet</name>
         <value>0x2493</value>
         <object_component_ref idref="oc-c8"/>
      </symbol>
      <symbol id="sm-6ce">
         <name>GPIOPinTypeSSI</name>
         <value>0x3885</value>
         <object_component_ref idref="oc-317"/>
      </symbol>
      <symbol id="sm-718">
         <name>IntPrioritySet</name>
         <value>0x3699</value>
         <object_component_ref idref="oc-b6"/>
      </symbol>
      <symbol id="sm-719">
         <name>IntEnable</name>
         <value>0x2ef9</value>
         <object_component_ref idref="oc-bc"/>
      </symbol>
      <symbol id="sm-71a">
         <name>IntMasterDisable</name>
         <value>0x38dd</value>
         <object_component_ref idref="oc-1af"/>
      </symbol>
      <symbol id="sm-71b">
         <name>IntMasterEnable</name>
         <value>0x38ed</value>
         <object_component_ref idref="oc-1df"/>
      </symbol>
      <symbol id="sm-742">
         <name>SSIDataPut</name>
         <value>0x3957</value>
         <object_component_ref idref="oc-2f9"/>
      </symbol>
      <symbol id="sm-743">
         <name>SSIConfigSetExpClk</name>
         <value>0x34ad</value>
         <object_component_ref idref="oc-30b"/>
      </symbol>
      <symbol id="sm-744">
         <name>SSIEnable</name>
         <value>0x3961</value>
         <object_component_ref idref="oc-311"/>
      </symbol>
      <symbol id="sm-745">
         <name>SSIBusy</name>
         <value>0x3973</value>
         <object_component_ref idref="oc-2ff"/>
      </symbol>
      <symbol id="sm-7b5">
         <name>SysCtlDelay</name>
         <value>0x398d</value>
         <object_component_ref idref="oc-275"/>
      </symbol>
      <symbol id="sm-7b6">
         <name>SysCtlPeripheralEnable</name>
         <value>0x3525</value>
         <object_component_ref idref="oc-8f"/>
      </symbol>
      <symbol id="sm-7b7">
         <name>SysCtlClockFreqSet</name>
         <value>0x1981</value>
         <object_component_ref idref="oc-1c1"/>
      </symbol>
      <symbol id="sm-7f5">
         <name>TimerLoadSet</name>
         <value>0x3897</value>
         <object_component_ref idref="oc-a4"/>
      </symbol>
      <symbol id="sm-7f6">
         <name>TimerDisable</name>
         <value>0x3839</value>
         <object_component_ref idref="oc-95"/>
      </symbol>
      <symbol id="sm-7f7">
         <name>TimerEnable</name>
         <value>0x3919</value>
         <object_component_ref idref="oc-b0"/>
      </symbol>
      <symbol id="sm-7f8">
         <name>TimerIntEnable</name>
         <value>0x397b</value>
         <object_component_ref idref="oc-aa"/>
      </symbol>
      <symbol id="sm-7f9">
         <name>TimerConfigure</name>
         <value>0x302d</value>
         <object_component_ref idref="oc-9b"/>
      </symbol>
      <symbol id="sm-7fa">
         <name>TimerIntClear</name>
         <value>0x3993</value>
         <object_component_ref idref="oc-fd"/>
      </symbol>
      <symbol id="sm-80c">
         <name>CPUcpsie</name>
         <value>0x3941</value>
         <object_component_ref idref="oc-29b"/>
      </symbol>
      <symbol id="sm-80d">
         <name>CPUcpsid</name>
         <value>0x3935</value>
         <object_component_ref idref="oc-24c"/>
      </symbol>
      <symbol id="sm-80e">
         <name>__TI_static_base__</name>
         <value>0x0</value>
      </symbol>
      <symbol id="sm-811">
         <name>__mpu_init</name>
         <value>0x0</value>
      </symbol>
      <symbol id="sm-812">
         <name>_system_post_cinit</name>
         <value>0x0</value>
      </symbol>
   </symbol_table>
   <title>Link successful</title>
</link_info>
