<?xml version="1.0" encoding="ISO-8859-1" ?>
<link_info>
   <banner>TI ARM Linker PC v18.12.2.LTS</banner>
   <copyright>Copyright (c) 1996-2018 Texas Instruments Incorporated</copyright>
   <link_time>0x5dc1d614</link_time>
   <link_errors>0x0</link_errors>
   <output_file>ece3849b19_lab1_jyhuang_rskirschner2.out</output_file>
   <entry_point>
      <name>_c_int00_noargs</name>
      <address>0x3d31</address>
   </entry_point>
   <input_file_list>
      <input_file id="fl-2">
         <path>.\</path>
         <kind>object</kind>
         <file>Crystalfontz128x128_ST7735.obj</file>
         <name>Crystalfontz128x128_ST7735.obj</name>
      </input_file>
      <input_file id="fl-3">
         <path>.\</path>
         <kind>object</kind>
         <file>HAL_EK_TM4C1294XL_Crystalfontz128x128_ST7735.obj</file>
         <name>HAL_EK_TM4C1294XL_Crystalfontz128x128_ST7735.obj</name>
      </input_file>
      <input_file id="fl-4">
         <path>.\</path>
         <kind>object</kind>
         <file>buttons.obj</file>
         <name>buttons.obj</name>
      </input_file>
      <input_file id="fl-5">
         <path>.\</path>
         <kind>object</kind>
         <file>main.obj</file>
         <name>main.obj</name>
      </input_file>
      <input_file id="fl-6">
         <path>.\</path>
         <kind>object</kind>
         <file>sampling.obj</file>
         <name>sampling.obj</name>
      </input_file>
      <input_file id="fl-7">
         <path>.\</path>
         <kind>object</kind>
         <file>sysctl_pll.obj</file>
         <name>sysctl_pll.obj</name>
      </input_file>
      <input_file id="fl-8">
         <path>.\</path>
         <kind>object</kind>
         <file>tm4c1294ncpdt_startup_ccs.obj</file>
         <name>tm4c1294ncpdt_startup_ccs.obj</name>
      </input_file>
      <input_file id="fl-e">
         <kind>object</kind>
         <file>&lt;internal&gt;</file>
         <name>&lt;internal&gt;</name>
      </input_file>
      <input_file id="fl-c4">
         <path>C:\ti\ccs910\ccs\tools\compiler\ti-cgt-arm_18.12.2.LTS\lib\</path>
         <kind>archive</kind>
         <file>rtsv7M4_T_le_v4SPD16_eabi.lib</file>
         <name>s_roundf.c.obj</name>
      </input_file>
      <input_file id="fl-c5">
         <path>C:\ti\ccs910\ccs\tools\compiler\ti-cgt-arm_18.12.2.LTS\lib\</path>
         <kind>archive</kind>
         <file>rtsv7M4_T_le_v4SPD16_eabi.lib</file>
         <name>snprintf.c.obj</name>
      </input_file>
      <input_file id="fl-c6">
         <path>C:\ti\ccs910\ccs\tools\compiler\ti-cgt-arm_18.12.2.LTS\lib\</path>
         <kind>archive</kind>
         <file>rtsv7M4_T_le_v4SPD16_eabi.lib</file>
         <name>fs_tod_t2.asm.obj</name>
      </input_file>
      <input_file id="fl-c7">
         <path>C:\ti\ccs910\ccs\tools\compiler\ti-cgt-arm_18.12.2.LTS\lib\</path>
         <kind>archive</kind>
         <file>rtsv7M4_T_le_v4SPD16_eabi.lib</file>
         <name>memcpy_t2.asm.obj</name>
      </input_file>
      <input_file id="fl-c8">
         <path>C:\ti\ccs910\ccs\tools\compiler\ti-cgt-arm_18.12.2.LTS\lib\</path>
         <kind>archive</kind>
         <file>rtsv7M4_T_le_v4SPD16_eabi.lib</file>
         <name>copy_zero_init.c.obj</name>
      </input_file>
      <input_file id="fl-c9">
         <path>C:\ti\ccs910\ccs\tools\compiler\ti-cgt-arm_18.12.2.LTS\lib\</path>
         <kind>archive</kind>
         <file>rtsv7M4_T_le_v4SPD16_eabi.lib</file>
         <name>copy_decompress_none.c.obj</name>
      </input_file>
      <input_file id="fl-ca">
         <path>C:\ti\ccs910\ccs\tools\compiler\ti-cgt-arm_18.12.2.LTS\lib\</path>
         <kind>archive</kind>
         <file>rtsv7M4_T_le_v4SPD16_eabi.lib</file>
         <name>copy_decompress_lzss.c.obj</name>
      </input_file>
      <input_file id="fl-cb">
         <path>C:\ti\ccs910\ccs\tools\compiler\ti-cgt-arm_18.12.2.LTS\lib\</path>
         <kind>archive</kind>
         <file>rtsv7M4_T_le_v4SPD16_eabi.lib</file>
         <name>boot_cortex_m.c.obj</name>
      </input_file>
      <input_file id="fl-cc">
         <path>C:\ti\ccs910\ccs\tools\compiler\ti-cgt-arm_18.12.2.LTS\lib\</path>
         <kind>archive</kind>
         <file>rtsv7M4_T_le_v4SPD16_eabi.lib</file>
         <name>s_floorf.c.obj</name>
      </input_file>
      <input_file id="fl-cd">
         <path>C:\ti\ccs910\ccs\tools\compiler\ti-cgt-arm_18.12.2.LTS\lib\</path>
         <kind>archive</kind>
         <file>rtsv7M4_T_le_v4SPD16_eabi.lib</file>
         <name>_printfi.c.obj</name>
      </input_file>
      <input_file id="fl-ce">
         <path>C:\ti\ccs910\ccs\tools\compiler\ti-cgt-arm_18.12.2.LTS\lib\</path>
         <kind>archive</kind>
         <file>rtsv7M4_T_le_v4SPD16_eabi.lib</file>
         <name>s_frexp.c.obj</name>
      </input_file>
      <input_file id="fl-cf">
         <path>C:\ti\ccs910\ccs\tools\compiler\ti-cgt-arm_18.12.2.LTS\lib\</path>
         <kind>archive</kind>
         <file>rtsv7M4_T_le_v4SPD16_eabi.lib</file>
         <name>s_scalbn.c.obj</name>
      </input_file>
      <input_file id="fl-d0">
         <path>C:\ti\ccs910\ccs\tools\compiler\ti-cgt-arm_18.12.2.LTS\lib\</path>
         <kind>archive</kind>
         <file>rtsv7M4_T_le_v4SPD16_eabi.lib</file>
         <name>ull_div_t2.asm.obj</name>
      </input_file>
      <input_file id="fl-d1">
         <path>C:\ti\ccs910\ccs\tools\compiler\ti-cgt-arm_18.12.2.LTS\lib\</path>
         <kind>archive</kind>
         <file>rtsv7M4_T_le_v4SPD16_eabi.lib</file>
         <name>memset_t2.asm.obj</name>
      </input_file>
      <input_file id="fl-d2">
         <path>C:\ti\ccs910\ccs\tools\compiler\ti-cgt-arm_18.12.2.LTS\lib\</path>
         <kind>archive</kind>
         <file>rtsv7M4_T_le_v4SPD16_eabi.lib</file>
         <name>fd_add_t2.asm.obj</name>
      </input_file>
      <input_file id="fl-d3">
         <path>C:\ti\ccs910\ccs\tools\compiler\ti-cgt-arm_18.12.2.LTS\lib\</path>
         <kind>archive</kind>
         <file>rtsv7M4_T_le_v4SPD16_eabi.lib</file>
         <name>fd_cmp_t2.asm.obj</name>
      </input_file>
      <input_file id="fl-d4">
         <path>C:\ti\ccs910\ccs\tools\compiler\ti-cgt-arm_18.12.2.LTS\lib\</path>
         <kind>archive</kind>
         <file>rtsv7M4_T_le_v4SPD16_eabi.lib</file>
         <name>fd_div_t2.asm.obj</name>
      </input_file>
      <input_file id="fl-d5">
         <path>C:\ti\ccs910\ccs\tools\compiler\ti-cgt-arm_18.12.2.LTS\lib\</path>
         <kind>archive</kind>
         <file>rtsv7M4_T_le_v4SPD16_eabi.lib</file>
         <name>fd_mul_t2.asm.obj</name>
      </input_file>
      <input_file id="fl-d6">
         <path>C:\ti\ccs910\ccs\tools\compiler\ti-cgt-arm_18.12.2.LTS\lib\</path>
         <kind>archive</kind>
         <file>rtsv7M4_T_le_v4SPD16_eabi.lib</file>
         <name>fd_toi_t2.asm.obj</name>
      </input_file>
      <input_file id="fl-d7">
         <path>C:\ti\ccs910\ccs\tools\compiler\ti-cgt-arm_18.12.2.LTS\lib\</path>
         <kind>archive</kind>
         <file>rtsv7M4_T_le_v4SPD16_eabi.lib</file>
         <name>i_tofd_t2.asm.obj</name>
      </input_file>
      <input_file id="fl-d8">
         <path>C:\ti\ccs910\ccs\tools\compiler\ti-cgt-arm_18.12.2.LTS\lib\</path>
         <kind>archive</kind>
         <file>rtsv7M4_T_le_v4SPD16_eabi.lib</file>
         <name>autoinit.c.obj</name>
      </input_file>
      <input_file id="fl-d9">
         <path>C:\ti\ccs910\ccs\tools\compiler\ti-cgt-arm_18.12.2.LTS\lib\</path>
         <kind>archive</kind>
         <file>rtsv7M4_T_le_v4SPD16_eabi.lib</file>
         <name>pre_init.c.obj</name>
      </input_file>
      <input_file id="fl-da">
         <path>C:\ti\ccs910\ccs\tools\compiler\ti-cgt-arm_18.12.2.LTS\lib\</path>
         <kind>archive</kind>
         <file>rtsv7M4_T_le_v4SPD16_eabi.lib</file>
         <name>cpy_tbl.c.obj</name>
      </input_file>
      <input_file id="fl-db">
         <path>C:\ti\ccs910\ccs\tools\compiler\ti-cgt-arm_18.12.2.LTS\lib\</path>
         <kind>archive</kind>
         <file>rtsv7M4_T_le_v4SPD16_eabi.lib</file>
         <name>exit.c.obj</name>
      </input_file>
      <input_file id="fl-dc">
         <path>C:\ti\ccs910\ccs\tools\compiler\ti-cgt-arm_18.12.2.LTS\lib\</path>
         <kind>archive</kind>
         <file>rtsv7M4_T_le_v4SPD16_eabi.lib</file>
         <name>_lock.c.obj</name>
      </input_file>
      <input_file id="fl-dd">
         <path>C:\ti\ccs910\ccs\tools\compiler\ti-cgt-arm_18.12.2.LTS\lib\</path>
         <kind>archive</kind>
         <file>rtsv7M4_T_le_v4SPD16_eabi.lib</file>
         <name>args_main.c.obj</name>
      </input_file>
      <input_file id="fl-de">
         <path>C:\ti\ccs910\ccs\tools\compiler\ti-cgt-arm_18.12.2.LTS\lib\</path>
         <kind>archive</kind>
         <file>rtsv7M4_T_le_v4SPD16_eabi.lib</file>
         <name>atoi.c.obj</name>
      </input_file>
      <input_file id="fl-df">
         <path>C:\ti\ccs910\ccs\tools\compiler\ti-cgt-arm_18.12.2.LTS\lib\</path>
         <kind>archive</kind>
         <file>rtsv7M4_T_le_v4SPD16_eabi.lib</file>
         <name>ctype.c.obj</name>
      </input_file>
      <input_file id="fl-e0">
         <path>C:\ti\ccs910\ccs\tools\compiler\ti-cgt-arm_18.12.2.LTS\lib\</path>
         <kind>archive</kind>
         <file>rtsv7M4_T_le_v4SPD16_eabi.lib</file>
         <name>ltoa.c.obj</name>
      </input_file>
      <input_file id="fl-e1">
         <path>C:\ti\ccs910\ccs\tools\compiler\ti-cgt-arm_18.12.2.LTS\lib\</path>
         <kind>archive</kind>
         <file>rtsv7M4_T_le_v4SPD16_eabi.lib</file>
         <name>memccpy.c.obj</name>
      </input_file>
      <input_file id="fl-e2">
         <path>C:\ti\ccs910\ccs\tools\compiler\ti-cgt-arm_18.12.2.LTS\lib\</path>
         <kind>archive</kind>
         <file>rtsv7M4_T_le_v4SPD16_eabi.lib</file>
         <name>strchr.c.obj</name>
      </input_file>
      <input_file id="fl-e3">
         <path>C:\ti\ccs910\ccs\tools\compiler\ti-cgt-arm_18.12.2.LTS\lib\</path>
         <kind>archive</kind>
         <file>rtsv7M4_T_le_v4SPD16_eabi.lib</file>
         <name>strlen.c.obj</name>
      </input_file>
      <input_file id="fl-e4">
         <path>C:\ti\ccs910\ccs\tools\compiler\ti-cgt-arm_18.12.2.LTS\lib\</path>
         <kind>archive</kind>
         <file>rtsv7M4_T_le_v4SPD16_eabi.lib</file>
         <name>errno.c.obj</name>
      </input_file>
      <input_file id="fl-e5">
         <path>C:\ti\ccs910\ccs\tools\compiler\ti-cgt-arm_18.12.2.LTS\lib\</path>
         <kind>archive</kind>
         <file>rtsv7M4_T_le_v4SPD16_eabi.lib</file>
         <name>wcslen.c.obj</name>
      </input_file>
      <input_file id="fl-e6">
         <path>C:\ti\ccs910\ccs\tools\compiler\ti-cgt-arm_18.12.2.LTS\lib\</path>
         <kind>archive</kind>
         <file>rtsv7M4_T_le_v4SPD16_eabi.lib</file>
         <name>s_copysign.c.obj</name>
      </input_file>
      <input_file id="fl-e7">
         <path>C:\ti\ccs910\ccs\tools\compiler\ti-cgt-arm_18.12.2.LTS\lib\</path>
         <kind>archive</kind>
         <file>rtsv7M4_T_le_v4SPD16_eabi.lib</file>
         <name>div0.asm.obj</name>
      </input_file>
      <input_file id="fl-e8">
         <path>C:\ti\tirtos_tivac_2_16_00_08\products\TivaWare_C_Series-2.1.1.71b\grlib\ccs\Debug\</path>
         <kind>archive</kind>
         <file>grlib.lib</file>
         <name>context.obj</name>
      </input_file>
      <input_file id="fl-e9">
         <path>C:\ti\tirtos_tivac_2_16_00_08\products\TivaWare_C_Series-2.1.1.71b\grlib\ccs\Debug\</path>
         <kind>archive</kind>
         <file>grlib.lib</file>
         <name>line.obj</name>
      </input_file>
      <input_file id="fl-ea">
         <path>C:\ti\tirtos_tivac_2_16_00_08\products\TivaWare_C_Series-2.1.1.71b\grlib\ccs\Debug\</path>
         <kind>archive</kind>
         <file>grlib.lib</file>
         <name>rectangle.obj</name>
      </input_file>
      <input_file id="fl-eb">
         <path>C:\ti\tirtos_tivac_2_16_00_08\products\TivaWare_C_Series-2.1.1.71b\grlib\ccs\Debug\</path>
         <kind>archive</kind>
         <file>grlib.lib</file>
         <name>string.obj</name>
      </input_file>
      <input_file id="fl-ec">
         <path>C:\ti\tirtos_tivac_2_16_00_08\products\TivaWare_C_Series-2.1.1.71b\grlib\ccs\Debug\</path>
         <kind>archive</kind>
         <file>grlib.lib</file>
         <name>fontfixed6x8.obj</name>
      </input_file>
      <input_file id="fl-ed">
         <path>C:\ti\tirtos_tivac_2_16_00_08\products\TivaWare_C_Series-2.1.1.71b\grlib\ccs\Debug\</path>
         <kind>archive</kind>
         <file>grlib.lib</file>
         <name>charmap.obj</name>
      </input_file>
      <input_file id="fl-ee">
         <path>C:\ti\tirtos_tivac_2_16_00_08\products\TivaWare_C_Series-2.1.1.71b\driverlib\ccs\Debug\</path>
         <kind>archive</kind>
         <file>driverlib.lib</file>
         <name>adc.obj</name>
      </input_file>
      <input_file id="fl-ef">
         <path>C:\ti\tirtos_tivac_2_16_00_08\products\TivaWare_C_Series-2.1.1.71b\driverlib\ccs\Debug\</path>
         <kind>archive</kind>
         <file>driverlib.lib</file>
         <name>fpu.obj</name>
      </input_file>
      <input_file id="fl-f0">
         <path>C:\ti\tirtos_tivac_2_16_00_08\products\TivaWare_C_Series-2.1.1.71b\driverlib\ccs\Debug\</path>
         <kind>archive</kind>
         <file>driverlib.lib</file>
         <name>gpio.obj</name>
      </input_file>
      <input_file id="fl-f1">
         <path>C:\ti\tirtos_tivac_2_16_00_08\products\TivaWare_C_Series-2.1.1.71b\driverlib\ccs\Debug\</path>
         <kind>archive</kind>
         <file>driverlib.lib</file>
         <name>interrupt.obj</name>
      </input_file>
      <input_file id="fl-f2">
         <path>C:\ti\tirtos_tivac_2_16_00_08\products\TivaWare_C_Series-2.1.1.71b\driverlib\ccs\Debug\</path>
         <kind>archive</kind>
         <file>driverlib.lib</file>
         <name>ssi.obj</name>
      </input_file>
      <input_file id="fl-f3">
         <path>C:\ti\tirtos_tivac_2_16_00_08\products\TivaWare_C_Series-2.1.1.71b\driverlib\ccs\Debug\</path>
         <kind>archive</kind>
         <file>driverlib.lib</file>
         <name>sysctl.obj</name>
      </input_file>
      <input_file id="fl-f4">
         <path>C:\ti\tirtos_tivac_2_16_00_08\products\TivaWare_C_Series-2.1.1.71b\driverlib\ccs\Debug\</path>
         <kind>archive</kind>
         <file>driverlib.lib</file>
         <name>timer.obj</name>
      </input_file>
      <input_file id="fl-f5">
         <path>C:\ti\tirtos_tivac_2_16_00_08\products\TivaWare_C_Series-2.1.1.71b\driverlib\ccs\Debug\</path>
         <kind>archive</kind>
         <file>driverlib.lib</file>
         <name>cpu.obj</name>
      </input_file>
   </input_file_list>
   <object_component_list>
      <object_component id="oc-f">
         <name>.intvecs</name>
         <load_address>0x0</load_address>
         <run_address>0x0</run_address>
         <size>0x208</size>
         <input_file_ref idref="fl-8"/>
      </object_component>
      <object_component id="oc-300">
         <name>.text:__TI_printfi</name>
         <load_address>0x208</load_address>
         <run_address>0x208</run_address>
         <size>0xa4e</size>
         <input_file_ref idref="fl-cd"/>
      </object_component>
      <object_component id="oc-4fd">
         <name>.text</name>
         <load_address>0xc56</load_address>
         <run_address>0xc56</run_address>
         <size>0x2</size>
         <input_file_ref idref="fl-e7"/>
      </object_component>
      <object_component id="oc-2a">
         <name>.text</name>
         <load_address>0xc58</load_address>
         <run_address>0xc58</run_address>
         <size>0x4b4</size>
         <input_file_ref idref="fl-4"/>
      </object_component>
      <object_component id="oc-104">
         <name>.text:TimerIntClear</name>
         <load_address>0x110c</load_address>
         <run_address>0x110c</run_address>
         <size>0x4</size>
         <input_file_ref idref="fl-f4"/>
      </object_component>
      <object_component id="oc-1f5">
         <name>.text</name>
         <load_address>0x1110</load_address>
         <run_address>0x1110</run_address>
         <size>0x3f0</size>
         <input_file_ref idref="fl-2"/>
      </object_component>
      <object_component id="oc-15a">
         <name>.text</name>
         <load_address>0x1500</load_address>
         <run_address>0x1500</run_address>
         <size>0x39e</size>
         <input_file_ref idref="fl-5"/>
      </object_component>
      <object_component id="oc-3f1">
         <name>.text:_pconv_a</name>
         <load_address>0x18a0</load_address>
         <run_address>0x18a0</run_address>
         <size>0x270</size>
         <input_file_ref idref="fl-cd"/>
      </object_component>
      <object_component id="oc-3a5">
         <name>.text:GrFontGlyphRender</name>
         <load_address>0x1b10</load_address>
         <run_address>0x1b10</run_address>
         <size>0x256</size>
         <input_file_ref idref="fl-eb"/>
      </object_component>
      <object_component id="oc-1ef">
         <name>.text:SysCtlClockFreqSet</name>
         <load_address>0x1d68</load_address>
         <run_address>0x1d68</run_address>
         <size>0x204</size>
         <input_file_ref idref="fl-f3"/>
      </object_component>
      <object_component id="oc-3df">
         <name>.text:_pconv_g</name>
         <load_address>0x1f6c</load_address>
         <run_address>0x1f6c</run_address>
         <size>0x1d0</size>
         <input_file_ref idref="fl-cd"/>
      </object_component>
      <object_component id="oc-154">
         <name>.text:_system_pre_init</name>
         <load_address>0x213c</load_address>
         <run_address>0x213c</run_address>
         <size>0x4</size>
         <input_file_ref idref="fl-d9"/>
      </object_component>
      <object_component id="oc-30">
         <name>.text</name>
         <load_address>0x2140</load_address>
         <run_address>0x2140</run_address>
         <size>0x1cc</size>
         <input_file_ref idref="fl-6"/>
      </object_component>
      <object_component id="oc-491">
         <name>.text</name>
         <load_address>0x230c</load_address>
         <run_address>0x230c</run_address>
         <size>0x1b6</size>
         <input_file_ref idref="fl-d2"/>
      </object_component>
      <object_component id="oc-10a">
         <name>.text:GPIOPinRead</name>
         <load_address>0x24c2</load_address>
         <run_address>0x24c2</run_address>
         <size>0x6</size>
         <input_file_ref idref="fl-f0"/>
      </object_component>
      <object_component id="oc-2be">
         <name>.text</name>
         <load_address>0x24c8</load_address>
         <run_address>0x24c8</run_address>
         <size>0x17e</size>
         <input_file_ref idref="fl-3"/>
      </object_component>
      <object_component id="oc-3eb">
         <name>.text:_pconv_e</name>
         <load_address>0x2648</load_address>
         <run_address>0x2648</run_address>
         <size>0x13c</size>
         <input_file_ref idref="fl-cd"/>
      </object_component>
      <object_component id="oc-477">
         <name>.text</name>
         <load_address>0x2784</load_address>
         <run_address>0x2784</run_address>
         <size>0x136</size>
         <input_file_ref idref="fl-d4"/>
      </object_component>
      <object_component id="oc-d1">
         <name>.text:GPIOPadConfigSet</name>
         <load_address>0x28ba</load_address>
         <run_address>0x28ba</run_address>
         <size>0x130</size>
         <input_file_ref idref="fl-f0"/>
      </object_component>
      <object_component id="oc-4a3">
         <name>.text:fcvt</name>
         <load_address>0x29ec</load_address>
         <run_address>0x29ec</run_address>
         <size>0x124</size>
         <input_file_ref idref="fl-cd"/>
      </object_component>
      <object_component id="oc-4b7">
         <name>.text:scalbn</name>
         <load_address>0x2b10</load_address>
         <run_address>0x2b10</run_address>
         <size>0x110</size>
         <input_file_ref idref="fl-cf"/>
      </object_component>
      <object_component id="oc-234">
         <name>.text:GrLineDraw</name>
         <load_address>0x2c20</load_address>
         <run_address>0x2c20</run_address>
         <size>0x106</size>
         <input_file_ref idref="fl-e9"/>
      </object_component>
      <object_component id="oc-472">
         <name>.text</name>
         <load_address>0x2d26</load_address>
         <run_address>0x2d26</run_address>
         <size>0xfc</size>
         <input_file_ref idref="fl-d5"/>
      </object_component>
      <object_component id="oc-2d1">
         <name>.text:GrDefaultStringRenderer</name>
         <load_address>0x2e22</load_address>
         <run_address>0x2e22</run_address>
         <size>0xc4</size>
         <input_file_ref idref="fl-eb"/>
      </object_component>
      <object_component id="oc-324">
         <name>.text:GrLineClip</name>
         <load_address>0x2ee6</load_address>
         <run_address>0x2ee6</run_address>
         <size>0xc0</size>
         <input_file_ref idref="fl-e9"/>
      </object_component>
      <object_component id="oc-3d4">
         <name>.text:_ltostr</name>
         <load_address>0x2fa8</load_address>
         <run_address>0x2fa8</run_address>
         <size>0xb1</size>
         <input_file_ref idref="fl-cd"/>
      </object_component>
      <object_component id="oc-44">
         <name>.text</name>
         <load_address>0x305a</load_address>
         <run_address>0x305a</run_address>
         <size>0x9c</size>
         <input_file_ref idref="fl-c7"/>
      </object_component>
      <object_component id="oc-46b">
         <name>.text</name>
         <load_address>0x30f6</load_address>
         <run_address>0x30f6</run_address>
         <size>0x96</size>
         <input_file_ref idref="fl-d0"/>
      </object_component>
      <object_component id="oc-216">
         <name>.text:GrRectFill</name>
         <load_address>0x318c</load_address>
         <run_address>0x318c</run_address>
         <size>0x86</size>
         <input_file_ref idref="fl-ea"/>
      </object_component>
      <object_component id="oc-3da">
         <name>.text:__aeabi_cdcmple</name>
         <load_address>0x3212</load_address>
         <run_address>0x3212</run_address>
         <size>0x86</size>
         <input_file_ref idref="fl-d3"/>
      </object_component>
      <object_component id="oc-47c">
         <name>.text:__aeabi_cdrcmple</name>
         <load_address>0x3298</load_address>
         <run_address>0x3298</run_address>
         <size>0x86</size>
         <input_file_ref idref="fl-d3"/>
      </object_component>
      <object_component id="oc-1b8">
         <name>.text:floorf</name>
         <load_address>0x3320</load_address>
         <run_address>0x3320</run_address>
         <size>0x80</size>
         <input_file_ref idref="fl-cc"/>
      </object_component>
      <object_component id="oc-f6">
         <name>.text:ADCSequenceStepConfigure</name>
         <load_address>0x33a0</load_address>
         <run_address>0x33a0</run_address>
         <size>0x7a</size>
         <input_file_ref idref="fl-ee"/>
      </object_component>
      <object_component id="oc-14e">
         <name>.text</name>
         <load_address>0x341a</load_address>
         <run_address>0x341a</run_address>
         <size>0x7a</size>
         <input_file_ref idref="fl-d1"/>
      </object_component>
      <object_component id="oc-49c">
         <name>.text:_mcpy</name>
         <load_address>0x3494</load_address>
         <run_address>0x3494</run_address>
         <size>0x6e</size>
         <input_file_ref idref="fl-cd"/>
      </object_component>
      <object_component id="oc-11e">
         <name>.text:roundf</name>
         <load_address>0x3502</load_address>
         <run_address>0x3502</run_address>
         <size>0x6e</size>
         <input_file_ref idref="fl-c4"/>
      </object_component>
      <object_component id="oc-1fe">
         <name>.text:GrContextInit</name>
         <load_address>0x3570</load_address>
         <run_address>0x3570</run_address>
         <size>0x68</size>
         <input_file_ref idref="fl-e8"/>
      </object_component>
      <object_component id="oc-c5">
         <name>.text:IntEnable</name>
         <load_address>0x35d8</load_address>
         <run_address>0x35d8</run_address>
         <size>0x68</size>
         <input_file_ref idref="fl-f1"/>
      </object_component>
      <object_component id="oc-12">
         <name>.text:decompress:lzss:__TI_decompress_lzss</name>
         <load_address>0x3640</load_address>
         <run_address>0x3640</run_address>
         <size>0x68</size>
         <input_file_ref idref="fl-ca"/>
      </object_component>
      <object_component id="oc-4b1">
         <name>.text:frexp</name>
         <load_address>0x36a8</load_address>
         <run_address>0x36a8</run_address>
         <size>0x64</size>
         <input_file_ref idref="fl-ce"/>
      </object_component>
      <object_component id="oc-a4">
         <name>.text:TimerConfigure</name>
         <load_address>0x370c</load_address>
         <run_address>0x370c</run_address>
         <size>0x60</size>
         <input_file_ref idref="fl-f4"/>
      </object_component>
      <object_component id="oc-453">
         <name>.text:FontWideGlyphDataGet</name>
         <load_address>0x376c</load_address>
         <run_address>0x376c</run_address>
         <size>0x5a</size>
         <input_file_ref idref="fl-eb"/>
      </object_component>
      <object_component id="oc-3e5">
         <name>.text:_pconv_f</name>
         <load_address>0x37c6</load_address>
         <run_address>0x37c6</run_address>
         <size>0x56</size>
         <input_file_ref idref="fl-cd"/>
      </object_component>
      <object_component id="oc-486">
         <name>.text:ltoa</name>
         <load_address>0x381c</load_address>
         <run_address>0x381c</run_address>
         <size>0x54</size>
         <input_file_ref idref="fl-e0"/>
      </object_component>
      <object_component id="oc-496">
         <name>.text:_ecpy</name>
         <load_address>0x3870</load_address>
         <run_address>0x3870</run_address>
         <size>0x52</size>
         <input_file_ref idref="fl-cd"/>
      </object_component>
      <object_component id="oc-3ce">
         <name>.text:atoi</name>
         <load_address>0x38c4</load_address>
         <run_address>0x38c4</run_address>
         <size>0x4c</size>
         <input_file_ref idref="fl-de"/>
      </object_component>
      <object_component id="oc-228">
         <name>.text:snprintf</name>
         <load_address>0x3910</load_address>
         <run_address>0x3910</run_address>
         <size>0x4c</size>
         <input_file_ref idref="fl-c5"/>
      </object_component>
      <object_component id="oc-2e4">
         <name>.text:UpdateContextCharMapping</name>
         <load_address>0x395c</load_address>
         <run_address>0x395c</run_address>
         <size>0x4a</size>
         <input_file_ref idref="fl-eb"/>
      </object_component>
      <object_component id="oc-dd">
         <name>.text</name>
         <load_address>0x39a8</load_address>
         <run_address>0x39a8</run_address>
         <size>0x4a</size>
         <input_file_ref idref="fl-7"/>
      </object_component>
      <object_component id="oc-383">
         <name>.text:GPIOPinConfigure</name>
         <load_address>0x39f4</load_address>
         <run_address>0x39f4</run_address>
         <size>0x48</size>
         <input_file_ref idref="fl-f0"/>
      </object_component>
      <object_component id="oc-2ad">
         <name>.text:_SysCtlFrequencyGet</name>
         <load_address>0x3a3c</load_address>
         <run_address>0x3a3c</run_address>
         <size>0x48</size>
         <input_file_ref idref="fl-f3"/>
      </object_component>
      <object_component id="oc-481">
         <name>.text</name>
         <load_address>0x3a84</load_address>
         <run_address>0x3a84</run_address>
         <size>0x48</size>
         <input_file_ref idref="fl-d6"/>
      </object_component>
      <object_component id="oc-21c">
         <name>.text:GrLineDrawH</name>
         <load_address>0x3acc</load_address>
         <run_address>0x3acc</run_address>
         <size>0x46</size>
         <input_file_ref idref="fl-e9"/>
      </object_component>
      <object_component id="oc-222">
         <name>.text:GrLineDrawV</name>
         <load_address>0x3b12</load_address>
         <run_address>0x3b12</run_address>
         <size>0x46</size>
         <input_file_ref idref="fl-e9"/>
      </object_component>
      <object_component id="oc-24c">
         <name>.text:__TI_auto_init_nobinit_nopinit:__TI_auto_init_nobinit_nopinit</name>
         <load_address>0x3b58</load_address>
         <run_address>0x3b58</run_address>
         <size>0x44</size>
         <input_file_ref idref="fl-d8"/>
      </object_component>
      <object_component id="oc-f0">
         <name>.text:ADCSequenceConfigure</name>
         <load_address>0x3b9c</load_address>
         <run_address>0x3b9c</run_address>
         <size>0x3e</size>
         <input_file_ref idref="fl-ee"/>
      </object_component>
      <object_component id="oc-4a9">
         <name>.text:_fcpy</name>
         <load_address>0x3bda</load_address>
         <run_address>0x3bda</run_address>
         <size>0x3e</size>
         <input_file_ref idref="fl-cd"/>
      </object_component>
      <object_component id="oc-371">
         <name>.text:SSIConfigSetExpClk</name>
         <load_address>0x3c18</load_address>
         <run_address>0x3c18</run_address>
         <size>0x3c</size>
         <input_file_ref idref="fl-f2"/>
      </object_component>
      <object_component id="oc-459">
         <name>.text:FontGlyphDataGet</name>
         <load_address>0x3c54</load_address>
         <run_address>0x3c54</run_address>
         <size>0x3a</size>
         <input_file_ref idref="fl-eb"/>
      </object_component>
      <object_component id="oc-23a">
         <name>.text</name>
         <load_address>0x3c8e</load_address>
         <run_address>0x3c8e</run_address>
         <size>0x38</size>
         <input_file_ref idref="fl-c6"/>
      </object_component>
      <object_component id="oc-419">
         <name>.text:GrClipCodeGet</name>
         <load_address>0x3cc6</load_address>
         <run_address>0x3cc6</run_address>
         <size>0x36</size>
         <input_file_ref idref="fl-e9"/>
      </object_component>
      <object_component id="oc-98">
         <name>.text:SysCtlPeripheralEnable</name>
         <load_address>0x3cfc</load_address>
         <run_address>0x3cfc</run_address>
         <size>0x34</size>
         <input_file_ref idref="fl-f3"/>
      </object_component>
      <object_component id="oc-62">
         <name>.text:_c_int00_noargs:_c_int00_noargs</name>
         <load_address>0x3d30</load_address>
         <run_address>0x3d30</run_address>
         <size>0x34</size>
         <input_file_ref idref="fl-cb"/>
      </object_component>
      <object_component id="oc-306">
         <name>.text:_outs</name>
         <load_address>0x3d64</load_address>
         <run_address>0x3d64</run_address>
         <size>0x30</size>
         <input_file_ref idref="fl-c5"/>
      </object_component>
      <object_component id="oc-83">
         <name>.text:ADCIntStatus</name>
         <load_address>0x3d94</load_address>
         <run_address>0x3d94</run_address>
         <size>0x2e</size>
         <input_file_ref idref="fl-ee"/>
      </object_component>
      <object_component id="oc-399">
         <name>.text:GrStringNextCharGet</name>
         <load_address>0x3dc2</load_address>
         <run_address>0x3dc2</run_address>
         <size>0x2e</size>
         <input_file_ref idref="fl-eb"/>
      </object_component>
      <object_component id="oc-48c">
         <name>.text</name>
         <load_address>0x3df0</load_address>
         <run_address>0x3df0</run_address>
         <size>0x2e</size>
         <input_file_ref idref="fl-d7"/>
      </object_component>
      <object_component id="oc-19a">
         <name>.text:GPIODirModeSet</name>
         <load_address>0x3e1e</load_address>
         <run_address>0x3e1e</run_address>
         <size>0x2a</size>
         <input_file_ref idref="fl-f0"/>
      </object_component>
      <object_component id="oc-393">
         <name>.text:GrFontInfoGet</name>
         <load_address>0x3e48</load_address>
         <run_address>0x3e48</run_address>
         <size>0x26</size>
         <input_file_ref idref="fl-eb"/>
      </object_component>
      <object_component id="oc-bf">
         <name>.text:IntPrioritySet</name>
         <load_address>0x3e70</load_address>
         <run_address>0x3e70</run_address>
         <size>0x24</size>
         <input_file_ref idref="fl-f1"/>
      </object_component>
      <object_component id="oc-39f">
         <name>.text:GrFontGlyphDataGet</name>
         <load_address>0x3e94</load_address>
         <run_address>0x3e94</run_address>
         <size>0x22</size>
         <input_file_ref idref="fl-eb"/>
      </object_component>
      <object_component id="oc-8c">
         <name>.text:ADCSequenceDataGet</name>
         <load_address>0x3eb6</load_address>
         <run_address>0x3eb6</run_address>
         <size>0x1e</size>
         <input_file_ref idref="fl-ee"/>
      </object_component>
      <object_component id="oc-3ba">
         <name>.text:GrFontCodepageGet</name>
         <load_address>0x3ed4</load_address>
         <run_address>0x3ed4</run_address>
         <size>0x1e</size>
         <input_file_ref idref="fl-eb"/>
      </object_component>
      <object_component id="oc-2a7">
         <name>.text:_SysCtlMemTimingGet</name>
         <load_address>0x3ef4</load_address>
         <run_address>0x3ef4</run_address>
         <size>0x1c</size>
         <input_file_ref idref="fl-f3"/>
      </object_component>
      <object_component id="oc-3f7">
         <name>.text:memccpy</name>
         <load_address>0x3f10</load_address>
         <run_address>0x3f10</run_address>
         <size>0x1c</size>
         <input_file_ref idref="fl-e1"/>
      </object_component>
      <object_component id="oc-516">
         <name>.text:copysign</name>
         <load_address>0x3f2c</load_address>
         <run_address>0x3f2c</run_address>
         <size>0x1a</size>
         <input_file_ref idref="fl-e6"/>
      </object_component>
      <object_component id="oc-24">
         <name>.text</name>
         <load_address>0x3f48</load_address>
         <run_address>0x3f48</run_address>
         <size>0x1a</size>
         <input_file_ref idref="fl-8"/>
      </object_component>
      <object_component id="oc-e4">
         <name>.text:ADCClockConfigSet</name>
         <load_address>0x3f62</load_address>
         <run_address>0x3f62</run_address>
         <size>0x18</size>
         <input_file_ref idref="fl-ee"/>
      </object_component>
      <object_component id="oc-7d">
         <name>.text:ADCProcessorTrigger</name>
         <load_address>0x3f7a</load_address>
         <run_address>0x3f7a</run_address>
         <size>0x18</size>
         <input_file_ref idref="fl-ee"/>
      </object_component>
      <object_component id="oc-389">
         <name>.text:GPIOPinTypeGPIOOutput</name>
         <load_address>0x3f92</load_address>
         <run_address>0x3f92</run_address>
         <size>0x18</size>
         <input_file_ref idref="fl-f0"/>
      </object_component>
      <object_component id="oc-30c">
         <name>.text:_outc</name>
         <load_address>0x3faa</load_address>
         <run_address>0x3faa</run_address>
         <size>0x18</size>
         <input_file_ref idref="fl-c5"/>
      </object_component>
      <object_component id="oc-22e">
         <name>.text:GrStringDraw</name>
         <load_address>0x3fc2</load_address>
         <run_address>0x3fc2</run_address>
         <size>0x16</size>
         <input_file_ref idref="fl-eb"/>
      </object_component>
      <object_component id="oc-4bd">
         <name>.text:strchr</name>
         <load_address>0x3fd8</load_address>
         <run_address>0x3fd8</run_address>
         <size>0x16</size>
         <input_file_ref idref="fl-e2"/>
      </object_component>
      <object_component id="oc-9e">
         <name>.text:TimerDisable</name>
         <load_address>0x3ff0</load_address>
         <run_address>0x3ff0</run_address>
         <size>0x14</size>
         <input_file_ref idref="fl-f4"/>
      </object_component>
      <object_component id="oc-3c8">
         <name>.text:strlen</name>
         <load_address>0x4004</load_address>
         <run_address>0x4004</run_address>
         <size>0x14</size>
         <input_file_ref idref="fl-e3"/>
      </object_component>
      <object_component id="oc-d7">
         <name>.text:GPIOPinTypeADC</name>
         <load_address>0x4018</load_address>
         <run_address>0x4018</run_address>
         <size>0x12</size>
         <input_file_ref idref="fl-f0"/>
      </object_component>
      <object_component id="oc-cb">
         <name>.text:GPIOPinTypeGPIOInput</name>
         <load_address>0x402a</load_address>
         <run_address>0x402a</run_address>
         <size>0x12</size>
         <input_file_ref idref="fl-f0"/>
      </object_component>
      <object_component id="oc-37d">
         <name>.text:GPIOPinTypeSSI</name>
         <load_address>0x403c</load_address>
         <run_address>0x403c</run_address>
         <size>0x12</size>
         <input_file_ref idref="fl-f0"/>
      </object_component>
      <object_component id="oc-ad">
         <name>.text:TimerLoadSet</name>
         <load_address>0x404e</load_address>
         <run_address>0x404e</run_address>
         <size>0x12</size>
         <input_file_ref idref="fl-f4"/>
      </object_component>
      <object_component id="oc-3fd">
         <name>.text:wcslen</name>
         <load_address>0x4060</load_address>
         <run_address>0x4060</run_address>
         <size>0x12</size>
         <input_file_ref idref="fl-e5"/>
      </object_component>
      <object_component id="oc-12b">
         <name>.text:ADCIntEnable</name>
         <load_address>0x4072</load_address>
         <run_address>0x4072</run_address>
         <size>0x10</size>
         <input_file_ref idref="fl-ee"/>
      </object_component>
      <object_component id="oc-1e3">
         <name>.text:FPUEnable</name>
         <load_address>0x4084</load_address>
         <run_address>0x4084</run_address>
         <size>0x10</size>
         <input_file_ref idref="fl-ef"/>
      </object_component>
      <object_component id="oc-1e9">
         <name>.text:FPULazyStackingEnable</name>
         <load_address>0x4094</load_address>
         <run_address>0x4094</run_address>
         <size>0x10</size>
         <input_file_ref idref="fl-ef"/>
      </object_component>
      <object_component id="oc-1dd">
         <name>.text:IntMasterDisable</name>
         <load_address>0x40a4</load_address>
         <run_address>0x40a4</run_address>
         <size>0x10</size>
         <input_file_ref idref="fl-f1"/>
      </object_component>
      <object_component id="oc-20d">
         <name>.text:IntMasterEnable</name>
         <load_address>0x40b4</load_address>
         <run_address>0x40b4</run_address>
         <size>0x10</size>
         <input_file_ref idref="fl-f1"/>
      </object_component>
      <object_component id="oc-ea">
         <name>.text:ADCSequenceDisable</name>
         <load_address>0x40c4</load_address>
         <run_address>0x40c4</run_address>
         <size>0xe</size>
         <input_file_ref idref="fl-ee"/>
      </object_component>
      <object_component id="oc-fc">
         <name>.text:ADCSequenceEnable</name>
         <load_address>0x40d2</load_address>
         <run_address>0x40d2</run_address>
         <size>0xe</size>
         <input_file_ref idref="fl-ee"/>
      </object_component>
      <object_component id="oc-b9">
         <name>.text:TimerEnable</name>
         <load_address>0x40e0</load_address>
         <run_address>0x40e0</run_address>
         <size>0xe</size>
         <input_file_ref idref="fl-f4"/>
      </object_component>
      <object_component id="oc-18">
         <name>.text:decompress:none:__TI_decompress_none</name>
         <load_address>0x40ee</load_address>
         <run_address>0x40ee</run_address>
         <size>0xe</size>
         <input_file_ref idref="fl-c9"/>
      </object_component>
      <object_component id="oc-29e">
         <name>.text:CPUcpsid</name>
         <load_address>0x40fc</load_address>
         <run_address>0x40fc</run_address>
         <size>0xc</size>
         <input_file_ref idref="fl-f5"/>
      </object_component>
      <object_component id="oc-2ed">
         <name>.text:CPUcpsie</name>
         <load_address>0x4108</load_address>
         <run_address>0x4108</run_address>
         <size>0xc</size>
         <input_file_ref idref="fl-f5"/>
      </object_component>
      <object_component id="oc-56">
         <name>.text:decompress:ZI:__TI_zero_init</name>
         <load_address>0x4114</load_address>
         <run_address>0x4114</run_address>
         <size>0xc</size>
         <input_file_ref idref="fl-c8"/>
      </object_component>
      <object_component id="oc-92">
         <name>.text:ADCIntClear</name>
         <load_address>0x4120</load_address>
         <run_address>0x4120</run_address>
         <size>0xa</size>
         <input_file_ref idref="fl-ee"/>
      </object_component>
      <object_component id="oc-35f">
         <name>.text:SSIDataPut</name>
         <load_address>0x412a</load_address>
         <run_address>0x412a</run_address>
         <size>0xa</size>
         <input_file_ref idref="fl-f2"/>
      </object_component>
      <object_component id="oc-377">
         <name>.text:SSIEnable</name>
         <load_address>0x4134</load_address>
         <run_address>0x4134</run_address>
         <size>0xa</size>
         <input_file_ref idref="fl-f2"/>
      </object_component>
      <object_component id="oc-1d7">
         <name>.text:TimerIntStatus</name>
         <load_address>0x413e</load_address>
         <run_address>0x413e</run_address>
         <size>0xa</size>
         <input_file_ref idref="fl-f4"/>
      </object_component>
      <object_component id="oc-3ac">
         <name>.text:GrMapISO8859_1_Unicode</name>
         <load_address>0x4148</load_address>
         <run_address>0x4148</run_address>
         <size>0x8</size>
         <input_file_ref idref="fl-ed"/>
      </object_component>
      <object_component id="oc-365">
         <name>.text:SSIBusy</name>
         <load_address>0x4150</load_address>
         <run_address>0x4150</run_address>
         <size>0x8</size>
         <input_file_ref idref="fl-f2"/>
      </object_component>
      <object_component id="oc-b3">
         <name>.text:TimerIntEnable</name>
         <load_address>0x4158</load_address>
         <run_address>0x4158</run_address>
         <size>0x8</size>
         <input_file_ref idref="fl-f4"/>
      </object_component>
      <object_component id="oc-403">
         <name>.text:__aeabi_errno_addr</name>
         <load_address>0x4160</load_address>
         <run_address>0x4160</run_address>
         <size>0x8</size>
         <input_file_ref idref="fl-e4"/>
      </object_component>
      <object_component id="oc-36b">
         <name>.text:GPIOPinWrite</name>
         <load_address>0x4168</load_address>
         <run_address>0x4168</run_address>
         <size>0x6</size>
         <input_file_ref idref="fl-f0"/>
      </object_component>
      <object_component id="oc-207">
         <name>.text:GrContextFontSet</name>
         <load_address>0x416e</load_address>
         <run_address>0x416e</run_address>
         <size>0x6</size>
         <input_file_ref idref="fl-eb"/>
      </object_component>
      <object_component id="oc-2c7">
         <name>.text:SysCtlDelay</name>
         <load_address>0x4174</load_address>
         <run_address>0x4174</run_address>
         <size>0x6</size>
         <input_file_ref idref="fl-f3"/>
      </object_component>
      <object_component id="oc-240">
         <name>.text:abort:abort</name>
         <load_address>0x417a</load_address>
         <run_address>0x417a</run_address>
         <size>0x4</size>
         <input_file_ref idref="fl-db"/>
      </object_component>
      <object_component id="oc-2de">
         <name>.const:.string:g_pui8FontFixed6x8Data</name>
         <load_address>0x4180</load_address>
         <run_address>0x4180</run_address>
         <size>0x2f8</size>
         <input_file_ref idref="fl-ec"/>
      </object_component>
      <object_component id="oc-2b6">
         <name>.const:g_pppui32XTALtoVCO</name>
         <load_address>0x4478</load_address>
         <run_address>0x4478</run_address>
         <size>0x120</size>
         <input_file_ref idref="fl-f3"/>
      </object_component>
      <object_component id="oc-466">
         <name>.const:.string:_ctypes_</name>
         <load_address>0x4598</load_address>
         <run_address>0x4598</run_address>
         <size>0x101</size>
         <input_file_ref idref="fl-df"/>
      </object_component>
      <object_component id="oc-204">
         <name>.const:g_sFontFixed6x8</name>
         <load_address>0x469c</load_address>
         <run_address>0x469c</run_address>
         <size>0xc8</size>
         <input_file_ref idref="fl-ec"/>
      </object_component>
      <object_component id="oc-191">
         <name>.const:g_pui32Regs</name>
         <load_address>0x4764</load_address>
         <run_address>0x4764</run_address>
         <size>0x9c</size>
         <input_file_ref idref="fl-f1"/>
      </object_component>
      <object_component id="oc-44a">
         <name>.const:g_pui32GPIOBaseAddrs</name>
         <load_address>0x4800</load_address>
         <run_address>0x4800</run_address>
         <size>0x90</size>
         <input_file_ref idref="fl-f0"/>
      </object_component>
      <object_component id="oc-196">
         <name>.const</name>
         <load_address>0x4890</load_address>
         <run_address>0x4890</run_address>
         <size>0x70</size>
         <input_file_ref idref="fl-f1"/>
      </object_component>
      <object_component id="oc-2b3">
         <name>.const:g_pui32Xtals</name>
         <load_address>0x4900</load_address>
         <run_address>0x4900</run_address>
         <size>0x6c</size>
         <input_file_ref idref="fl-f3"/>
      </object_component>
      <object_component id="oc-354">
         <name>.const:g_sXTALtoMEMTIM</name>
         <load_address>0x496c</load_address>
         <run_address>0x496c</run_address>
         <size>0x30</size>
         <input_file_ref idref="fl-f3"/>
      </object_component>
      <object_component id="oc-1fb">
         <name>.const:g_sCrystalfontz128x128</name>
         <load_address>0x499c</load_address>
         <run_address>0x499c</run_address>
         <size>0x28</size>
         <input_file_ref idref="fl-2"/>
      </object_component>
      <object_component id="oc-213">
         <name>.const:$P$T1$2</name>
         <load_address>0x49c4</load_address>
         <run_address>0x49c4</run_address>
         <size>0x10</size>
         <input_file_ref idref="fl-5"/>
      </object_component>
      <object_component id="oc-2d7">
         <name>.const</name>
         <load_address>0x49d4</load_address>
         <run_address>0x49d4</run_address>
         <size>0x10</size>
         <input_file_ref idref="fl-e8"/>
      </object_component>
      <object_component id="oc-2b9">
         <name>.const</name>
         <load_address>0x49e4</load_address>
         <run_address>0x49e4</run_address>
         <size>0x8</size>
         <input_file_ref idref="fl-f3"/>
      </object_component>
      <object_component id="oc-56c">
         <name>.cinit..data.load</name>
         <load_address>0x49f0</load_address>
         <run_address>0x49f0</run_address>
         <size>0x16</size>
      </object_component>
      <object_component id="oc-56a">
         <name>__TI_handler_table</name>
         <load_address>0x4a08</load_address>
         <run_address>0x4a08</run_address>
         <size>0xc</size>
      </object_component>
      <object_component id="oc-56d">
         <name>.cinit..bss.load</name>
         <load_address>0x4a18</load_address>
         <run_address>0x4a18</run_address>
         <size>0x8</size>
      </object_component>
      <object_component id="oc-56b">
         <name>__TI_cinit_table</name>
         <load_address>0x4a20</load_address>
         <run_address>0x4a20</run_address>
         <size>0x10</size>
      </object_component>
      <object_component id="oc-2c4">
         <name>.data:Lcd_buffer</name>
         <load_address>0x20000000</load_address>
         <run_address>0x20000000</run_address>
         <size>0x8000</size>
         <input_file_ref idref="fl-2"/>
      </object_component>
      <object_component id="oc-77">
         <name>.data</name>
         <load_address>0x20008034</load_address>
         <run_address>0x20008034</run_address>
         <size>0xd</size>
         <input_file_ref idref="fl-4"/>
      </object_component>
      <object_component id="oc-89">
         <name>.data:gJoystick</name>
         <load_address>0x20008044</load_address>
         <run_address>0x20008044</run_address>
         <size>0x8</size>
         <input_file_ref idref="fl-4"/>
      </object_component>
      <object_component id="oc-103">
         <name>.data:count$2</name>
         <load_address>0x20008000</load_address>
         <run_address>0x20008000</run_address>
         <size>0x24</size>
         <input_file_ref idref="fl-4"/>
      </object_component>
      <object_component id="oc-110">
         <name>.data</name>
         <load_address>0x20008024</load_address>
         <run_address>0x20008024</run_address>
         <size>0x10</size>
         <input_file_ref idref="fl-5"/>
      </object_component>
      <object_component id="oc-124">
         <name>.data</name>
         <load_address>0x20008050</load_address>
         <run_address>0x20008050</run_address>
         <size>0x4</size>
         <input_file_ref idref="fl-6"/>
      </object_component>
      <object_component id="oc-4cd">
         <name>.data</name>
         <load_address>0x2000804c</load_address>
         <run_address>0x2000804c</run_address>
         <size>0x4</size>
         <input_file_ref idref="fl-e4"/>
      </object_component>
      <object_component id="oc-102">
         <name>.bss:state$1</name>
         <uninitialized>true</uninitialized>
         <run_address>0x20009054</run_address>
         <size>0x14</size>
         <input_file_ref idref="fl-4"/>
      </object_component>
      <object_component id="oc-2bd">
         <name>.common:Lcd_Orientation</name>
         <uninitialized>true</uninitialized>
         <run_address>0x2000908c</run_address>
         <size>0x1</size>
      </object_component>
      <object_component id="oc-2c9">
         <name>.common:Lcd_ScreenWidth</name>
         <uninitialized>true</uninitialized>
         <run_address>0x20009086</run_address>
         <size>0x2</size>
      </object_component>
      <object_component id="oc-2c8">
         <name>.common:Lcd_ScreenHeigth</name>
         <uninitialized>true</uninitialized>
         <run_address>0x20009084</run_address>
         <size>0x2</size>
      </object_component>
      <object_component id="oc-2ca">
         <name>.common:Lcd_PenSolid</name>
         <uninitialized>true</uninitialized>
         <run_address>0x2000908d</run_address>
         <size>0x1</size>
      </object_component>
      <object_component id="oc-2cb">
         <name>.common:Lcd_FontSolid</name>
         <uninitialized>true</uninitialized>
         <run_address>0x2000908b</run_address>
         <size>0x1</size>
      </object_component>
      <object_component id="oc-2cc">
         <name>.common:Lcd_FlagRead</name>
         <uninitialized>true</uninitialized>
         <run_address>0x2000908a</run_address>
         <size>0x1</size>
      </object_component>
      <object_component id="oc-2cd">
         <name>.common:Lcd_TouchTrim</name>
         <uninitialized>true</uninitialized>
         <run_address>0x20009088</run_address>
         <size>0x2</size>
      </object_component>
      <object_component id="oc-e3">
         <name>.common:gADCSamplingRate</name>
         <uninitialized>true</uninitialized>
         <run_address>0x20009078</run_address>
         <size>0x4</size>
      </object_component>
      <object_component id="oc-7a">
         <name>.common:fifo</name>
         <uninitialized>true</uninitialized>
         <run_address>0x20009068</run_address>
         <size>0xc</size>
      </object_component>
      <object_component id="oc-aa">
         <name>.common:gSystemClock</name>
         <uninitialized>true</uninitialized>
         <run_address>0x2000907c</run_address>
         <size>0x4</size>
      </object_component>
      <object_component id="oc-12a">
         <name>.common:gADCErrors</name>
         <uninitialized>true</uninitialized>
         <run_address>0x20009074</run_address>
         <size>0x4</size>
      </object_component>
      <object_component id="oc-127">
         <name>.common:gADCBuffer</name>
         <uninitialized>true</uninitialized>
         <run_address>0x20008054</run_address>
         <size>0x1000</size>
      </object_component>
      <object_component id="oc-2da">
         <name>.common:g_psGrLibDefaults</name>
         <uninitialized>true</uninitialized>
         <run_address>0x20009080</run_address>
         <size>0x4</size>
      </object_component>
      <object_component id="oc-21">
         <name>.stack</name>
         <uninitialized>true</uninitialized>
         <run_address>0x20009090</run_address>
         <size>0x4</size>
         <input_file_ref idref="fl-cb"/>
      </object_component>
      <object_component id="oc-56e">
         <name>.stack</name>
         <uninitialized>true</uninitialized>
         <run_address>0x20009090</run_address>
         <size>0x0</size>
      </object_component>
      <object_component id="oc-1c5">
         <name>.debug_info</name>
         <load_address>0x0</load_address>
         <run_address>0x0</run_address>
         <size>0x722</size>
         <input_file_ref idref="fl-2"/>
      </object_component>
      <object_component id="oc-2c5">
         <name>.debug_info</name>
         <load_address>0x722</load_address>
         <run_address>0x722</run_address>
         <size>0x128</size>
         <input_file_ref idref="fl-2"/>
      </object_component>
      <object_component id="oc-1fc">
         <name>.debug_info</name>
         <load_address>0x84a</load_address>
         <run_address>0x84a</run_address>
         <size>0x141</size>
         <input_file_ref idref="fl-2"/>
      </object_component>
      <object_component id="oc-1f6">
         <name>.debug_info</name>
         <load_address>0x98b</load_address>
         <run_address>0x98b</run_address>
         <size>0x111d</size>
         <input_file_ref idref="fl-2"/>
      </object_component>
      <object_component id="oc-184">
         <name>.debug_info</name>
         <load_address>0x1aa8</load_address>
         <run_address>0x1aa8</run_address>
         <size>0x6bd</size>
         <input_file_ref idref="fl-2"/>
      </object_component>
      <object_component id="oc-134">
         <name>.debug_info</name>
         <load_address>0x2165</load_address>
         <run_address>0x2165</run_address>
         <size>0x26b</size>
         <input_file_ref idref="fl-2"/>
      </object_component>
      <object_component id="oc-119">
         <name>.debug_info</name>
         <load_address>0x23d0</load_address>
         <run_address>0x23d0</run_address>
         <size>0x8b</size>
         <input_file_ref idref="fl-2"/>
      </object_component>
      <object_component id="oc-1b3">
         <name>.debug_info</name>
         <load_address>0x245b</load_address>
         <run_address>0x245b</run_address>
         <size>0x297</size>
         <input_file_ref idref="fl-2"/>
      </object_component>
      <object_component id="oc-1a5">
         <name>.debug_info</name>
         <load_address>0x26f2</load_address>
         <run_address>0x26f2</run_address>
         <size>0xef</size>
         <input_file_ref idref="fl-2"/>
      </object_component>
      <object_component id="oc-114">
         <name>.debug_info</name>
         <load_address>0x27e1</load_address>
         <run_address>0x27e1</run_address>
         <size>0xbb</size>
         <input_file_ref idref="fl-2"/>
      </object_component>
      <object_component id="oc-390">
         <name>.debug_info</name>
         <load_address>0x289c</load_address>
         <run_address>0x289c</run_address>
         <size>0x6e2</size>
         <input_file_ref idref="fl-3"/>
      </object_component>
      <object_component id="oc-2bf">
         <name>.debug_info</name>
         <load_address>0x2f7e</load_address>
         <run_address>0x2f7e</run_address>
         <size>0x642</size>
         <input_file_ref idref="fl-3"/>
      </object_component>
      <object_component id="oc-7b">
         <name>.debug_info</name>
         <load_address>0x35c0</load_address>
         <run_address>0x35c0</run_address>
         <size>0x89f</size>
         <input_file_ref idref="fl-4"/>
      </object_component>
      <object_component id="oc-78">
         <name>.debug_info</name>
         <load_address>0x3e5f</load_address>
         <run_address>0x3e5f</run_address>
         <size>0x157</size>
         <input_file_ref idref="fl-4"/>
      </object_component>
      <object_component id="oc-8a">
         <name>.debug_info</name>
         <load_address>0x3fb6</load_address>
         <run_address>0x3fb6</run_address>
         <size>0x113</size>
         <input_file_ref idref="fl-4"/>
      </object_component>
      <object_component id="oc-2e">
         <name>.debug_info</name>
         <load_address>0x40c9</load_address>
         <run_address>0x40c9</run_address>
         <size>0x8fe</size>
         <input_file_ref idref="fl-4"/>
      </object_component>
      <object_component id="oc-ab">
         <name>.debug_info</name>
         <load_address>0x49c7</load_address>
         <run_address>0x49c7</run_address>
         <size>0xb45</size>
         <input_file_ref idref="fl-5"/>
      </object_component>
      <object_component id="oc-111">
         <name>.debug_info</name>
         <load_address>0x550c</load_address>
         <run_address>0x550c</run_address>
         <size>0x17f</size>
         <input_file_ref idref="fl-5"/>
      </object_component>
      <object_component id="oc-214">
         <name>.debug_info</name>
         <load_address>0x568b</load_address>
         <run_address>0x568b</run_address>
         <size>0x10b</size>
         <input_file_ref idref="fl-5"/>
      </object_component>
      <object_component id="oc-15d">
         <name>.debug_info</name>
         <load_address>0x5796</load_address>
         <run_address>0x5796</run_address>
         <size>0x5d8</size>
         <input_file_ref idref="fl-5"/>
      </object_component>
      <object_component id="oc-189">
         <name>.debug_info</name>
         <load_address>0x5d6e</load_address>
         <run_address>0x5d6e</run_address>
         <size>0xcc</size>
         <input_file_ref idref="fl-5"/>
      </object_component>
      <object_component id="oc-31e">
         <name>.debug_info</name>
         <load_address>0x5e3a</load_address>
         <run_address>0x5e3a</run_address>
         <size>0x2c</size>
         <input_file_ref idref="fl-5"/>
      </object_component>
      <object_component id="oc-128">
         <name>.debug_info</name>
         <load_address>0x5e66</load_address>
         <run_address>0x5e66</run_address>
         <size>0x7dd</size>
         <input_file_ref idref="fl-6"/>
      </object_component>
      <object_component id="oc-125">
         <name>.debug_info</name>
         <load_address>0x6643</load_address>
         <run_address>0x6643</run_address>
         <size>0x120</size>
         <input_file_ref idref="fl-6"/>
      </object_component>
      <object_component id="oc-31">
         <name>.debug_info</name>
         <load_address>0x6763</load_address>
         <run_address>0x6763</run_address>
         <size>0x498</size>
         <input_file_ref idref="fl-6"/>
      </object_component>
      <object_component id="oc-e0">
         <name>.debug_info</name>
         <load_address>0x6bfb</load_address>
         <run_address>0x6bfb</run_address>
         <size>0x1ec</size>
         <input_file_ref idref="fl-7"/>
      </object_component>
      <object_component id="oc-3f">
         <name>.debug_info</name>
         <load_address>0x6de7</load_address>
         <run_address>0x6de7</run_address>
         <size>0x84</size>
         <input_file_ref idref="fl-7"/>
      </object_component>
      <object_component id="oc-38">
         <name>.debug_info</name>
         <load_address>0x6e6b</load_address>
         <run_address>0x6e6b</run_address>
         <size>0x31c</size>
         <input_file_ref idref="fl-8"/>
      </object_component>
      <object_component id="oc-10">
         <name>.debug_info</name>
         <load_address>0x7187</load_address>
         <run_address>0x7187</run_address>
         <size>0x12b</size>
         <input_file_ref idref="fl-8"/>
      </object_component>
      <object_component id="oc-27">
         <name>.debug_info</name>
         <load_address>0x72b2</load_address>
         <run_address>0x72b2</run_address>
         <size>0x2aa</size>
         <input_file_ref idref="fl-8"/>
      </object_component>
      <object_component id="oc-1bf">
         <name>.debug_info</name>
         <load_address>0x755c</load_address>
         <run_address>0x755c</run_address>
         <size>0x2b4</size>
         <input_file_ref idref="fl-c4"/>
      </object_component>
      <object_component id="oc-121">
         <name>.debug_info</name>
         <load_address>0x7810</load_address>
         <run_address>0x7810</run_address>
         <size>0x18a</size>
         <input_file_ref idref="fl-c4"/>
      </object_component>
      <object_component id="oc-313">
         <name>.debug_info</name>
         <load_address>0x799a</load_address>
         <run_address>0x799a</run_address>
         <size>0x33b</size>
         <input_file_ref idref="fl-c5"/>
      </object_component>
      <object_component id="oc-229">
         <name>.debug_info</name>
         <load_address>0x7cd5</load_address>
         <run_address>0x7cd5</run_address>
         <size>0x1ef</size>
         <input_file_ref idref="fl-c5"/>
      </object_component>
      <object_component id="oc-307">
         <name>.debug_info</name>
         <load_address>0x7ec4</load_address>
         <run_address>0x7ec4</run_address>
         <size>0x1c4</size>
         <input_file_ref idref="fl-c5"/>
      </object_component>
      <object_component id="oc-30d">
         <name>.debug_info</name>
         <load_address>0x8088</load_address>
         <run_address>0x8088</run_address>
         <size>0x177</size>
         <input_file_ref idref="fl-c5"/>
      </object_component>
      <object_component id="oc-314">
         <name>.debug_info</name>
         <load_address>0x81ff</load_address>
         <run_address>0x81ff</run_address>
         <size>0x2c</size>
         <input_file_ref idref="fl-c5"/>
      </object_component>
      <object_component id="oc-319">
         <name>.debug_info</name>
         <load_address>0x822b</load_address>
         <run_address>0x822b</run_address>
         <size>0x69</size>
         <input_file_ref idref="fl-c5"/>
      </object_component>
      <object_component id="oc-23b">
         <name>.debug_info</name>
         <load_address>0x8294</load_address>
         <run_address>0x8294</run_address>
         <size>0x12d</size>
         <input_file_ref idref="fl-c6"/>
      </object_component>
      <object_component id="oc-46">
         <name>.debug_info</name>
         <load_address>0x83c1</load_address>
         <run_address>0x83c1</run_address>
         <size>0x11a</size>
         <input_file_ref idref="fl-c7"/>
      </object_component>
      <object_component id="oc-14d">
         <name>.debug_info</name>
         <load_address>0x84db</load_address>
         <run_address>0x84db</run_address>
         <size>0x2d5</size>
         <input_file_ref idref="fl-c8"/>
      </object_component>
      <object_component id="oc-5a">
         <name>.debug_info</name>
         <load_address>0x87b0</load_address>
         <run_address>0x87b0</run_address>
         <size>0x1b6</size>
         <input_file_ref idref="fl-c8"/>
      </object_component>
      <object_component id="oc-148">
         <name>.debug_info</name>
         <load_address>0x8966</load_address>
         <run_address>0x8966</run_address>
         <size>0x46</size>
         <input_file_ref idref="fl-c8"/>
      </object_component>
      <object_component id="oc-1ce">
         <name>.debug_info</name>
         <load_address>0x89ac</load_address>
         <run_address>0x89ac</run_address>
         <size>0x2c</size>
         <input_file_ref idref="fl-c8"/>
      </object_component>
      <object_component id="oc-4f">
         <name>.debug_info</name>
         <load_address>0x89d8</load_address>
         <run_address>0x89d8</run_address>
         <size>0x2a9</size>
         <input_file_ref idref="fl-c9"/>
      </object_component>
      <object_component id="oc-19">
         <name>.debug_info</name>
         <load_address>0x8c81</load_address>
         <run_address>0x8c81</run_address>
         <size>0x1eb</size>
         <input_file_ref idref="fl-c9"/>
      </object_component>
      <object_component id="oc-4a">
         <name>.debug_info</name>
         <load_address>0x8e6c</load_address>
         <run_address>0x8e6c</run_address>
         <size>0x46</size>
         <input_file_ref idref="fl-c9"/>
      </object_component>
      <object_component id="oc-140">
         <name>.debug_info</name>
         <load_address>0x8eb2</load_address>
         <run_address>0x8eb2</run_address>
         <size>0x2c</size>
         <input_file_ref idref="fl-c9"/>
      </object_component>
      <object_component id="oc-13e">
         <name>.debug_info</name>
         <load_address>0x8ede</load_address>
         <run_address>0x8ede</run_address>
         <size>0x29f</size>
         <input_file_ref idref="fl-ca"/>
      </object_component>
      <object_component id="oc-13">
         <name>.debug_info</name>
         <load_address>0x917d</load_address>
         <run_address>0x917d</run_address>
         <size>0x251</size>
         <input_file_ref idref="fl-ca"/>
      </object_component>
      <object_component id="oc-3a">
         <name>.debug_info</name>
         <load_address>0x93ce</load_address>
         <run_address>0x93ce</run_address>
         <size>0x60</size>
         <input_file_ref idref="fl-ca"/>
      </object_component>
      <object_component id="oc-1c7">
         <name>.debug_info</name>
         <load_address>0x942e</load_address>
         <run_address>0x942e</run_address>
         <size>0x46</size>
         <input_file_ref idref="fl-ca"/>
      </object_component>
      <object_component id="oc-139">
         <name>.debug_info</name>
         <load_address>0x9474</load_address>
         <run_address>0x9474</run_address>
         <size>0x39</size>
         <input_file_ref idref="fl-ca"/>
      </object_component>
      <object_component id="oc-22">
         <name>.debug_info</name>
         <load_address>0x94ad</load_address>
         <run_address>0x94ad</run_address>
         <size>0x10c</size>
         <input_file_ref idref="fl-cb"/>
      </object_component>
      <object_component id="oc-64">
         <name>.debug_info</name>
         <load_address>0x95b9</load_address>
         <run_address>0x95b9</run_address>
         <size>0x1aa</size>
         <input_file_ref idref="fl-cb"/>
      </object_component>
      <object_component id="oc-293">
         <name>.debug_info</name>
         <load_address>0x9763</load_address>
         <run_address>0x9763</run_address>
         <size>0x291</size>
         <input_file_ref idref="fl-cc"/>
      </object_component>
      <object_component id="oc-1ba">
         <name>.debug_info</name>
         <load_address>0x99f4</load_address>
         <run_address>0x99f4</run_address>
         <size>0x183</size>
         <input_file_ref idref="fl-cc"/>
      </object_component>
      <object_component id="oc-34e">
         <name>.debug_info</name>
         <load_address>0x9b77</load_address>
         <run_address>0x9b77</run_address>
         <size>0x46</size>
         <input_file_ref idref="fl-cc"/>
      </object_component>
      <object_component id="oc-294">
         <name>.debug_info</name>
         <load_address>0x9bbd</load_address>
         <run_address>0x9bbd</run_address>
         <size>0x39</size>
         <input_file_ref idref="fl-cc"/>
      </object_component>
      <object_component id="oc-40a">
         <name>.debug_info</name>
         <load_address>0x9bf6</load_address>
         <run_address>0x9bf6</run_address>
         <size>0x57c</size>
         <input_file_ref idref="fl-cd"/>
      </object_component>
      <object_component id="oc-3d8">
         <name>.debug_info</name>
         <load_address>0xa172</load_address>
         <run_address>0xa172</run_address>
         <size>0x21f</size>
         <input_file_ref idref="fl-cd"/>
      </object_component>
      <object_component id="oc-49a">
         <name>.debug_info</name>
         <load_address>0xa391</load_address>
         <run_address>0xa391</run_address>
         <size>0x1b4</size>
         <input_file_ref idref="fl-cd"/>
      </object_component>
      <object_component id="oc-49f">
         <name>.debug_info</name>
         <load_address>0xa545</load_address>
         <run_address>0xa545</run_address>
         <size>0x21c</size>
         <input_file_ref idref="fl-cd"/>
      </object_component>
      <object_component id="oc-3e3">
         <name>.debug_info</name>
         <load_address>0xa761</load_address>
         <run_address>0xa761</run_address>
         <size>0x3bc</size>
         <input_file_ref idref="fl-cd"/>
      </object_component>
      <object_component id="oc-4a7">
         <name>.debug_info</name>
         <load_address>0xab1d</load_address>
         <run_address>0xab1d</run_address>
         <size>0x306</size>
         <input_file_ref idref="fl-cd"/>
      </object_component>
      <object_component id="oc-4ad">
         <name>.debug_info</name>
         <load_address>0xae23</load_address>
         <run_address>0xae23</run_address>
         <size>0x216</size>
         <input_file_ref idref="fl-cd"/>
      </object_component>
      <object_component id="oc-3e8">
         <name>.debug_info</name>
         <load_address>0xb039</load_address>
         <run_address>0xb039</run_address>
         <size>0x216</size>
         <input_file_ref idref="fl-cd"/>
      </object_component>
      <object_component id="oc-3ee">
         <name>.debug_info</name>
         <load_address>0xb24f</load_address>
         <run_address>0xb24f</run_address>
         <size>0x305</size>
         <input_file_ref idref="fl-cd"/>
      </object_component>
      <object_component id="oc-3f4">
         <name>.debug_info</name>
         <load_address>0xb554</load_address>
         <run_address>0xb554</run_address>
         <size>0x4b1</size>
         <input_file_ref idref="fl-cd"/>
      </object_component>
      <object_component id="oc-304">
         <name>.debug_info</name>
         <load_address>0xba05</load_address>
         <run_address>0xba05</run_address>
         <size>0x5f5</size>
         <input_file_ref idref="fl-cd"/>
      </object_component>
      <object_component id="oc-40b">
         <name>.debug_info</name>
         <load_address>0xbffa</load_address>
         <run_address>0xbffa</run_address>
         <size>0x86</size>
         <input_file_ref idref="fl-cd"/>
      </object_component>
      <object_component id="oc-4d4">
         <name>.debug_info</name>
         <load_address>0xc080</load_address>
         <run_address>0xc080</run_address>
         <size>0x39</size>
         <input_file_ref idref="fl-cd"/>
      </object_component>
      <object_component id="oc-52d">
         <name>.debug_info</name>
         <load_address>0xc0b9</load_address>
         <run_address>0xc0b9</run_address>
         <size>0xb6</size>
         <input_file_ref idref="fl-cd"/>
      </object_component>
      <object_component id="oc-4d9">
         <name>.debug_info</name>
         <load_address>0xc16f</load_address>
         <run_address>0xc16f</run_address>
         <size>0x46</size>
         <input_file_ref idref="fl-cd"/>
      </object_component>
      <object_component id="oc-410">
         <name>.debug_info</name>
         <load_address>0xc1b5</load_address>
         <run_address>0xc1b5</run_address>
         <size>0x46</size>
         <input_file_ref idref="fl-cd"/>
      </object_component>
      <object_component id="oc-510">
         <name>.debug_info</name>
         <load_address>0xc1fb</load_address>
         <run_address>0xc1fb</run_address>
         <size>0x29b</size>
         <input_file_ref idref="fl-ce"/>
      </object_component>
      <object_component id="oc-4b4">
         <name>.debug_info</name>
         <load_address>0xc496</load_address>
         <run_address>0xc496</run_address>
         <size>0x196</size>
         <input_file_ref idref="fl-ce"/>
      </object_component>
      <object_component id="oc-539">
         <name>.debug_info</name>
         <load_address>0xc62c</load_address>
         <run_address>0xc62c</run_address>
         <size>0x39</size>
         <input_file_ref idref="fl-ce"/>
      </object_component>
      <object_component id="oc-511">
         <name>.debug_info</name>
         <load_address>0xc665</load_address>
         <run_address>0xc665</run_address>
         <size>0x2c</size>
         <input_file_ref idref="fl-ce"/>
      </object_component>
      <object_component id="oc-51d">
         <name>.debug_info</name>
         <load_address>0xc691</load_address>
         <run_address>0xc691</run_address>
         <size>0x2fe</size>
         <input_file_ref idref="fl-cf"/>
      </object_component>
      <object_component id="oc-4b8">
         <name>.debug_info</name>
         <load_address>0xc98f</load_address>
         <run_address>0xc98f</run_address>
         <size>0x226</size>
         <input_file_ref idref="fl-cf"/>
      </object_component>
      <object_component id="oc-46d">
         <name>.debug_info</name>
         <load_address>0xcbb5</load_address>
         <run_address>0xcbb5</run_address>
         <size>0x135</size>
         <input_file_ref idref="fl-d0"/>
      </object_component>
      <object_component id="oc-151">
         <name>.debug_info</name>
         <load_address>0xccea</load_address>
         <run_address>0xccea</run_address>
         <size>0x148</size>
         <input_file_ref idref="fl-d1"/>
      </object_component>
      <object_component id="oc-492">
         <name>.debug_info</name>
         <load_address>0xce32</load_address>
         <run_address>0xce32</run_address>
         <size>0x14d</size>
         <input_file_ref idref="fl-d2"/>
      </object_component>
      <object_component id="oc-3db">
         <name>.debug_info</name>
         <load_address>0xcf7f</load_address>
         <run_address>0xcf7f</run_address>
         <size>0x129</size>
         <input_file_ref idref="fl-d3"/>
      </object_component>
      <object_component id="oc-47f">
         <name>.debug_info</name>
         <load_address>0xd0a8</load_address>
         <run_address>0xd0a8</run_address>
         <size>0x12b</size>
         <input_file_ref idref="fl-d3"/>
      </object_component>
      <object_component id="oc-479">
         <name>.debug_info</name>
         <load_address>0xd1d3</load_address>
         <run_address>0xd1d3</run_address>
         <size>0x13b</size>
         <input_file_ref idref="fl-d4"/>
      </object_component>
      <object_component id="oc-475">
         <name>.debug_info</name>
         <load_address>0xd30e</load_address>
         <run_address>0xd30e</run_address>
         <size>0x13b</size>
         <input_file_ref idref="fl-d5"/>
      </object_component>
      <object_component id="oc-482">
         <name>.debug_info</name>
         <load_address>0xd449</load_address>
         <run_address>0xd449</run_address>
         <size>0x12f</size>
         <input_file_ref idref="fl-d6"/>
      </object_component>
      <object_component id="oc-48e">
         <name>.debug_info</name>
         <load_address>0xd578</load_address>
         <run_address>0xd578</run_address>
         <size>0x12d</size>
         <input_file_ref idref="fl-d7"/>
      </object_component>
      <object_component id="oc-337">
         <name>.debug_info</name>
         <load_address>0xd6a5</load_address>
         <run_address>0xd6a5</run_address>
         <size>0x4b4</size>
         <input_file_ref idref="fl-d8"/>
      </object_component>
      <object_component id="oc-24d">
         <name>.debug_info</name>
         <load_address>0xdb59</load_address>
         <run_address>0xdb59</run_address>
         <size>0x1a7</size>
         <input_file_ref idref="fl-d8"/>
      </object_component>
      <object_component id="oc-430">
         <name>.debug_info</name>
         <load_address>0xdd00</load_address>
         <run_address>0xdd00</run_address>
         <size>0x39</size>
         <input_file_ref idref="fl-d8"/>
      </object_component>
      <object_component id="oc-4e2">
         <name>.debug_info</name>
         <load_address>0xdd39</load_address>
         <run_address>0xdd39</run_address>
         <size>0x39</size>
         <input_file_ref idref="fl-d8"/>
      </object_component>
      <object_component id="oc-435">
         <name>.debug_info</name>
         <load_address>0xdd72</load_address>
         <run_address>0xdd72</run_address>
         <size>0x39</size>
[...]
      <symbol id="sm-15c">
         <name>gADCErrors</name>
         <value>0x20009074</value>
      </symbol>
      <symbol id="sm-15d">
         <name>gADCBuffer</name>
         <value>0x20008054</value>
      </symbol>
      <symbol id="sm-15e">
         <name>gADCBufferIndex</name>
         <value>0x20008050</value>
         <object_component_ref idref="oc-124"/>
      </symbol>
      <symbol id="sm-15f">
         <name>ADC_ISR</name>
         <value>0x2201</value>
         <object_component_ref idref="oc-30"/>
      </symbol>
      <symbol id="sm-160">
         <name>getTriggerIndex</name>
         <value>0x2181</value>
         <object_component_ref idref="oc-30"/>
      </symbol>
      <symbol id="sm-161">
         <name>voltageScale</name>
         <value>0x2141</value>
         <object_component_ref idref="oc-30"/>
      </symbol>
      <symbol id="sm-162">
         <name>ADC1_Init</name>
         <value>0x2259</value>
         <object_component_ref idref="oc-30"/>
      </symbol>
      <symbol id="sm-171">
         <name>SysCtlFrequencyGet</name>
         <value>0x39a9</value>
         <object_component_ref idref="oc-dd"/>
      </symbol>
      <symbol id="sm-18d">
         <name>ResetISR</name>
         <value>0x3f49</value>
         <object_component_ref idref="oc-24"/>
      </symbol>
      <symbol id="sm-18e">
         <name>g_pfnVectors</name>
         <value>0x0</value>
         <object_component_ref idref="oc-f"/>
      </symbol>
      <symbol id="sm-19d">
         <name>roundf</name>
         <value>0x3503</value>
         <object_component_ref idref="oc-11e"/>
      </symbol>
      <symbol id="sm-1cc">
         <name>snprintf</name>
         <value>0x3911</value>
         <object_component_ref idref="oc-228"/>
      </symbol>
      <symbol id="sm-1d7">
         <name>__aeabi_f2d</name>
         <value>0x3c8f</value>
         <object_component_ref idref="oc-23a"/>
      </symbol>
      <symbol id="sm-1f2">
         <name>memcpy</name>
         <value>0x305b</value>
         <object_component_ref idref="oc-44"/>
      </symbol>
      <symbol id="sm-1f3">
         <name>__aeabi_memcpy</name>
         <value>0x305b</value>
         <object_component_ref idref="oc-44"/>
      </symbol>
      <symbol id="sm-1f4">
         <name>__aeabi_memcpy8</name>
         <value>0x305b</value>
         <object_component_ref idref="oc-44"/>
      </symbol>
      <symbol id="sm-1f5">
         <name>__aeabi_memcpy4</name>
         <value>0x305b</value>
         <object_component_ref idref="oc-44"/>
      </symbol>
      <symbol id="sm-20c">
         <name>__TI_zero_init</name>
         <value>0x4115</value>
         <object_component_ref idref="oc-56"/>
      </symbol>
      <symbol id="sm-223">
         <name>__TI_decompress_none</name>
         <value>0x40ef</value>
         <object_component_ref idref="oc-18"/>
      </symbol>
      <symbol id="sm-246">
         <name>__TI_decompress_lzss</name>
         <value>0x3641</value>
         <object_component_ref idref="oc-12"/>
      </symbol>
      <symbol id="sm-259">
         <name>__stack</name>
         <value>0x20009090</value>
         <object_component_ref idref="oc-21"/>
      </symbol>
      <symbol id="sm-25a">
         <name>_c_int00_noargs</name>
         <value>0x3d31</value>
         <object_component_ref idref="oc-62"/>
      </symbol>
      <symbol id="sm-27c">
         <name>floorf</name>
         <value>0x3321</value>
         <object_component_ref idref="oc-1b8"/>
      </symbol>
      <symbol id="sm-3e1">
         <name>__TI_printfi</name>
         <value>0x209</value>
         <object_component_ref idref="oc-300"/>
      </symbol>
      <symbol id="sm-401">
         <name>frexpl</name>
         <value>0x36a9</value>
         <object_component_ref idref="oc-4b1"/>
      </symbol>
      <symbol id="sm-402">
         <name>frexp</name>
         <value>0x36a9</value>
         <object_component_ref idref="oc-4b1"/>
      </symbol>
      <symbol id="sm-41f">
         <name>scalbn</name>
         <value>0x2b11</value>
         <object_component_ref idref="oc-4b7"/>
      </symbol>
      <symbol id="sm-420">
         <name>scalbnl</name>
         <value>0x2b11</value>
         <object_component_ref idref="oc-4b7"/>
      </symbol>
      <symbol id="sm-421">
         <name>ldexpl</name>
         <value>0x2b11</value>
         <object_component_ref idref="oc-4b7"/>
      </symbol>
      <symbol id="sm-422">
         <name>ldexp</name>
         <value>0x2b11</value>
         <object_component_ref idref="oc-4b7"/>
      </symbol>
      <symbol id="sm-42f">
         <name>__aeabi_uldivmod</name>
         <value>0x30f7</value>
         <object_component_ref idref="oc-46b"/>
      </symbol>
      <symbol id="sm-43e">
         <name>__aeabi_memset</name>
         <value>0x341d</value>
         <object_component_ref idref="oc-14e"/>
      </symbol>
      <symbol id="sm-43f">
         <name>memset</name>
         <value>0x3423</value>
         <object_component_ref idref="oc-14e"/>
      </symbol>
      <symbol id="sm-440">
         <name>__aeabi_memset8</name>
         <value>0x341d</value>
         <object_component_ref idref="oc-14e"/>
      </symbol>
      <symbol id="sm-441">
         <name>__aeabi_memset4</name>
         <value>0x341d</value>
         <object_component_ref idref="oc-14e"/>
      </symbol>
      <symbol id="sm-442">
         <name>__aeabi_memclr8</name>
         <value>0x341b</value>
         <object_component_ref idref="oc-14e"/>
      </symbol>
      <symbol id="sm-443">
         <name>__aeabi_memclr4</name>
         <value>0x341b</value>
         <object_component_ref idref="oc-14e"/>
      </symbol>
      <symbol id="sm-444">
         <name>__aeabi_memclr</name>
         <value>0x341b</value>
         <object_component_ref idref="oc-14e"/>
      </symbol>
      <symbol id="sm-45b">
         <name>__aeabi_dsub</name>
         <value>0x230d</value>
         <object_component_ref idref="oc-491"/>
      </symbol>
      <symbol id="sm-45c">
         <name>__aeabi_dadd</name>
         <value>0x2317</value>
         <object_component_ref idref="oc-491"/>
      </symbol>
      <symbol id="sm-47e">
         <name>__aeabi_cdcmpeq</name>
         <value>0x3213</value>
         <object_component_ref idref="oc-3da"/>
      </symbol>
      <symbol id="sm-47f">
         <name>__aeabi_cdcmple</name>
         <value>0x3213</value>
         <object_component_ref idref="oc-3da"/>
      </symbol>
      <symbol id="sm-480">
         <name>__aeabi_cdrcmple</name>
         <value>0x3299</value>
         <object_component_ref idref="oc-47c"/>
      </symbol>
      <symbol id="sm-494">
         <name>__aeabi_ddiv</name>
         <value>0x2785</value>
         <object_component_ref idref="oc-477"/>
      </symbol>
      <symbol id="sm-49f">
         <name>__aeabi_dmul</name>
         <value>0x2d27</value>
         <object_component_ref idref="oc-472"/>
      </symbol>
      <symbol id="sm-4a9">
         <name>__aeabi_d2iz</name>
         <value>0x3a85</value>
         <object_component_ref idref="oc-481"/>
      </symbol>
      <symbol id="sm-4b3">
         <name>__aeabi_i2d</name>
         <value>0x3df1</value>
         <object_component_ref idref="oc-48c"/>
      </symbol>
      <symbol id="sm-4db">
         <name>__TI_auto_init_nobinit_nopinit</name>
         <value>0x3b59</value>
         <object_component_ref idref="oc-24c"/>
      </symbol>
      <symbol id="sm-4e5">
         <name>_system_pre_init</name>
         <value>0x213d</value>
         <object_component_ref idref="oc-154"/>
      </symbol>
      <symbol id="sm-4f1">
         <name>C$$EXIT</name>
         <value>0x417b</value>
         <object_component_ref idref="oc-240"/>
      </symbol>
      <symbol id="sm-4f2">
         <name>abort</name>
         <value>0x417b</value>
         <object_component_ref idref="oc-240"/>
      </symbol>
      <symbol id="sm-50a">
         <name>atoi</name>
         <value>0x38c5</value>
         <object_component_ref idref="oc-3ce"/>
      </symbol>
      <symbol id="sm-515">
         <name>_ctypes_</name>
         <value>0x4598</value>
         <object_component_ref idref="oc-466"/>
      </symbol>
      <symbol id="sm-524">
         <name>ltoa</name>
         <value>0x381d</value>
         <object_component_ref idref="oc-486"/>
      </symbol>
      <symbol id="sm-534">
         <name>memccpy</name>
         <value>0x3f11</value>
         <object_component_ref idref="oc-3f7"/>
      </symbol>
      <symbol id="sm-544">
         <name>strchr</name>
         <value>0x3fd9</value>
         <object_component_ref idref="oc-4bd"/>
      </symbol>
      <symbol id="sm-552">
         <name>strlen</name>
         <value>0x4005</value>
         <object_component_ref idref="oc-3c8"/>
      </symbol>
      <symbol id="sm-568">
         <name>__aeabi_errno_addr</name>
         <value>0x4161</value>
         <object_component_ref idref="oc-403"/>
      </symbol>
      <symbol id="sm-569">
         <name>errno</name>
         <value>0x2000804c</value>
         <object_component_ref idref="oc-4cd"/>
      </symbol>
      <symbol id="sm-582">
         <name>wcslen</name>
         <value>0x4061</value>
         <object_component_ref idref="oc-3fd"/>
      </symbol>
      <symbol id="sm-58c">
         <name>copysign</name>
         <value>0x3f2d</value>
         <object_component_ref idref="oc-516"/>
      </symbol>
      <symbol id="sm-58d">
         <name>copysignl</name>
         <value>0x3f2d</value>
         <object_component_ref idref="oc-516"/>
      </symbol>
      <symbol id="sm-597">
         <name>__aeabi_idiv0</name>
         <value>0xc57</value>
         <object_component_ref idref="oc-4fd"/>
      </symbol>
      <symbol id="sm-598">
         <name>__aeabi_ldiv0</name>
         <value>0xc57</value>
         <object_component_ref idref="oc-4fd"/>
      </symbol>
      <symbol id="sm-5bd">
         <name>GrContextInit</name>
         <value>0x3571</value>
         <object_component_ref idref="oc-1fe"/>
      </symbol>
      <symbol id="sm-5be">
         <name>g_psDefaultCodePointMapTable</name>
         <value>0x49d4</value>
         <object_component_ref idref="oc-2d7"/>
      </symbol>
      <symbol id="sm-602">
         <name>GrLineDrawH</name>
         <value>0x3acd</value>
         <object_component_ref idref="oc-21c"/>
      </symbol>
      <symbol id="sm-603">
         <name>GrLineDrawV</name>
         <value>0x3b13</value>
         <object_component_ref idref="oc-222"/>
      </symbol>
      <symbol id="sm-604">
         <name>GrLineDraw</name>
         <value>0x2c21</value>
         <object_component_ref idref="oc-234"/>
      </symbol>
      <symbol id="sm-612">
         <name>GrRectFill</name>
         <value>0x318d</value>
         <object_component_ref idref="oc-216"/>
      </symbol>
      <symbol id="sm-6a1">
         <name>GrFontInfoGet</name>
         <value>0x3e49</value>
         <object_component_ref idref="oc-393"/>
      </symbol>
      <symbol id="sm-6a2">
         <name>GrDefaultStringRenderer</name>
         <value>0x2e23</value>
         <object_component_ref idref="oc-2d1"/>
      </symbol>
      <symbol id="sm-6a3">
         <name>GrFontGlyphRender</name>
         <value>0x1b11</value>
         <object_component_ref idref="oc-3a5"/>
      </symbol>
      <symbol id="sm-6a4">
         <name>GrContextFontSet</name>
         <value>0x416f</value>
         <object_component_ref idref="oc-207"/>
      </symbol>
      <symbol id="sm-6a5">
         <name>GrFontGlyphDataGet</name>
         <value>0x3e95</value>
         <object_component_ref idref="oc-39f"/>
      </symbol>
      <symbol id="sm-6a6">
         <name>GrStringDraw</name>
         <value>0x3fc3</value>
         <object_component_ref idref="oc-22e"/>
      </symbol>
      <symbol id="sm-6a7">
         <name>GrFontCodepageGet</name>
         <value>0x3ed5</value>
         <object_component_ref idref="oc-3ba"/>
      </symbol>
      <symbol id="sm-6a8">
         <name>GrStringNextCharGet</name>
         <value>0x3dc3</value>
         <object_component_ref idref="oc-399"/>
      </symbol>
      <symbol id="sm-6ba">
         <name>g_sFontFixed6x8</name>
         <value>0x469c</value>
         <object_component_ref idref="oc-204"/>
      </symbol>
      <symbol id="sm-6c7">
         <name>GrMapISO8859_1_Unicode</name>
         <value>0x4149</value>
         <object_component_ref idref="oc-3ac"/>
      </symbol>
      <symbol id="sm-724">
         <name>ADCProcessorTrigger</name>
         <value>0x3f7b</value>
         <object_component_ref idref="oc-7d"/>
      </symbol>
      <symbol id="sm-725">
         <name>ADCSequenceEnable</name>
         <value>0x40d3</value>
         <object_component_ref idref="oc-fc"/>
      </symbol>
      <symbol id="sm-726">
         <name>ADCSequenceConfigure</name>
         <value>0x3b9d</value>
         <object_component_ref idref="oc-f0"/>
      </symbol>
      <symbol id="sm-727">
         <name>ADCIntEnable</name>
         <value>0x4073</value>
         <object_component_ref idref="oc-12b"/>
      </symbol>
      <symbol id="sm-728">
         <name>ADCSequenceStepConfigure</name>
         <value>0x33a1</value>
         <object_component_ref idref="oc-f6"/>
      </symbol>
      <symbol id="sm-729">
         <name>ADCIntClear</name>
         <value>0x4121</value>
         <object_component_ref idref="oc-92"/>
      </symbol>
      <symbol id="sm-72a">
         <name>ADCIntStatus</name>
         <value>0x3d95</value>
         <object_component_ref idref="oc-83"/>
      </symbol>
      <symbol id="sm-72b">
         <name>ADCSequenceDisable</name>
         <value>0x40c5</value>
         <object_component_ref idref="oc-ea"/>
      </symbol>
      <symbol id="sm-72c">
         <name>ADCClockConfigSet</name>
         <value>0x3f63</value>
         <object_component_ref idref="oc-e4"/>
      </symbol>
      <symbol id="sm-72d">
         <name>ADCSequenceDataGet</name>
         <value>0x3eb7</value>
         <object_component_ref idref="oc-8c"/>
      </symbol>
      <symbol id="sm-743">
         <name>FPULazyStackingEnable</name>
         <value>0x4095</value>
         <object_component_ref idref="oc-1e9"/>
      </symbol>
      <symbol id="sm-744">
         <name>FPUEnable</name>
         <value>0x4085</value>
         <object_component_ref idref="oc-1e3"/>
      </symbol>
      <symbol id="sm-79e">
         <name>GPIOPinConfigure</name>
         <value>0x39f5</value>
         <object_component_ref idref="oc-383"/>
      </symbol>
      <symbol id="sm-79f">
         <name>GPIOPinTypeADC</name>
         <value>0x4019</value>
         <object_component_ref idref="oc-d7"/>
      </symbol>
      <symbol id="sm-7a0">
         <name>GPIOPinTypeGPIOInput</name>
         <value>0x402b</value>
         <object_component_ref idref="oc-cb"/>
      </symbol>
      <symbol id="sm-7a1">
         <name>GPIOPinTypeGPIOOutput</name>
         <value>0x3f93</value>
         <object_component_ref idref="oc-389"/>
      </symbol>
      <symbol id="sm-7a2">
         <name>GPIOPinRead</name>
         <value>0x24c3</value>
         <object_component_ref idref="oc-10a"/>
      </symbol>
      <symbol id="sm-7a3">
         <name>GPIODirModeSet</name>
         <value>0x3e1f</value>
         <object_component_ref idref="oc-19a"/>
      </symbol>
      <symbol id="sm-7a4">
         <name>GPIOPinWrite</name>
         <value>0x4169</value>
         <object_component_ref idref="oc-36b"/>
      </symbol>
      <symbol id="sm-7a5">
         <name>GPIOPadConfigSet</name>
         <value>0x28bb</value>
         <object_component_ref idref="oc-d1"/>
      </symbol>
      <symbol id="sm-7a6">
         <name>GPIOPinTypeSSI</name>
         <value>0x403d</value>
         <object_component_ref idref="oc-37d"/>
      </symbol>
      <symbol id="sm-7f0">
         <name>IntPrioritySet</name>
         <value>0x3e71</value>
         <object_component_ref idref="oc-bf"/>
      </symbol>
      <symbol id="sm-7f1">
         <name>IntEnable</name>
         <value>0x35d9</value>
         <object_component_ref idref="oc-c5"/>
      </symbol>
      <symbol id="sm-7f2">
         <name>IntMasterDisable</name>
         <value>0x40a5</value>
         <object_component_ref idref="oc-1dd"/>
      </symbol>
      <symbol id="sm-7f3">
         <name>IntMasterEnable</name>
         <value>0x40b5</value>
         <object_component_ref idref="oc-20d"/>
      </symbol>
      <symbol id="sm-81a">
         <name>SSIDataPut</name>
         <value>0x412b</value>
         <object_component_ref idref="oc-35f"/>
      </symbol>
      <symbol id="sm-81b">
         <name>SSIConfigSetExpClk</name>
         <value>0x3c19</value>
         <object_component_ref idref="oc-371"/>
      </symbol>
      <symbol id="sm-81c">
         <name>SSIEnable</name>
         <value>0x4135</value>
         <object_component_ref idref="oc-377"/>
      </symbol>
      <symbol id="sm-81d">
         <name>SSIBusy</name>
         <value>0x4151</value>
         <object_component_ref idref="oc-365"/>
      </symbol>
      <symbol id="sm-88d">
         <name>SysCtlDelay</name>
         <value>0x4175</value>
         <object_component_ref idref="oc-2c7"/>
      </symbol>
      <symbol id="sm-88e">
         <name>SysCtlPeripheralEnable</name>
         <value>0x3cfd</value>
         <object_component_ref idref="oc-98"/>
      </symbol>
      <symbol id="sm-88f">
         <name>SysCtlClockFreqSet</name>
         <value>0x1d69</value>
         <object_component_ref idref="oc-1ef"/>
      </symbol>
      <symbol id="sm-8d5">
         <name>TimerLoadSet</name>
         <value>0x404f</value>
         <object_component_ref idref="oc-ad"/>
      </symbol>
      <symbol id="sm-8d6">
         <name>TimerDisable</name>
         <value>0x3ff1</value>
         <object_component_ref idref="oc-9e"/>
      </symbol>
      <symbol id="sm-8d7">
         <name>TimerEnable</name>
         <value>0x40e1</value>
         <object_component_ref idref="oc-b9"/>
      </symbol>
      <symbol id="sm-8d8">
         <name>TimerIntStatus</name>
         <value>0x413f</value>
         <object_component_ref idref="oc-1d7"/>
      </symbol>
      <symbol id="sm-8d9">
         <name>TimerIntEnable</name>
         <value>0x4159</value>
         <object_component_ref idref="oc-b3"/>
      </symbol>
      <symbol id="sm-8da">
         <name>TimerConfigure</name>
         <value>0x370d</value>
         <object_component_ref idref="oc-a4"/>
      </symbol>
      <symbol id="sm-8db">
         <name>TimerIntClear</name>
         <value>0x110d</value>
         <object_component_ref idref="oc-104"/>
      </symbol>
      <symbol id="sm-8ed">
         <name>CPUcpsie</name>
         <value>0x4109</value>
         <object_component_ref idref="oc-2ed"/>
      </symbol>
      <symbol id="sm-8ee">
         <name>CPUcpsid</name>
         <value>0x40fd</value>
         <object_component_ref idref="oc-29e"/>
      </symbol>
      <symbol id="sm-8ef">
         <name>__TI_static_base__</name>
         <value>0x0</value>
      </symbol>
      <symbol id="sm-8f2">
         <name>__mpu_init</name>
         <value>0x0</value>
      </symbol>
      <symbol id="sm-8f3">
         <name>_system_post_cinit</name>
         <value>0x0</value>
      </symbol>
   </symbol_table>
   <title>Link successful</title>
</link_info>
